killed   interp.py:158:ifneg#0 0.6s
killed   interp.py:160:ifneg#1 0.6s
killed   interp.py:165:ifneg#2 0.6s
killed   interp.py:176:ifneg#3 0.5s
killed   interp.py:178:ifneg#4 0.5s
killed   interp.py:181:ifneg#5 0.5s
killed   interp.py:183:ifneg#6 0.5s
killed   interp.py:189:ifneg#7 0.5s
killed   interp.py:191:ifneg#8 0.5s
killed   interp.py:200:ifneg#9 0.6s
killed   interp.py:202:ifneg#10 0.7s
killed   interp.py:209:ifneg#11 0.5s
killed   interp.py:211:ifneg#12 1.0s
killed   interp.py:219:ifneg#13 0.5s
killed   interp.py:222:ifneg#14 0.5s
killed   interp.py:230:ifneg#15 0.5s
killed   interp.py:243:ifneg#16 0.5s
killed   interp.py:245:ifneg#17 0.6s
killed   interp.py:249:ifneg#18 0.5s
killed   interp.py:260:ifneg#19 0.9s
killed   interp.py:262:ifneg#20 0.9s
killed   interp.py:264:ifneg#21 0.9s
killed   interp.py:266:ifneg#22 0.9s
killed   interp.py:268:ifneg#23 0.9s
killed   interp.py:270:ifneg#24 0.9s
killed   interp.py:272:ifneg#25 0.9s
killed   interp.py:274:ifneg#26 0.9s
killed   interp.py:276:ifneg#27 0.9s
killed   interp.py:278:ifneg#28 0.9s
killed   interp.py:287:ifneg#29 0.9s
killed   interp.py:1726:ifneg#30 0.8s
killed   interp.py:1743:ifneg#31 0.8s
killed   interp.py:1758:ifneg#32 0.8s
killed   interp.py:1773:ifneg#33 0.8s
killed   interp.py:1789:ifneg#34 0.9s
killed   interp.py:1805:ifneg#35 0.8s
killed   interp.py:1818:ifneg#36 0.8s
killed   interp.py:1888:ifneg#37 0.6s
killed   interp.py:1947:ifneg#38 0.8s
killed   interp.py:1956:ifneg#39 0.9s
killed   interp.py:1958:ifneg#40 0.8s
killed   interp.py:1964:ifneg#41 0.5s
killed   interp.py:1966:ifneg#42 0.5s
killed   interp.py:1973:ifneg#43 0.8s
killed   interp.py:1981:ifneg#44 0.6s
killed   interp.py:2014:ifneg#45 0.9s
killed   interp.py:141:bool#46 0.8s
survived interp.py:147:const#47 53.8s
killed   interp.py:149:cmp#48 57.0s
killed   interp.py:160:cmp#49 0.7s
killed   interp.py:161:ifneg#50 0.6s
killed   interp.py:165:cmp#51 0.8s
killed   interp.py:166:ifneg#52 0.7s
killed   interp.py:178:not#53 0.6s
killed   interp.py:181:bool#54 0.6s
killed   interp.py:183:bool#55 0.6s
killed   interp.py:191:not#56 0.5s
killed   interp.py:202:not#57 0.8s
killed   interp.py:211:not#58 1.2s
killed   interp.py:219:bool#59 0.6s
killed   interp.py:223:ifneg#60 0.6s
killed   interp.py:226:ifneg#61 0.6s
killed   interp.py:231:ifneg#62 0.6s
killed   interp.py:234:ifneg#63 0.6s
killed   interp.py:245:not#64 0.6s
killed   interp.py:249:cmp#65 0.6s
killed   interp.py:260:bool#66 23.7s
survived interp.py:262:bool#67 53.7s
killed   interp.py:264:cmp#68 1.0s
killed   interp.py:266:cmp#69 1.0s
killed   interp.py:268:cmp#70 0.9s
killed   interp.py:270:cmp#71 1.0s
killed   interp.py:272:cmp#72 0.9s
killed   interp.py:274:cmp#73 1.0s
killed   interp.py:276:cmp#74 1.0s
killed   interp.py:278:cmp#75 1.0s
killed   interp.py:287:cmp#76 1.0s
killed   interp.py:295:const#77 7.0s
killed   interp.py:302:const#78 66.9s
killed   interp.py:317:const#79 66.7s
survived interp.py:356:ifneg#80 48.2s
killed   interp.py:372:ifneg#81 11.4s
----- relaunch Tue Aug 25 21:04:01 +07 2026
resuming: 82 of 1226 mutants already checkpointed
killed   interp.py:419:ifneg#82 69.0s
killed   interp.py:421:ifneg#83 69.3s
killed   interp.py:425:ifneg#84 68.6s
survived interp.py:430:ifneg#85 0.5s
killed   interp.py:436:ifneg#86 0.6s
killed   interp.py:597:ifneg#87 0.9s
killed   interp.py:613:ifneg#88 0.8s
killed   interp.py:619:ifneg#89 0.8s
killed   interp.py:626:ifneg#90 1.0s
killed   interp.py:630:ifneg#91 1.0s
killed   interp.py:637:ifneg#92 1.1s
killed   interp.py:723:ifneg#93 0.9s
survived interp.py:736:ifneg#94 52.6s
killed   interp.py:738:ifneg#95 10.0s
survived interp.py:763:ifneg#96 53.1s
killed   interp.py:765:ifneg#97 1.1s
killed   interp.py:768:ifneg#98 3.2s
killed   interp.py:772:ifneg#99 3.4s
killed   interp.py:778:ifneg#100 3.9s
survived interp.py:796:ifneg#101 49.0s
killed   interp.py:801:ifneg#102 4.9s
survived interp.py:819:ifneg#103 53.1s
killed   interp.py:821:ifneg#104 0.8s
killed   interp.py:827:ifneg#105 13.3s
survived interp.py:830:ifneg#106 53.5s
killed   interp.py:832:ifneg#107 0.7s
killed   interp.py:836:ifneg#108 0.7s
killed   interp.py:910:ifneg#109 7.1s
killed   interp.py:922:const#110 68.1s
killed   interp.py:933:ifneg#111 1.3s
killed   interp.py:935:ifneg#112 1.3s
killed   interp.py:968:ifneg#113 11.1s
killed   interp.py:970:ifneg#114 12.8s
survived interp.py:973:ifneg#115 52.6s
killed   interp.py:975:ifneg#116 11.9s
killed   interp.py:1017:ifneg#117 1.0s
killed   interp.py:1020:ifneg#118 1.1s
killed   interp.py:1031:ifneg#119 1.1s
killed   interp.py:1035:ifneg#120 1.0s
killed   interp.py:1109:ifneg#121 1.1s
killed   interp.py:1124:ifneg#122 1.0s
killed   interp.py:1130:ifneg#123 1.1s
killed   interp.py:1135:ifneg#124 1.1s
killed   interp.py:1141:ifneg#125 1.1s
killed   interp.py:1146:ifneg#126 1.1s
killed   interp.py:1160:ifneg#127 1.1s
killed   interp.py:1202:ifneg#128 1.1s
killed   interp.py:1247:ifneg#129 1.0s
killed   interp.py:1260:ifneg#130 0.9s
killed   interp.py:1272:ifneg#131 0.8s
killed   interp.py:1288:ifneg#132 0.8s
killed   interp.py:1361:ifneg#133 0.7s
killed   interp.py:1385:ifneg#134 1.0s
killed   interp.py:1390:ifneg#135 1.0s
killed   interp.py:1394:ifneg#136 0.8s
killed   interp.py:1398:ifneg#137 0.6s
killed   interp.py:1414:ifneg#138 0.6s
killed   interp.py:1456:ifneg#139 0.7s
killed   interp.py:1463:ifneg#140 0.9s
killed   interp.py:1466:ifneg#141 0.9s
killed   interp.py:1468:ifneg#142 0.8s
killed   interp.py:1474:ifneg#143 0.9s
killed   interp.py:1507:ifneg#144 0.8s
killed   interp.py:1521:ifneg#145 0.9s
killed   interp.py:1547:ifneg#146 0.9s
killed   interp.py:1551:ifneg#147 0.7s
killed   interp.py:1559:ifneg#148 0.7s
killed   interp.py:1566:ifneg#149 0.7s
killed   interp.py:1575:ifneg#150 0.6s
survived interp.py:1585:ifneg#151 48.5s
killed   interp.py:1587:ifneg#152 0.8s
killed   interp.py:1602:ifneg#153 0.8s
killed   interp.py:1607:ifneg#154 0.9s
killed   interp.py:1610:ifneg#155 0.9s
killed   interp.py:1619:ifneg#156 0.9s
killed   interp.py:1726:cmp#157 0.9s
killed   interp.py:1743:cmp#158 1.0s
killed   interp.py:1758:cmp#159 0.9s
killed   interp.py:1773:cmp#160 0.9s
killed   interp.py:1789:cmp#161 0.9s
killed   interp.py:1805:cmp#162 0.9s
killed   interp.py:1818:cmp#163 0.9s
killed   interp.py:1840:ifneg#164 1.1s
killed   interp.py:1858:ifneg#165 0.8s
killed   interp.py:1888:cmp#166 0.7s
killed   interp.py:1892:ifneg#167 0.8s
killed   interp.py:1917:ifneg#168 0.9s
killed   interp.py:1922:ifneg#169 0.9s
killed   interp.py:1924:ifneg#170 0.9s
killed   interp.py:1926:ifneg#171 0.9s
killed   interp.py:1947:cmp#172 0.9s
killed   interp.py:1950:const#173 0.7s
killed   interp.py:1956:cmp#174 0.9s
killed   interp.py:1960:cmp#175 0.9s
killed   interp.py:1964:cmp#176 0.5s
killed   interp.py:2014:cmp#177 1.0s
killed   interp.py:2037:ifneg#178 0.9s
killed   interp.py:2040:ifneg#179 0.8s
killed   interp.py:2042:ifneg#180 0.7s
killed   interp.py:2050:ifneg#181 0.9s
killed   interp.py:2066:ifneg#182 0.7s
killed   interp.py:2069:ifneg#183 0.6s
killed   interp.py:2080:ifneg#184 0.7s
killed   interp.py:2083:ifneg#185 0.5s
killed   interp.py:2104:ifneg#186 0.9s
killed   interp.py:2107:ifneg#187 0.8s
killed   interp.py:2123:ifneg#188 0.6s
killed   interp.py:2125:ifneg#189 0.6s
killed   interp.py:2140:ifneg#190 1.0s
killed   interp.py:2143:ifneg#191 0.9s
killed   interp.py:2145:ifneg#192 0.9s
killed   interp.py:2165:ifneg#193 0.6s
killed   interp.py:2168:ifneg#194 0.6s
killed   interp.py:2176:ifneg#195 0.6s
killed   interp.py:2179:ifneg#196 0.6s
killed   interp.py:2182:ifneg#197 0.6s
killed   interp.py:2206:ifneg#198 0.6s
killed   interp.py:2216:ifneg#199 0.8s
killed   interp.py:2219:ifneg#200 0.7s
killed   interp.py:2222:ifneg#201 0.6s
killed   interp.py:2236:ifneg#202 0.5s
killed   interp.py:2239:ifneg#203 0.5s
killed   interp.py:2257:ifneg#204 0.7s
killed   interp.py:2260:ifneg#205 0.5s
killed   interp.py:2269:ifneg#206 0.7s
killed   interp.py:2272:ifneg#207 0.6s
killed   interp.py:2289:ifneg#208 0.4s
killed   interp.py:2291:ifneg#209 0.4s
killed   interp.py:2306:ifneg#210 0.4s
killed   interp.py:2309:ifneg#211 0.4s
killed   interp.py:2313:ifneg#212 0.4s
killed   interp.py:2326:ifneg#213 0.5s
killed   interp.py:2328:ifneg#214 0.4s
killed   interp.py:2332:ifneg#215 0.4s
killed   interp.py:2343:ifneg#216 0.5s
killed   interp.py:2346:ifneg#217 0.4s
killed   interp.py:2371:ifneg#218 0.7s
killed   interp.py:2391:ifneg#219 0.6s
killed   interp.py:2393:ifneg#220 0.6s
killed   interp.py:2399:ifneg#221 0.6s
killed   interp.py:2431:ifneg#222 1.9s
killed   interp.py:2439:ifneg#223 1.6s
killed   interp.py:2441:ifneg#224 1.7s
killed   interp.py:2446:ifneg#225 1.7s
killed   interp.py:2462:ifneg#226 0.5s
killed   interp.py:2467:ifneg#227 0.4s
killed   interp.py:2469:ifneg#228 0.4s
killed   interp.py:2474:ifneg#229 0.4s
killed   interp.py:100:cmp#230 0.9s
killed   interp.py:101:ifneg#231 0.9s
killed   interp.py:141:not#232 0.9s
----- campaign relaunch with re-armed map Tue Aug 25 21:20:43 +07 2026
resuming: 222 of 1226 mutants already checkpointed
killed   interp.py:147:const#47 2.4s
killed   interp.py:262:bool#67 96.3s
killed   interp.py:356:ifneg#80 89.7s
survived interp.py:430:ifneg#85 43.2s
killed   interp.py:736:ifneg#94 97.4s
killed   interp.py:763:ifneg#96 95.5s
killed   interp.py:796:ifneg#101 87.0s
timeout  interp.py:819:ifneg#103 400.1s
killed   interp.py:830:ifneg#106 91.6s
killed   interp.py:973:ifneg#115 93.5s
killed   interp.py:1585:ifneg#151 87.7s
killed   interp.py:150:const#233 2.4s
killed   interp.py:170:arith#234 115.5s
killed   interp.py:181:cmp#235 0.7s
killed   interp.py:181:cmp#236 0.8s
killed   interp.py:183:cmp#237 0.8s
killed   interp.py:183:cmp#238 0.8s
killed   interp.py:223:bool#239 0.7s
killed   interp.py:226:bool#240 0.7s
killed   interp.py:231:bool#241 0.7s
killed   interp.py:234:bool#242 0.8s
killed   interp.py:238:arith#243 0.7s
killed   interp.py:250:bool#244 1.1s
killed   interp.py:260:cmp#245 1.4s
killed   interp.py:260:cmp#246 1.3s
killed   interp.py:262:cmp#247 1.2s
killed   interp.py:262:cmp#248 1.3s
killed   interp.py:262:cmp#249 1.2s
killed   interp.py:267:arith#250 1.1s
killed   interp.py:320:const#251 1.7s
killed   interp.py:320:const#252 25.1s
killed   interp.py:320:const#253 1.7s
killed   interp.py:325:const#254 1.5s
killed   interp.py:328:const#255 98.1s
killed   interp.py:329:const#256 9.2s
killed   interp.py:331:const#257 1.6s
killed   interp.py:337:const#258 1.5s
killed   interp.py:338:const#259 1.5s
killed   interp.py:363:ifneg#260 5.4s
killed   interp.py:398:ifneg#261 1.2s
killed   interp.py:419:cmp#262 120.1s
killed   interp.py:425:cmp#263 121.1s
survived interp.py:430:cmp#264 48.8s
killed   interp.py:436:not#265 0.9s
killed   interp.py:456:const#266 3.2s
killed   interp.py:465:ifneg#267 1.3s
killed   interp.py:571:const#268 144.3s
killed   interp.py:597:cmp#269 1.1s
killed   interp.py:598:ifneg#270 1.1s
killed   interp.py:600:ifneg#271 1.1s
killed   interp.py:613:cmp#272 1.3s
killed   interp.py:619:cmp#273 1.5s
killed   interp.py:626:cmp#274 1.4s
killed   interp.py:630:bool#275 1.4s
killed   interp.py:633:arith#276 1.4s
killed   interp.py:634:const#277 146.3s
killed   interp.py:635:const#278 1.7s
killed   interp.py:637:cmp#279 147.3s
killed   interp.py:639:bool#280 1.2s
killed   interp.py:641:const#281 1.2s
killed   interp.py:723:cmp#282 1.4s
killed   interp.py:736:cmp#283 146.8s
killed   interp.py:742:ifneg#284 2.1s
killed   interp.py:763:cmp#285 100.6s
killed   interp.py:765:not#286 1.3s
killed   interp.py:767:bool#287 0.7s
killed   interp.py:768:cmp#288 0.6s
killed   interp.py:772:cmp#289 89.5s
killed   interp.py:776:const#290 91.2s
killed   interp.py:777:const#291 0.6s
killed   interp.py:778:cmp#292 91.6s
killed   interp.py:796:cmp#293 90.5s
killed   interp.py:801:not#294 0.8s
killed   interp.py:804:const#295 96.8s
timeout  interp.py:819:cmp#296 400.1s
killed   interp.py:827:bool#297 17.0s
killed   interp.py:830:cmp#298 98.3s
killed   interp.py:836:bool#299 1.0s
killed   interp.py:838:ifneg#300 0.8s
killed   interp.py:841:ifneg#301 0.9s
killed   interp.py:859:const#302 39.7s
killed   interp.py:861:ifneg#303 9.0s
killed   interp.py:864:ifneg#304 3.1s
killed   interp.py:870:ifneg#305 8.4s
killed   interp.py:873:ifneg#306 86.5s
killed   interp.py:875:ifneg#307 7.2s
killed   interp.py:880:ifneg#308 7.0s
killed   interp.py:910:cmp#309 7.3s
killed   interp.py:933:cmp#310 1.5s
killed   interp.py:935:not#311 1.5s
killed   interp.py:944:ifneg#312 1.5s
killed   interp.py:949:ifneg#313 1.5s
killed   interp.py:953:ifneg#314 1.5s
killed   interp.py:968:cmp#315 1.5s
killed   interp.py:970:not#316 1.5s
killed   interp.py:973:cmp#317 97.1s
killed   interp.py:982:ifneg#318 1.5s
killed   interp.py:987:ifneg#319 1.5s
killed   interp.py:990:ifneg#320 1.1s
killed   interp.py:994:ifneg#321 1.5s
killed   interp.py:1008:const#322 1.4s
killed   interp.py:1017:bool#323 1.2s
killed   interp.py:1020:cmp#324 1.2s
killed   interp.py:1031:cmp#325 1.2s
killed   interp.py:1035:cmp#326 1.2s
killed   interp.py:1046:ifneg#327 1.1s
killed   interp.py:1053:ifneg#328 1.3s
killed   interp.py:1065:ifneg#329 1.2s
killed   interp.py:1109:cmp#330 1.3s
killed   interp.py:1112:ifneg#331 1.1s
killed   interp.py:1115:ifneg#332 1.2s
killed   interp.py:1124:cmp#333 1.2s
killed   interp.py:1126:ifneg#334 0.9s
killed   interp.py:1130:cmp#335 1.2s
killed   interp.py:1132:ifneg#336 5.7s
killed   interp.py:1135:cmp#337 1.2s
killed   interp.py:1137:ifneg#338 2.5s
killed   interp.py:1141:cmp#339 1.1s
killed   interp.py:1143:ifneg#340 1.0s
killed   interp.py:1146:cmp#341 1.3s
killed   interp.py:1149:ifneg#342 6.9s
killed   interp.py:1160:cmp#343 1.3s
killed   interp.py:1164:ifneg#344 1.1s
killed   interp.py:1166:ifneg#345 1.3s
killed   interp.py:1202:cmp#346 1.4s
killed   interp.py:1211:ifneg#347 1.5s
killed   interp.py:1213:ifneg#348 1.2s
killed   interp.py:1247:cmp#349 1.3s
killed   interp.py:1249:ifneg#350 1.4s
killed   interp.py:1260:cmp#351 1.1s
killed   interp.py:1262:ifneg#352 1.5s
killed   interp.py:1272:cmp#353 1.0s
killed   interp.py:1275:ifneg#354 1.2s
killed   interp.py:1288:cmp#355 1.1s
killed   interp.py:1290:ifneg#356 3.0s
killed   interp.py:1338:ifneg#357 1.3s
killed   interp.py:1346:ifneg#358 1.1s
killed   interp.py:1349:ifneg#359 1.6s
killed   interp.py:1361:cmp#360 1.0s
killed   interp.py:1366:ifneg#361 0.9s
killed   interp.py:1378:ifneg#362 0.7s
killed   interp.py:1414:cmp#363 0.9s
killed   interp.py:1456:not#364 0.9s
killed   interp.py:1463:cmp#365 1.3s
killed   interp.py:1466:cmp#366 1.2s
killed   interp.py:1474:cmp#367 1.1s
killed   interp.py:1489:ifneg#368 0.8s
killed   interp.py:1507:cmp#369 1.1s
killed   interp.py:1510:ifneg#370 1.0s
killed   interp.py:1521:bool#371 1.5s
killed   interp.py:1524:ifneg#372 1.1s
killed   interp.py:1536:ifneg#373 1.2s
killed   interp.py:1547:bool#374 1.2s
killed   interp.py:1551:cmp#375 0.9s
killed   interp.py:1553:ifneg#376 1.0s
killed   interp.py:1559:cmp#377 0.9s
killed   interp.py:1560:ifneg#378 1.0s
killed   interp.py:1566:cmp#379 0.9s
killed   interp.py:1567:ifneg#380 0.8s
killed   interp.py:1569:ifneg#381 0.8s
killed   interp.py:1575:cmp#382 0.8s
killed   interp.py:1585:cmp#383 90.7s
killed   interp.py:1595:ifneg#384 91.3s
killed   interp.py:1597:ifneg#385 1.0s
killed   interp.py:1611:ifneg#386 0.7s
killed   interp.py:1616:ifneg#387 0.9s
killed   interp.py:1621:ifneg#388 1.1s
killed   interp.py:1625:ifneg#389 1.2s
killed   interp.py:1630:ifneg#390 1.6s
killed   interp.py:1689:ifneg#391 1.3s
killed   interp.py:1734:ifneg#392 1.4s
killed   interp.py:1751:ifneg#393 1.1s
killed   interp.py:1766:ifneg#394 1.0s
killed   interp.py:1781:ifneg#395 1.0s
killed   interp.py:1797:ifneg#396 0.9s
killed   interp.py:1813:ifneg#397 1.1s
killed   interp.py:1826:ifneg#398 0.8s
killed   interp.py:1840:bool#399 91.3s
killed   interp.py:1860:ifneg#400 0.8s
killed   interp.py:1888:const#401 87.2s
killed   interp.py:1892:cmp#402 0.9s
killed   interp.py:1914:cmp#403 1.0s
killed   interp.py:1917:cmp#404 0.9s
killed   interp.py:1919:ifneg#405 0.7s
killed   interp.py:1922:bool#406 1.1s
killed   interp.py:1924:cmp#407 1.0s
killed   interp.py:1927:ifneg#408 0.5s
killed   interp.py:1929:ifneg#409 1.0s
killed   interp.py:1957:const#410 121.1s
killed   interp.py:1967:arith#411 0.4s
survived interp.py:2029:const#412 1.1s
survived interp.py:2034:const#413 1.1s
killed   interp.py:2053:ifneg#414 0.9s
killed   interp.py:2069:not#415 0.7s
survived interp.py:2063:const#416 1.2s
killed   interp.py:2083:not#417 0.6s
killed   interp.py:2090:ifneg#418 0.6s
killed   interp.py:2093:ifneg#419 0.5s
killed   interp.py:2097:ifneg#420 0.5s
survived interp.py:2077:const#421 1.1s
killed   interp.py:2107:not#422 0.9s
killed   interp.py:2110:const#423 1.0s
killed   interp.py:2101:const#424 0.6s
killed   interp.py:2125:not#425 0.7s
survived interp.py:2120:const#426 1.1s
survived interp.py:2130:const#427 1.1s
killed   interp.py:2151:ifneg#428 1.1s
killed   interp.py:2155:ifneg#429 0.9s
killed   interp.py:2137:const#430 0.8s
killed   interp.py:2162:const#431 0.8s
killed   interp.py:2179:not#432 0.5s
killed   interp.py:2182:cmp#433 0.6s
killed   interp.py:2173:const#434 0.7s
survived interp.py:2191:const#435 1.1s
killed   interp.py:2196:const#436 0.8s
killed   interp.py:2206:not#437 0.7s
survived interp.py:2203:const#438 1.2s
killed   interp.py:2219:bool#439 0.8s
killed   interp.py:2212:const#440 0.6s
killed   interp.py:2239:bool#441 0.6s
killed   interp.py:2244:ifneg#442 0.6s
killed   interp.py:2246:ifneg#443 0.7s
survived interp.py:2233:const#444 1.1s
killed   interp.py:2260:not#445 0.7s
survived interp.py:2254:const#446 1.1s
killed   interp.py:2272:bool#447 0.7s
survived interp.py:2266:const#448 1.1s
killed   interp.py:2291:not#449 0.5s
survived interp.py:2286:const#450 1.1s
killed   interp.py:2309:not#451 0.5s
killed   interp.py:2313:not#452 0.5s
survived interp.py:2299:const#453 1.1s
killed   interp.py:2328:not#454 0.5s
killed   interp.py:2332:not#455 0.5s
survived interp.py:2320:const#456 1.2s
killed   interp.py:2346:not#457 0.5s
killed   interp.py:2352:ifneg#458 0.5s
killed   interp.py:2355:ifneg#459 0.5s
killed   interp.py:2359:ifneg#460 0.5s
survived interp.py:2340:const#461 1.1s
killed   interp.py:2371:cmp#462 0.8s
killed   interp.py:2373:ifneg#463 0.5s
killed   interp.py:2375:ifneg#464 0.5s
killed   interp.py:2393:not#465 0.7s
killed   interp.py:2399:cmp#466 0.7s
survived interp.py:2388:const#467 1.1s
killed   interp.py:2405:const#468 0.7s
killed   interp.py:2423:ifneg#469 1.7s
killed   interp.py:2431:cmp#470 1.8s
killed   interp.py:2441:not#471 1.7s
killed   interp.py:2462:cmp#472 0.5s
killed   interp.py:2469:not#473 0.4s
killed   interp.py:101:cmp#474 1.0s
killed   interp.py:163:arith#475 0.4s
killed   interp.py:168:arith#476 0.5s
killed   interp.py:179:arith#477 0.5s
killed   interp.py:181:const#478 0.7s
killed   interp.py:182:const#479 0.6s
killed   interp.py:183:const#480 0.7s
killed   interp.py:184:const#481 0.7s
killed   interp.py:192:arith#482 0.5s
killed   interp.py:203:arith#483 0.8s
killed   interp.py:212:arith#484 0.9s
killed   interp.py:214:arith#485 1.0s
killed   interp.py:223:not#486 0.7s
killed   interp.py:226:cmp#487 1.4s
killed   interp.py:226:cmp#488 0.7s
killed   interp.py:231:not#489 0.7s
killed   interp.py:234:cmp#490 2.5s
killed   interp.py:234:cmp#491 0.7s
killed   interp.py:237:arith#492 101.1s
killed   interp.py:244:arith#493 0.6s
killed   interp.py:246:arith#494 0.7s
killed   interp.py:251:arith#495 0.8s
killed   interp.py:322:cmp#496 1.4s
killed   interp.py:336:bool#497 1.5s
killed   interp.py:339:const#498 106.7s
killed   interp.py:376:arith#499 1.5s
killed   interp.py:398:cmp#500 1.1s
killed   interp.py:401:ifneg#501 1.3s
killed   interp.py:422:const#502 127.9s
survived interp.py:430:const#503 50.9s
killed   interp.py:465:cmp#504 1.2s
killed   interp.py:467:ifneg#505 1.3s
killed   interp.py:470:ifneg#506 98.5s
killed   interp.py:472:ifneg#507 1.3s
killed   interp.py:480:ifneg#508 1.8s
killed   interp.py:494:ifneg#509 1.4s
killed   interp.py:550:ifneg#510 1.5s
killed   interp.py:554:ifneg#511 1.4s
killed   interp.py:598:cmp#512 1.1s
killed   interp.py:600:cmp#513 1.1s
killed   interp.py:601:ifneg#514 1.0s
killed   interp.py:606:ifneg#515 1.1s
killed   interp.py:614:bool#516 0.7s
killed   interp.py:620:bool#517 0.7s
killed   interp.py:630:not#518 1.6s
killed   interp.py:630:cmp#519 93.5s
killed   interp.py:631:const#520 1.1s
killed   interp.py:645:const#521 1.6s
killed   interp.py:648:ifneg#522 1.1s
killed   interp.py:664:ifneg#523 1.3s
killed   interp.py:668:ifneg#524 0.8s
killed   interp.py:674:ifneg#525 1.0s
killed   interp.py:682:ifneg#526 0.8s
killed   interp.py:688:ifneg#527 0.8s
killed   interp.py:696:ifneg#528 0.9s
killed   interp.py:703:ifneg#529 0.8s
killed   interp.py:721:arith#530 1.5s
killed   interp.py:739:const#531 1.5s
killed   interp.py:742:cmp#532 1.3s
killed   interp.py:744:arith#533 1.2s
killed   interp.py:787:const#534 0.5s
killed   interp.py:827:cmp#535 14.2s
killed   interp.py:827:cmp#536 91.5s
killed   interp.py:833:const#537 92.9s
killed   interp.py:836:cmp#538 0.8s
killed   interp.py:838:cmp#539 0.8s
killed   interp.py:841:cmp#540 0.8s
killed   interp.py:843:ifneg#541 85.7s
killed   interp.py:845:ifneg#542 6.5s
killed   interp.py:861:cmp#543 7.2s
killed   interp.py:870:bool#544 7.2s
killed   interp.py:873:cmp#545 87.1s
killed   interp.py:880:bool#546 7.2s
killed   interp.py:882:ifneg#547 36.2s
killed   interp.py:886:ifneg#548 7.1s
killed   interp.py:936:const#549 0.9s
killed   interp.py:937:const#550 1.0s
killed   interp.py:944:cmp#551 1.4s
killed   interp.py:949:cmp#552 1.4s
killed   interp.py:952:arith#553 1.4s
killed   interp.py:953:cmp#554 95.2s
killed   interp.py:971:const#555 112.1s
killed   interp.py:982:bool#556 94.5s
killed   interp.py:987:cmp#557 1.3s
killed   interp.py:990:bool#558 0.9s
killed   interp.py:994:bool#559 1.3s
killed   interp.py:1017:cmp#560 1.1s
killed   interp.py:1017:cmp#561 1.2s
killed   interp.py:1017:cmp#562 1.3s
killed   interp.py:1046:bool#563 1.2s
killed   interp.py:1049:ifneg#564 1.2s
killed   interp.py:1053:bool#565 1.4s
killed   interp.py:1068:ifneg#566 0.9s
killed   interp.py:1071:ifneg#567 1.2s
killed   interp.py:1087:ifneg#568 1.1s
killed   interp.py:1112:not#569 1.1s
killed   interp.py:1115:cmp#570 1.2s
killed   interp.py:1126:not#571 0.9s
killed   interp.py:1132:not#572 5.8s
killed   interp.py:1137:not#573 2.5s
killed   interp.py:1143:not#574 1.1s
killed   interp.py:1149:not#575 6.6s
killed   interp.py:1154:ifneg#576 0.8s
killed   interp.py:1164:not#577 1.1s
killed   interp.py:1191:ifneg#578 0.9s
killed   interp.py:1204:const#579 1.3s
killed   interp.py:1207:ifneg#580 1.3s
killed   interp.py:1211:not#581 1.2s
killed   interp.py:1213:cmp#582 1.1s
killed   interp.py:1249:not#583 1.3s
killed   interp.py:1251:arith#584 1.2s
killed   interp.py:1262:not#585 1.4s
killed   interp.py:1275:not#586 1.1s
killed   interp.py:1284:ifneg#587 0.9s
killed   interp.py:1290:not#588 2.8s
killed   interp.py:1299:ifneg#589 1.0s
killed   interp.py:1305:arith#590 111.2s
killed   interp.py:1328:const#591 1.1s
killed   interp.py:1329:ifneg#592 1.0s
killed   interp.py:1334:ifneg#593 1.1s
killed   interp.py:1337:bool#594 1.5s
killed   interp.py:1338:cmp#595 1.2s
killed   interp.py:1340:ifneg#596 1.2s
killed   interp.py:1346:cmp#597 1.0s
killed   interp.py:1349:cmp#598 1.4s
killed   interp.py:1350:ifneg#599 1.1s
killed   interp.py:1361:const#600 0.8s
killed   interp.py:1362:const#601 0.7s
killed   interp.py:1365:const#602 0.6s
killed   interp.py:1368:ifneg#603 1.0s
killed   interp.py:1378:bool#604 0.6s
killed   interp.py:1380:ifneg#605 0.5s
killed   interp.py:1400:arith#606 113.4s
killed   interp.py:1428:arith#607 0.8s
killed   interp.py:1489:cmp#608 0.7s
killed   interp.py:1491:ifneg#609 0.7s
killed   interp.py:1510:cmp#610 0.9s
killed   interp.py:1521:bool#611 1.1s
killed   interp.py:1521:bool#612 1.1s
killed   interp.py:1524:cmp#613 1.1s
killed   interp.py:1525:ifneg#614 1.0s
killed   interp.py:1536:bool#615 1.4s
killed   interp.py:1541:ifneg#616 0.7s
killed   interp.py:1544:ifneg#617 0.8s
killed   interp.py:1553:cmp#618 0.9s
killed   interp.py:1560:bool#619 0.7s
killed   interp.py:1567:bool#620 0.9s
killed   interp.py:1569:bool#621 0.7s
killed   interp.py:1580:arith#622 111.8s
killed   interp.py:1588:const#623 87.1s
killed   interp.py:1595:cmp#624 89.7s
killed   interp.py:1611:not#625 0.7s
killed   interp.py:1620:bool#626 1.0s
killed   interp.py:1621:cmp#627 1.0s
killed   interp.py:1625:cmp#628 1.3s
killed   interp.py:1629:const#629 1.3s
killed   interp.py:1630:cmp#630 92.4s
killed   interp.py:1633:const#631 1.1s
killed   interp.py:1689:cmp#632 1.1s
killed   interp.py:1692:arith#633 0.5s
killed   interp.py:1711:not#634 1.3s
killed   interp.py:1734:bool#635 1.3s
killed   interp.py:1739:ifneg#636 1.3s
killed   interp.py:1751:bool#637 1.2s
killed   interp.py:1766:bool#638 1.2s
killed   interp.py:1781:bool#639 0.9s
killed   interp.py:1797:bool#640 0.8s
killed   interp.py:1813:bool#641 95.9s
killed   interp.py:1826:bool#642 86.6s
killed   interp.py:1840:bool#643 1.2s
killed   interp.py:1841:bool#644 0.9s
killed   interp.py:1860:bool#645 2.4s
killed   interp.py:1861:ifneg#646 0.9s
killed   interp.py:1919:cmp#647 0.8s
killed   interp.py:1925:const#648 0.5s
killed   interp.py:1927:cmp#649 0.5s
killed   interp.py:1929:bool#650 91.9s
killed   interp.py:1930:ifneg#651 0.9s
killed   interp.py:1932:ifneg#652 0.9s
survived interp.py:1949:const#653 51.1s
killed   interp.py:2032:const#654 0.7s
killed   interp.py:2044:arith#655 0.9s
killed   interp.py:2053:bool#656 1.7s
killed   interp.py:2057:cmp#657 0.9s
killed   interp.py:2060:arith#658 1.0s
killed   interp.py:2047:const#659 0.7s
survived interp.py:2047:const#660 1.2s
killed   interp.py:2093:not#661 0.6s
killed   interp.py:2113:const#662 1.0s
killed   interp.py:2117:arith#663 1.0s
killed   interp.py:2151:not#664 1.1s
killed   interp.py:2155:bool#665 1.6s
killed   interp.py:2159:arith#666 0.4s
killed   interp.py:2170:arith#667 0.4s
killed   interp.py:2182:const#668 0.6s
killed   interp.py:2225:ifneg#669 0.8s
killed   interp.py:2229:arith#670 0.5s
killed   interp.py:2239:not#671 0.6s
killed   interp.py:2239:not#672 0.6s
killed   interp.py:2246:not#673 0.6s
killed   interp.py:2272:not#674 0.7s
killed   interp.py:2272:not#675 0.7s
killed   interp.py:2318:cmp#676 0.5s
killed   interp.py:2355:not#677 0.5s
killed   interp.py:2371:const#678 0.9s
killed   interp.py:2375:not#679 0.5s
killed   interp.py:2385:arith#680 0.6s
survived interp.py:2368:const#681 1.2s
survived interp.py:2368:const#682 1.2s
killed   interp.py:2410:arith#683 0.6s
killed   interp.py:2423:cmp#684 1.7s
killed   interp.py:2431:const#685 4.5s
killed   interp.py:2438:const#686 1.8s
killed   interp.py:2451:arith#687 1.8s
survived interp.py:2429:const#688 1.1s
survived interp.py:2429:const#689 1.1s
killed   interp.py:2462:const#690 0.5s
killed   interp.py:2466:const#691 0.4s
killed   interp.py:2479:ifneg#692 0.4s
survived interp.py:2481:arith#693 0.5s
killed   interp.py:2482:bool#694 0.4s
survived interp.py:2455:const#695 1.1s
survived interp.py:2455:const#696 1.1s
killed   interp.py:167:not#697 0.8s
killed   interp.py:224:arith#698 0.7s
killed   interp.py:226:const#699 1.4s
killed   interp.py:227:arith#700 0.7s
killed   interp.py:232:arith#701 0.3s
killed   interp.py:234:const#702 2.6s
killed   interp.py:235:arith#703 0.6s
killed   interp.py:271:cmp#704 1.3s
killed   interp.py:368:not#705 0.5s
killed   interp.py:376:arith#706 59.5s
killed   interp.py:401:cmp#707 1.1s
killed   interp.py:406:ifneg#708 1.2s
killed   interp.py:437:arith#709 0.5s
killed   interp.py:467:bool#710 1.2s
killed   interp.py:470:cmp#711 94.4s
killed   interp.py:480:bool#712 94.8s
killed   interp.py:483:ifneg#713 1.5s
killed   interp.py:485:ifneg#714 1.5s
killed   interp.py:494:cmp#715 1.1s
killed   interp.py:501:ifneg#716 92.7s
killed   interp.py:506:ifneg#717 1.1s
killed   interp.py:526:ifneg#718 1.1s
killed   interp.py:550:cmp#719 1.1s
killed   interp.py:554:cmp#720 1.1s
killed   interp.py:555:ifneg#721 70.7s
killed   interp.py:559:ifneg#722 1.0s
killed   interp.py:562:ifneg#723 0.9s
killed   interp.py:601:not#724 0.9s
killed   interp.py:609:arith#725 0.8s
killed   interp.py:615:arith#726 0.8s
killed   interp.py:621:arith#727 0.8s
killed   interp.py:648:cmp#728 1.0s
killed   interp.py:652:ifneg#729 1.2s
killed   interp.py:664:cmp#730 1.2s
killed   interp.py:668:bool#731 1.0s
killed   interp.py:674:cmp#732 0.9s
killed   interp.py:681:bool#733 0.8s
killed   interp.py:682:cmp#734 0.8s
killed   interp.py:688:bool#735 0.9s
killed   interp.py:694:const#736 0.8s
killed   interp.py:695:const#737 1.1s
killed   interp.py:696:cmp#738 0.8s
killed   interp.py:703:cmp#739 0.7s
killed   interp.py:706:ifneg#740 0.8s
killed   interp.py:709:ifneg#741 88.1s
killed   interp.py:717:ifneg#742 1.0s
killed   interp.py:721:const#743 1.5s
killed   interp.py:744:const#744 1.3s
killed   interp.py:769:arith#745 0.7s
killed   interp.py:773:arith#746 107.2s
killed   interp.py:800:bool#747 0.8s
killed   interp.py:800:const#748 0.8s
killed   interp.py:827:const#749 89.4s
killed   interp.py:843:cmp#750 82.5s
killed   interp.py:870:cmp#751 6.8s
killed   interp.py:870:cmp#752 2.5s
killed   interp.py:876:const#753 82.1s
killed   interp.py:880:cmp#754 6.7s
killed   interp.py:882:cmp#755 33.5s
killed   interp.py:886:cmp#756 7.2s
killed   interp.py:888:ifneg#757 82.4s
killed   interp.py:890:ifneg#758 33.7s
killed   interp.py:952:const#759 4.4s
killed   interp.py:954:const#760 0.6s
killed   interp.py:982:cmp#761 1.4s
killed   interp.py:990:cmp#762 1.0s
killed   interp.py:990:cmp#763 1.4s
killed   interp.py:993:arith#764 1.3s
killed   interp.py:994:cmp#765 89.2s
killed   interp.py:996:const#766 0.6s
killed   interp.py:1024:cmp#767 1.0s
killed   interp.py:1026:ifneg#768 1.1s
killed   interp.py:1046:cmp#769 1.2s
killed   interp.py:1047:cmp#770 1.4s
killed   interp.py:1049:bool#771 1.1s
killed   interp.py:1053:not#772 1.2s
killed   interp.py:1053:not#773 1.3s
killed   interp.py:1054:const#774 0.9s
killed   interp.py:1068:cmp#775 0.9s
killed   interp.py:1071:cmp#776 1.1s
killed   interp.py:1087:cmp#777 1.0s
killed   interp.py:1089:ifneg#778 1.0s
killed   interp.py:1101:cmp#779 1.0s
killed   interp.py:1103:ifneg#780 42.4s
killed   interp.py:1112:bool#781 1.3s
killed   interp.py:1113:const#782 1.1s
killed   interp.py:1119:ifneg#783 0.8s
killed   interp.py:1127:const#784 0.5s
killed   interp.py:1133:const#785 0.6s
killed   interp.py:1138:const#786 0.5s
killed   interp.py:1144:const#787 1.2s
killed   interp.py:1149:bool#788 5.9s
killed   interp.py:1150:const#789 3.1s
killed   interp.py:1154:not#790 0.7s
killed   interp.py:1164:bool#791 1.1s
killed   interp.py:1165:const#792 1.0s
killed   interp.py:1172:ifneg#793 0.9s
killed   interp.py:1180:ifneg#794 1.8s
killed   interp.py:1191:cmp#795 0.9s
killed   interp.py:1194:ifneg#796 0.9s
killed   interp.py:1207:cmp#797 1.2s
killed   interp.py:1212:const#798 1.1s
killed   interp.py:1213:const#799 1.2s
killed   interp.py:1224:ifneg#800 1.1s
killed   interp.py:1250:const#801 0.8s
killed   interp.py:1263:const#802 0.7s
killed   interp.py:1275:bool#803 9.7s
killed   interp.py:1276:const#804 0.5s
killed   interp.py:1284:bool#805 0.8s
killed   interp.py:1291:const#806 0.6s
killed   interp.py:1299:cmp#807 0.9s
killed   interp.py:1301:ifneg#808 1.4s
killed   interp.py:1329:cmp#809 0.9s
killed   interp.py:1331:ifneg#810 1.0s
killed   interp.py:1334:cmp#811 1.0s
killed   interp.py:1338:const#812 1.1s
killed   interp.py:1340:cmp#813 1.0s
killed   interp.py:1350:not#814 0.9s
killed   interp.py:1367:arith#815 0.6s
killed   interp.py:1368:cmp#816 1.0s
killed   interp.py:1378:cmp#817 0.6s
killed   interp.py:1378:cmp#818 0.6s
killed   interp.py:1380:cmp#819 0.5s
killed   interp.py:1415:arith#820 0.7s
killed   interp.py:1491:cmp#821 0.7s
killed   interp.py:1495:ifneg#822 0.5s
killed   interp.py:1521:cmp#823 1.3s
killed   interp.py:1521:cmp#824 1.3s
killed   interp.py:1521:cmp#825 1.3s
killed   interp.py:1521:cmp#826 1.3s
killed   interp.py:1525:bool#827 1.0s
killed   interp.py:1536:cmp#828 1.3s
killed   interp.py:1536:cmp#829 1.3s
killed   interp.py:1541:cmp#830 0.7s
killed   interp.py:1544:cmp#831 0.7s
killed   interp.py:1556:cmp#832 0.9s
killed   interp.py:1556:not#833 1.7s
killed   interp.py:1562:arith#834 0.8s
killed   interp.py:1571:arith#835 0.7s
killed   interp.py:1576:arith#836 0.6s
killed   interp.py:1598:const#837 82.0s
killed   interp.py:1608:arith#838 0.5s
killed   interp.py:1640:const#839 1.2s
killed   interp.py:1647:ifneg#840 1.1s
killed   interp.py:1653:ifneg#841 0.7s
killed   interp.py:1665:ifneg#842 0.8s
killed   interp.py:1671:ifneg#843 0.7s
killed   interp.py:1677:ifneg#844 0.7s
killed   interp.py:1685:ifneg#845 0.7s
killed   interp.py:1688:const#846 1.4s
killed   interp.py:1734:bool#847 89.7s
killed   interp.py:1734:bool#848 89.4s
killed   interp.py:1739:bool#849 3.0s
killed   interp.py:1751:bool#850 88.6s
killed   interp.py:1751:bool#851 87.8s
killed   interp.py:1766:bool#852 87.5s
killed   interp.py:1766:bool#853 86.8s
killed   interp.py:1781:bool#854 82.3s
killed   interp.py:1781:bool#855 103.8s
killed   interp.py:1782:cmp#856 0.7s
killed   interp.py:1797:bool#857 109.0s
killed   interp.py:1797:bool#858 100.0s
killed   interp.py:1798:cmp#859 0.8s
killed   interp.py:1813:bool#860 1.0s
timeout  interp.py:1814:bool#861 400.0s
killed   interp.py:1826:bool#862 0.8s
killed   interp.py:1827:bool#863 0.8s
killed   interp.py:1840:bool#864 101.9s
killed   interp.py:1840:bool#865 92.0s
killed   interp.py:1841:cmp#866 45.7s
killed   interp.py:1841:cmp#867 1.0s
killed   interp.py:1860:cmp#868 0.8s
killed   interp.py:1860:cmp#869 0.8s
killed   interp.py:1861:cmp#870 0.9s
killed   interp.py:1928:const#871 3.2s
killed   interp.py:1930:cmp#872 1.1s
killed   interp.py:1932:bool#873 89.2s
killed   interp.py:1933:ifneg#874 0.8s
killed   interp.py:1935:ifneg#875 0.9s
killed   interp.py:1959:const#876 1.0s
killed   interp.py:1959:const#877 1.0s
killed   interp.py:2017:const#878 1.3s
killed   interp.py:2039:const#879 1.0s
killed   interp.py:2053:not#880 0.8s
killed   interp.py:2057:const#881 0.8s
killed   interp.py:2057:const#882 0.9s
killed   interp.py:2070:arith#883 0.4s
killed   interp.py:2084:arith#884 0.4s
killed   interp.py:2108:arith#885 0.4s
killed   interp.py:2126:arith#886 0.4s
killed   interp.py:2142:const#887 1.2s
killed   interp.py:2144:const#888 0.9s
killed   interp.py:2154:bool#889 1.8s
killed   interp.py:2155:bool#890 2.1s
killed   interp.py:2167:const#891 0.6s
killed   interp.py:2178:const#892 0.6s
killed   interp.py:2180:arith#893 0.4s
killed   interp.py:2183:arith#894 0.8s
killed   interp.py:2198:const#895 0.6s
killed   interp.py:2207:arith#896 0.9s
killed   interp.py:2221:cmp#897 1.1s
killed   interp.py:2225:cmp#898 0.8s
killed   interp.py:2228:const#899 0.6s
killed   interp.py:2259:const#900 0.9s
killed   interp.py:2261:arith#901 0.5s
killed   interp.py:2292:arith#902 0.5s
killed   interp.py:2310:arith#903 0.5s
killed   interp.py:2314:arith#904 0.5s
killed   interp.py:2329:arith#905 0.5s
killed   interp.py:2333:arith#906 0.5s
killed   interp.py:2347:arith#907 0.5s
killed   interp.py:2370:const#908 0.8s
killed   interp.py:2372:const#909 0.5s
killed   interp.py:2381:arith#910 0.5s
killed   interp.py:2394:arith#911 0.5s
killed   interp.py:2400:arith#912 0.7s
killed   interp.py:2407:const#913 0.8s
survived interp.py:2434:arith#914 45.9s
killed   interp.py:2442:arith#915 1.7s
killed   interp.py:2448:const#916 1.5s
killed   interp.py:2470:arith#917 0.5s
killed   interp.py:2476:const#918 0.3s
killed   interp.py:2479:cmp#919 0.3s
killed   interp.py:357:const#920 39.1s
killed   interp.py:358:const#921 1.7s
killed   interp.py:406:cmp#922 1.1s
killed   interp.py:410:ifneg#923 1.1s
killed   interp.py:467:cmp#924 1.1s
killed   interp.py:467:cmp#925 1.3s
killed   interp.py:473:const#926 91.4s
killed   interp.py:480:cmp#927 92.2s
killed   interp.py:483:cmp#928 1.4s
killed   interp.py:485:bool#929 1.5s
killed   interp.py:501:cmp#930 93.0s
killed   interp.py:511:ifneg#931 1.0s
killed   interp.py:515:ifneg#932 0.8s
killed   interp.py:518:ifneg#933 13.5s
killed   interp.py:526:cmp#934 1.5s
killed   interp.py:532:ifneg#935 89.7s
killed   interp.py:534:ifneg#936 1.2s
killed   interp.py:555:bool#937 7.8s
killed   interp.py:559:bool#938 1.0s
killed   interp.py:562:cmp#939 0.8s
killed   interp.py:564:ifneg#940 1.0s
killed   interp.py:599:arith#941 0.7s
killed   interp.py:648:const#942 1.1s
killed   interp.py:652:cmp#943 1.2s
killed   interp.py:668:not#944 0.8s
killed   interp.py:688:cmp#945 0.9s
killed   interp.py:688:cmp#946 6.3s
killed   interp.py:706:cmp#947 1.0s
killed   interp.py:711:ifneg#948 89.6s
killed   interp.py:717:not#949 0.9s
killed   interp.py:828:const#950 0.7s
killed   interp.py:846:const#951 85.3s
killed   interp.py:870:const#952 2.5s
killed   interp.py:888:cmp#953 84.8s
killed   interp.py:952:bool#954 1.2s
killed   interp.py:989:not#955 1.3s
killed   interp.py:990:const#956 1.5s
killed   interp.py:993:const#957 1.5s
killed   interp.py:998:const#958 1.7s
killed   interp.py:1026:cmp#959 1.2s
killed   interp.py:1029:arith#960 0.6s
killed   interp.py:1049:cmp#961 1.3s
killed   interp.py:1049:cmp#962 1.4s
killed   interp.py:1050:not#963 1.2s
killed   interp.py:1053:bool#964 89.2s
killed   interp.py:1068:const#965 1.2s
killed   interp.py:1071:const#966 1.2s
killed   interp.py:1087:const#967 1.1s
killed   interp.py:1089:cmp#968 1.1s
killed   interp.py:1103:cmp#969 41.7s
killed   interp.py:1119:cmp#970 0.7s
killed   interp.py:1172:cmp#971 0.9s
killed   interp.py:1175:ifneg#972 1.1s
killed   interp.py:1180:cmp#973 1.9s
killed   interp.py:1191:const#974 0.8s
killed   interp.py:1194:cmp#975 0.8s
killed   interp.py:1209:bool#976 1.3s
killed   interp.py:1217:const#977 1.2s
killed   interp.py:1224:cmp#978 1.0s
killed   interp.py:1226:ifneg#979 1.0s
killed   interp.py:1284:cmp#980 1.0s
killed   interp.py:1284:cmp#981 1.0s
killed   interp.py:1301:cmp#982 1.6s
killed   interp.py:1331:cmp#983 1.1s
killed   interp.py:1340:const#984 1.2s
killed   interp.py:1347:arith#985 108.8s
killed   interp.py:1368:const#986 1.0s
killed   interp.py:1371:arith#987 0.9s
killed   interp.py:1378:const#988 0.6s
killed   interp.py:1380:const#989 0.6s
killed   interp.py:1495:cmp#990 0.6s
killed   interp.py:1525:cmp#991 1.0s
killed   interp.py:1525:bool#992 1.1s
killed   interp.py:1568:arith#993 107.8s
killed   interp.py:1612:arith#994 108.5s
killed   interp.py:1622:arith#995 0.8s
killed   interp.py:1626:arith#996 0.7s
killed   interp.py:1647:cmp#997 1.3s
killed   interp.py:1653:bool#998 1.4s
killed   interp.py:1665:cmp#999 1.1s
killed   interp.py:1670:bool#1000 0.6s
killed   interp.py:1671:cmp#1001 0.7s
killed   interp.py:1677:bool#1002 0.8s
killed   interp.py:1683:const#1003 0.7s
killed   interp.py:1684:const#1004 1.3s
killed   interp.py:1685:cmp#1005 0.9s
killed   interp.py:1734:cmp#1006 1.6s
killed   interp.py:1734:cmp#1007 1.5s
killed   interp.py:1734:cmp#1008 1.2s
killed   interp.py:1734:cmp#1009 1.2s
killed   interp.py:1739:cmp#1010 2.9s
killed   interp.py:1739:cmp#1011 8.3s
killed   interp.py:1751:cmp#1012 1.2s
killed   interp.py:1751:cmp#1013 1.2s
killed   interp.py:1751:cmp#1014 1.2s
killed   interp.py:1751:cmp#1015 1.1s
killed   interp.py:1766:cmp#1016 1.2s
killed   interp.py:1766:cmp#1017 1.2s
killed   interp.py:1766:cmp#1018 88.3s
killed   interp.py:1766:cmp#1019 89.1s
killed   interp.py:1781:cmp#1020 46.9s
killed   interp.py:1781:cmp#1021 47.2s
killed   interp.py:1781:cmp#1022 47.3s
killed   interp.py:1781:cmp#1023 47.6s
killed   interp.py:1782:const#1024 0.8s
killed   interp.py:1797:cmp#1025 1.0s
killed   interp.py:1797:cmp#1026 1.1s
killed   interp.py:1797:cmp#1027 111.3s
killed   interp.py:1797:cmp#1028 110.1s
killed   interp.py:1798:const#1029 0.8s
killed   interp.py:1813:bool#1030 102.8s
killed   interp.py:1813:bool#1031 100.0s
timeout  interp.py:1814:cmp#1032 400.1s
killed   interp.py:1814:cmp#1033 92.1s
killed   interp.py:1815:cmp#1034 1.2s
killed   interp.py:1826:bool#1035 86.4s
killed   interp.py:1826:bool#1036 90.7s
killed   interp.py:1827:cmp#1037 0.9s
killed   interp.py:1827:cmp#1038 91.0s
killed   interp.py:1828:cmp#1039 0.6s
killed   interp.py:1840:cmp#1040 1.2s
killed   interp.py:1840:cmp#1041 1.8s
killed   interp.py:1840:cmp#1042 54.3s
killed   interp.py:1840:cmp#1043 55.0s
killed   interp.py:1859:const#1044 0.9s
killed   interp.py:1931:const#1045 0.9s
killed   interp.py:1933:cmp#1046 0.8s
killed   interp.py:1935:bool#1047 1.2s
killed   interp.py:1936:ifneg#1048 1.0s
killed   interp.py:1940:ifneg#1049 0.9s
killed   interp.py:2054:arith#1050 0.9s
killed   interp.py:2094:arith#1051 1.0s
killed   interp.py:2134:const#1052 0.8s
killed   interp.py:2152:arith#1053 1.0s
killed   interp.py:2155:cmp#1054 1.6s
killed   interp.py:2155:cmp#1055 1.6s
killed   interp.py:2156:arith#1056 0.9s
killed   interp.py:2193:const#1057 0.9s
killed   interp.py:2201:const#1058 0.7s
killed   interp.py:2225:const#1059 1.2s
killed   interp.py:2247:arith#1060 0.4s
killed   interp.py:2264:const#1061 0.7s
killed   interp.py:2356:arith#1062 0.5s
killed   interp.py:2376:arith#1063 0.5s
killed   interp.py:2447:const#1064 1.5s
killed   interp.py:2475:const#1065 0.3s
killed   interp.py:357:const#1066 39.5s
killed   interp.py:410:bool#1067 94.2s
killed   interp.py:412:ifneg#1068 1.5s
killed   interp.py:467:const#1069 1.2s
killed   interp.py:480:const#1070 95.7s
killed   interp.py:485:cmp#1071 95.7s
killed   interp.py:487:arith#1072 95.5s
killed   interp.py:488:const#1073 94.7s
killed   interp.py:489:const#1074 99.3s
killed   interp.py:508:const#1075 98.5s
killed   interp.py:515:bool#1076 1.0s
killed   interp.py:518:cmp#1077 14.9s
killed   interp.py:520:ifneg#1078 1.3s
killed   interp.py:532:cmp#1079 95.9s
killed   interp.py:538:ifneg#1080 1.4s
killed   interp.py:555:cmp#1081 93.5s
killed   interp.py:559:cmp#1082 1.7s
killed   interp.py:559:not#1083 1.4s
killed   interp.py:564:cmp#1084 1.4s
killed   interp.py:602:arith#1085 0.6s
killed   interp.py:649:const#1086 1.3s
killed   interp.py:650:const#1087 1.3s
killed   interp.py:652:const#1088 1.3s
killed   interp.py:684:arith#1089 0.8s
killed   interp.py:690:arith#1090 3.2s
killed   interp.py:710:arith#1091 91.8s
killed   interp.py:711:cmp#1092 90.3s
killed   interp.py:712:ifneg#1093 84.1s
killed   interp.py:718:const#1094 106.7s
killed   interp.py:871:const#1095 6.9s
killed   interp.py:891:const#1096 81.0s
killed   interp.py:985:not#1097 1.4s
killed   interp.py:991:const#1098 1.1s
killed   interp.py:993:bool#1099 1.1s
killed   interp.py:995:cmp#1100 1.4s
killed   interp.py:1089:const#1101 1.1s
killed   interp.py:1172:const#1102 1.0s
killed   interp.py:1175:cmp#1103 1.1s
killed   interp.py:1194:const#1104 0.9s
killed   interp.py:1217:const#1105 1.3s
killed   interp.py:1226:cmp#1106 1.0s
killed   interp.py:1231:ifneg#1107 0.6s
killed   interp.py:1284:const#1108 87.1s
killed   interp.py:1351:arith#1109 0.5s
killed   interp.py:1525:const#1110 1.1s
killed   interp.py:1525:cmp#1111 1.0s
killed   interp.py:1525:cmp#1112 1.0s
killed   interp.py:1542:arith#1113 0.7s
killed   interp.py:1653:not#1114 0.7s
killed   interp.py:1677:cmp#1115 0.8s
killed   interp.py:1677:cmp#1116 7.0s
killed   interp.py:1736:arith#1117 1.1s
killed   interp.py:1740:arith#1118 1.0s
timeout  interp.py:1753:arith#1119 400.3s
killed   interp.py:1768:arith#1120 0.9s
killed   interp.py:1784:arith#1121 0.6s
killed   interp.py:1800:arith#1122 0.7s
killed   interp.py:1813:cmp#1123 1.1s
killed   interp.py:1813:cmp#1124 1.0s
killed   interp.py:1813:cmp#1125 89.5s
killed   interp.py:1813:cmp#1126 88.7s
killed   interp.py:1826:cmp#1127 47.1s
killed   interp.py:1826:cmp#1128 44.8s
killed   interp.py:1826:cmp#1129 0.9s
killed   interp.py:1826:cmp#1130 0.9s
killed   interp.py:1860:const#1131 0.8s
killed   interp.py:1860:const#1132 0.8s
killed   interp.py:1860:const#1133 0.7s
killed   interp.py:1860:const#1134 0.7s
killed   interp.py:1896:const#1135 0.8s
killed   interp.py:1896:const#1136 0.8s
killed   interp.py:1934:const#1137 1.7s
killed   interp.py:1936:cmp#1138 0.8s
killed   interp.py:1940:bool#1139 1.0s
killed   interp.py:1941:ifneg#1140 0.7s
killed   interp.py:2031:const#1141 0.6s
killed   interp.py:2041:const#1142 0.9s
killed   interp.py:2043:const#1143 0.8s
killed   interp.py:2045:const#1144 0.8s
killed   interp.py:2057:const#1145 0.8s
killed   interp.py:2058:const#1146 0.7s
killed   interp.py:2058:const#1147 0.7s
killed   interp.py:2135:const#1148 0.7s
killed   interp.py:2154:const#1149 1.6s
killed   interp.py:2154:const#1150 1.1s
killed   interp.py:2158:const#1151 1.1s
killed   interp.py:2160:const#1152 0.3s
killed   interp.py:2169:const#1153 0.5s
killed   interp.py:2171:const#1154 0.3s
killed   interp.py:2186:const#1155 0.5s
killed   interp.py:2194:const#1156 0.8s
killed   interp.py:2227:const#1157 0.7s
survived interp.py:2420:const#1158 49.3s
survived interp.py:2421:const#1159 49.7s
killed   interp.py:2432:const#1160 3.0s
killed   interp.py:2432:const#1161 3.2s
killed   interp.py:2463:const#1162 0.4s
killed   interp.py:2463:const#1163 0.4s
killed   interp.py:2480:arith#1164 0.3s
killed   interp.py:410:cmp#1165 1.0s
killed   interp.py:410:cmp#1166 1.0s
killed   interp.py:412:bool#1167 95.8s
killed   interp.py:468:const#1168 1.0s
killed   interp.py:504:bool#1169 1.3s
killed   interp.py:505:const#1170 0.8s
killed   interp.py:515:cmp#1171 0.8s
killed   interp.py:515:not#1172 13.8s
killed   interp.py:520:cmp#1173 1.1s
killed   interp.py:535:const#1174 99.8s
killed   interp.py:538:cmp#1175 0.7s
killed   interp.py:541:ifneg#1176 0.7s
killed   interp.py:555:const#1177 102.5s
killed   interp.py:653:const#1178 0.9s
killed   interp.py:654:const#1179 0.9s
killed   interp.py:656:const#1180 1.0s
killed   interp.py:657:const#1181 1.1s
killed   interp.py:711:const#1182 101.2s
killed   interp.py:712:cmp#1183 108.1s
killed   interp.py:952:const#1184 5.2s
killed   interp.py:995:const#1185 115.8s
killed   interp.py:1175:const#1186 1.2s
killed   interp.py:1231:cmp#1187 0.8s
killed   interp.py:1339:const#1188 1.3s
killed   interp.py:1381:const#1189 0.6s
killed   interp.py:1381:const#1190 0.8s
killed   interp.py:1526:cmp#1191 0.8s
killed   interp.py:1673:arith#1192 0.7s
killed   interp.py:1679:arith#1193 0.7s
killed   interp.py:1862:const#1194 1.0s
killed   interp.py:1862:const#1195 1.0s
killed   interp.py:1862:const#1196 0.8s
killed   interp.py:1864:const#1197 1.1s
killed   interp.py:1896:const#1198 1.2s
killed   interp.py:1937:const#1199 0.5s
killed   interp.py:1941:cmp#1200 1.1s
killed   interp.py:1946:const#1201 0.9s
killed   interp.py:2181:const#1202 0.6s
killed   interp.py:2184:const#1203 1.2s
killed   interp.py:2262:const#1204 0.6s
killed   interp.py:2374:const#1205 135.3s
killed   interp.py:412:cmp#1206 1.4s
killed   interp.py:412:cmp#1207 1.3s
killed   interp.py:460:const#1208 1.3s
killed   interp.py:541:cmp#1209 0.9s
killed   interp.py:716:const#1210 132.0s
killed   interp.py:993:const#1211 1.7s
killed   interp.py:1088:const#1212 1.3s
survived interp.py:1241:cmp#1213 54.0s
killed   interp.py:1341:const#1214 1.4s
killed   interp.py:1341:const#1215 1.3s
killed   interp.py:1862:const#1216 1.0s
killed   interp.py:1862:const#1217 1.0s
killed   interp.py:1864:const#1218 1.1s
killed   interp.py:1942:const#1219 0.4s
killed   interp.py:2153:const#1220 1.2s
killed   interp.py:2157:const#1221 1.1s
killed   interp.py:2189:const#1222 1.1s
killed   interp.py:1090:const#1223 1.1s
killed   interp.py:1090:const#1224 1.4s
killed   interp.py:1243:bool#1225 36.0s
subset-check killed   interp.py:2029:const#412 (1 files -> full) 1s
subset-check killed   interp.py:2047:const#660 (1 files -> full) 12s
subset-check killed   interp.py:2063:const#416 (1 files -> full) 1s
subset-check killed   interp.py:2130:const#427 (1 files -> full) 1s
subset-check killed   interp.py:2191:const#435 (1 files -> full) 1s
subset-check killed   interp.py:2203:const#438 (1 files -> full) 1s
subset-check killed   interp.py:2254:const#446 (1 files -> full) 12s
subset-check killed   interp.py:2286:const#450 (1 files -> full) 2s
subset-check killed   interp.py:2320:const#456 (1 files -> full) 2s
subset-check killed   interp.py:2340:const#461 (1 files -> full) 12s
subset-check killed   interp.py:2368:const#681 (1 files -> full) 2s
subset-check killed   interp.py:2388:const#467 (1 files -> full) 2s
subset-check killed   interp.py:2420:const#1158 (3 files -> full) 58s
subset-check killed   interp.py:2421:const#1159 (3 files -> full) 60s
subset-check killed   interp.py:2429:const#688 (1 files -> full) 10s
subset-check killed   interp.py:2434:arith#914 (2 files -> full) 58s
subset-check killed   interp.py:2455:const#696 (1 files -> full) 62s
subset-check killed   interp.py:2481:arith#693 (2 files -> full) 59s
subset-check killed   interp.py:430:cmp#264 (3 files -> full) 60s
subset-check killed   interp.py:430:ifneg#85 (3 files -> full) 68s
recheck timeout  -> timeout  interp.py:819:ifneg#103 600s
recheck timeout  -> timeout  interp.py:819:cmp#296 600s
recheck timeout  -> killed   interp.py:1814:bool#861 503s
recheck timeout  -> killed   interp.py:1814:cmp#1032 572s
recheck timeout  -> timeout  interp.py:1753:arith#1119 600s
coverage: derived from the by-file map (full trace, 20 test files)
whence/interp.py: 1727/1939 executable lines executed (89.1%)
  never executed: Interpreter.eval, Interpreter._trampoline_body, _make_builtin_table.b_shapeof, _make_builtin_table.b_at, _make_builtin_table.b_blame, _make_builtin_table._diverge_records, _make_builtin_table.b_diverge, _make_builtin_table.b_contrast
  _type_match                                8/ 18  44.4%  [1995-2024]
  _make_builtin_table.b_print                1/  2  50.0%  [2079-2081]
  _make_builtin_table.b_map                  6/ 11  54.5%  [2113-2124]
  _make_builtin_table.b_has                  9/ 14  64.3%  [2349-2367]
  _make_builtin_table                      284/431  65.9%  [2069-2580]
  _make_builtin_table.b_filter              14/ 21  66.7%  [2127-2148]
  _make_builtin_table.b_join                12/ 18  66.7%  [2283-2301]
  Interpreter.call_value                     2/  3  66.7%  [429-432]
  _make_builtin_table.b_merge                7/ 10  70.0%  [2316-2326]
  _make_builtin_table.b_contains            13/ 18  72.2%  [2262-2280]
  _kind                                      3/  4  75.0%  [1984-1992]
  _make_builtin_table.register               3/  4  75.0%  [2072-2076]
