killed   interp.py:158:ifneg#0 0.8s
killed   interp.py:160:ifneg#1 0.8s
killed   interp.py:165:ifneg#2 0.7s
killed   interp.py:176:ifneg#3 0.5s
killed   interp.py:178:ifneg#4 0.5s
killed   interp.py:181:ifneg#5 0.6s
killed   interp.py:183:ifneg#6 0.6s
killed   interp.py:189:ifneg#7 0.6s
killed   interp.py:191:ifneg#8 0.5s
killed   interp.py:200:ifneg#9 0.8s
killed   interp.py:202:ifneg#10 0.8s
killed   interp.py:209:ifneg#11 0.7s
killed   interp.py:211:ifneg#12 2.2s
killed   interp.py:219:ifneg#13 0.5s
killed   interp.py:222:ifneg#14 0.6s
killed   interp.py:230:ifneg#15 0.6s
killed   interp.py:243:ifneg#16 0.7s
killed   interp.py:245:ifneg#17 0.6s
killed   interp.py:249:ifneg#18 0.6s
killed   interp.py:260:ifneg#19 1.0s
killed   interp.py:262:ifneg#20 1.0s
killed   interp.py:264:ifneg#21 1.0s
killed   interp.py:266:ifneg#22 1.0s
killed   interp.py:268:ifneg#23 1.0s
killed   interp.py:270:ifneg#24 1.0s
killed   interp.py:272:ifneg#25 1.0s
killed   interp.py:274:ifneg#26 1.0s
killed   interp.py:276:ifneg#27 1.0s
killed   interp.py:278:ifneg#28 1.1s
killed   interp.py:287:ifneg#29 1.0s
killed   interp.py:1748:ifneg#30 0.9s
killed   interp.py:1765:ifneg#31 0.9s
killed   interp.py:1780:ifneg#32 0.9s
killed   interp.py:1795:ifneg#33 0.9s
killed   interp.py:1811:ifneg#34 0.9s
killed   interp.py:1827:ifneg#35 0.8s
killed   interp.py:1840:ifneg#36 1.1s
killed   interp.py:1910:ifneg#37 1.1s
killed   interp.py:1969:ifneg#38 1.2s
killed   interp.py:1978:ifneg#39 1.1s
killed   interp.py:1980:ifneg#40 1.1s
killed   interp.py:1986:ifneg#41 1.1s
survived interp.py:1988:ifneg#42 1.1s
killed   interp.py:1995:ifneg#43 1.1s
killed   interp.py:2029:ifneg#44 1.9s
killed   interp.py:2035:ifneg#45 3.7s
killed   interp.py:2063:ifneg#46 1.1s
killed   interp.py:2065:ifneg#47 94.7s
survived interp.py:2070:ifneg#48 1.0s
killed   interp.py:2111:ifneg#49 0.4s
killed   interp.py:2113:ifneg#50 87.2s
killed   interp.py:2137:ifneg#51 0.6s
killed   interp.py:2170:ifneg#52 0.7s
killed   interp.py:141:bool#53 0.9s
killed   interp.py:147:const#54 2.3s
killed   interp.py:149:cmp#55 59.8s
killed   interp.py:160:cmp#56 0.8s
killed   interp.py:161:ifneg#57 0.7s
killed   interp.py:165:cmp#58 0.8s
killed   interp.py:166:ifneg#59 0.8s
killed   interp.py:178:not#60 0.6s
killed   interp.py:181:bool#61 0.6s
killed   interp.py:183:bool#62 0.6s
killed   interp.py:191:not#63 0.6s
killed   interp.py:202:not#64 0.9s
killed   interp.py:211:not#65 2.4s
killed   interp.py:219:bool#66 0.7s
killed   interp.py:223:ifneg#67 0.7s
killed   interp.py:226:ifneg#68 0.7s
killed   interp.py:231:ifneg#69 0.6s
killed   interp.py:234:ifneg#70 0.7s
killed   interp.py:245:not#71 0.8s
killed   interp.py:249:cmp#72 0.7s
killed   interp.py:260:bool#73 1.4s
killed   interp.py:262:bool#74 96.6s
killed   interp.py:264:cmp#75 1.1s
killed   interp.py:266:cmp#76 1.2s
killed   interp.py:268:cmp#77 1.1s
killed   interp.py:270:cmp#78 1.2s
killed   interp.py:272:cmp#79 1.2s
killed   interp.py:274:cmp#80 1.2s
killed   interp.py:276:cmp#81 1.2s
killed   interp.py:278:cmp#82 1.2s
killed   interp.py:287:cmp#83 1.2s
killed   interp.py:295:const#84 8.2s
killed   interp.py:302:const#85 116.7s
killed   interp.py:317:const#86 119.0s
killed   interp.py:356:ifneg#87 96.0s
killed   interp.py:372:ifneg#88 1.6s
killed   interp.py:419:ifneg#89 119.7s
killed   interp.py:421:ifneg#90 119.9s
killed   interp.py:425:ifneg#91 128.7s
survived interp.py:430:ifneg#92 47.9s
killed   interp.py:436:ifneg#93 0.9s
killed   interp.py:597:ifneg#94 1.1s
killed   interp.py:616:ifneg#95 1.1s
killed   interp.py:622:ifneg#96 1.2s
killed   interp.py:629:ifneg#97 1.4s
killed   interp.py:633:ifneg#98 1.4s
killed   interp.py:640:ifneg#99 1.5s
killed   interp.py:727:ifneg#100 1.5s
killed   interp.py:740:ifneg#101 114.6s
killed   interp.py:742:ifneg#102 1.8s
killed   interp.py:774:ifneg#103 140.5s
killed   interp.py:776:ifneg#104 0.8s
killed   interp.py:779:ifneg#105 0.5s
killed   interp.py:783:ifneg#106 0.5s
killed   interp.py:789:ifneg#107 2.1s
killed   interp.py:808:ifneg#108 144.7s
killed   interp.py:813:ifneg#109 2.3s
timeout  interp.py:831:ifneg#110 240.0s
killed   interp.py:833:ifneg#111 1.0s
killed   interp.py:839:ifneg#112 11.0s
killed   interp.py:842:ifneg#113 104.1s
killed   interp.py:844:ifneg#114 9.6s
killed   interp.py:848:ifneg#115 1.8s
killed   interp.py:922:ifneg#116 39.1s
killed   interp.py:934:const#117 105.9s
killed   interp.py:945:ifneg#118 1.5s
killed   interp.py:947:ifneg#119 1.7s
killed   interp.py:980:ifneg#120 1.7s
killed   interp.py:982:ifneg#121 1.7s
killed   interp.py:985:ifneg#122 105.4s
killed   interp.py:987:ifneg#123 1.6s
killed   interp.py:1029:ifneg#124 1.4s
killed   interp.py:1032:ifneg#125 1.3s
killed   interp.py:1043:ifneg#126 1.1s
killed   interp.py:1047:ifneg#127 1.3s
killed   interp.py:1121:ifneg#128 1.3s
killed   interp.py:1136:ifneg#129 1.3s
killed   interp.py:1142:ifneg#130 1.4s
killed   interp.py:1147:ifneg#131 0.9s
killed   interp.py:1153:ifneg#132 0.9s
killed   interp.py:1158:ifneg#133 1.3s
killed   interp.py:1172:ifneg#134 1.3s
killed   interp.py:1214:ifneg#135 1.4s
killed   interp.py:1260:ifneg#136 1.1s
killed   interp.py:1273:ifneg#137 0.9s
killed   interp.py:1285:ifneg#138 1.0s
killed   interp.py:1301:ifneg#139 1.3s
killed   interp.py:1374:ifneg#140 1.4s
killed   interp.py:1398:ifneg#141 0.8s
killed   interp.py:1403:ifneg#142 1.5s
killed   interp.py:1408:ifneg#143 1.5s
killed   interp.py:1412:ifneg#144 1.4s
killed   interp.py:1428:ifneg#145 0.8s
killed   interp.py:1471:ifneg#146 5.0s
killed   interp.py:1478:ifneg#147 1.1s
killed   interp.py:1481:ifneg#148 1.6s
killed   interp.py:1483:ifneg#149 0.6s
killed   interp.py:1489:ifneg#150 0.8s
killed   interp.py:1523:ifneg#151 1.1s
killed   interp.py:1537:ifneg#152 1.2s
killed   interp.py:1563:ifneg#153 0.7s
killed   interp.py:1567:ifneg#154 0.8s
killed   interp.py:1575:ifneg#155 0.6s
killed   interp.py:1582:ifneg#156 1.8s
killed   interp.py:1591:ifneg#157 1.2s
killed   interp.py:1601:ifneg#158 99.9s
killed   interp.py:1603:ifneg#159 2.1s
killed   interp.py:1618:ifneg#160 1.4s
killed   interp.py:1623:ifneg#161 0.6s
killed   interp.py:1626:ifneg#162 1.2s
killed   interp.py:1635:ifneg#163 1.4s
killed   interp.py:1748:cmp#164 1.1s
killed   interp.py:1765:cmp#165 1.1s
killed   interp.py:1780:cmp#166 0.9s
killed   interp.py:1795:cmp#167 0.9s
killed   interp.py:1811:cmp#168 1.2s
killed   interp.py:1827:cmp#169 0.8s
killed   interp.py:1840:cmp#170 1.1s
killed   interp.py:1862:ifneg#171 3.7s
killed   interp.py:1880:ifneg#172 1.6s
killed   interp.py:1910:cmp#173 1.5s
killed   interp.py:1914:ifneg#174 1.4s
killed   interp.py:1939:ifneg#175 1.1s
killed   interp.py:1944:ifneg#176 0.9s
killed   interp.py:1946:ifneg#177 1.2s
killed   interp.py:1948:ifneg#178 1.4s
killed   interp.py:1969:cmp#179 1.6s
killed   interp.py:1972:const#180 1.5s
killed   interp.py:1978:cmp#181 1.3s
killed   interp.py:1982:cmp#182 1.4s
killed   interp.py:1986:cmp#183 1.3s
killed   interp.py:2012:ifneg#184 0.4s
killed   interp.py:2030:ifneg#185 2.0s
killed   interp.py:2035:not#186 4.7s
killed   interp.py:2039:ifneg#187 2.0s
killed   interp.py:2041:ifneg#188 1.9s
killed   interp.py:2044:ifneg#189 1.9s
killed   interp.py:2063:bool#190 1.5s
killed   interp.py:2111:cmp#191 1.6s
survived interp.py:2113:cmp#192 1.4s
killed   interp.py:2170:cmp#193 0.4s
killed   interp.py:2193:ifneg#194 1.3s
killed   interp.py:2196:ifneg#195 1.6s
killed   interp.py:2198:ifneg#196 2.0s
killed   interp.py:2206:ifneg#197 1.2s
survived interp.py:2222:ifneg#198 1.2s
killed   interp.py:2225:ifneg#199 0.7s
survived interp.py:2236:ifneg#200 1.3s
killed   interp.py:2239:ifneg#201 1.1s
killed   interp.py:2260:ifneg#202 0.9s
killed   interp.py:2263:ifneg#203 1.1s
killed   interp.py:2279:ifneg#204 0.6s
survived interp.py:2281:ifneg#205 1.3s
killed   interp.py:2296:ifneg#206 0.5s
killed   interp.py:2299:ifneg#207 1.0s
killed   interp.py:2301:ifneg#208 0.9s
killed   interp.py:2321:ifneg#209 0.8s
killed   interp.py:2324:ifneg#210 1.1s
killed   interp.py:2332:ifneg#211 1.4s
killed   interp.py:2335:ifneg#212 1.2s
killed   interp.py:2338:ifneg#213 4.6s
killed   interp.py:2362:ifneg#214 1.1s
killed   interp.py:2372:ifneg#215 1.6s
killed   interp.py:2375:ifneg#216 0.8s
killed   interp.py:2378:ifneg#217 0.9s
killed   interp.py:2392:ifneg#218 1.4s
killed   interp.py:2395:ifneg#219 1.7s
killed   interp.py:2413:ifneg#220 1.7s
killed   interp.py:2416:ifneg#221 1.4s
survived interp.py:2425:ifneg#222 1.3s
survived interp.py:2428:ifneg#223 1.3s
killed   interp.py:2445:ifneg#224 1.4s
survived interp.py:2447:ifneg#225 1.3s
killed   interp.py:2462:ifneg#226 1.5s
killed   interp.py:2465:ifneg#227 56.5s
survived interp.py:2469:ifneg#228 54.0s
killed   interp.py:2482:ifneg#229 49.8s
killed   interp.py:2484:ifneg#230 57.1s
killed   interp.py:2488:ifneg#231 57.1s
killed   interp.py:2499:ifneg#232 5.7s
killed   interp.py:2502:ifneg#233 89.8s
killed   interp.py:2532:ifneg#234 4.9s
survived interp.py:2535:ifneg#235 51.5s
survived interp.py:2539:ifneg#236 50.9s
survived interp.py:2544:ifneg#237 51.1s
killed   interp.py:2555:ifneg#238 5.0s
survived interp.py:2574:ifneg#239 1.4s
killed   interp.py:2594:ifneg#240 1.3s
killed   interp.py:2596:ifneg#241 1.4s
killed   interp.py:2602:ifneg#242 1.5s
killed   interp.py:2634:ifneg#243 25.7s
killed   interp.py:2642:ifneg#244 26.1s
killed   interp.py:2644:ifneg#245 26.1s
killed   interp.py:2649:ifneg#246 25.9s
killed   interp.py:2665:ifneg#247 1.4s
killed   interp.py:2670:ifneg#248 1.4s
killed   interp.py:2672:ifneg#249 0.2s
killed   interp.py:2677:ifneg#250 0.3s
killed   interp.py:100:cmp#251 1.1s
killed   interp.py:101:ifneg#252 1.1s
killed   interp.py:141:not#253 1.1s
killed   interp.py:150:const#254 2.8s
killed   interp.py:170:arith#255 0.3s
killed   interp.py:181:cmp#256 0.8s
killed   interp.py:181:cmp#257 0.8s
killed   interp.py:183:cmp#258 0.8s
killed   interp.py:183:cmp#259 0.8s
killed   interp.py:223:bool#260 0.8s
killed   interp.py:226:bool#261 0.8s
killed   interp.py:231:bool#262 0.8s
killed   interp.py:234:bool#263 0.8s
killed   interp.py:238:arith#264 0.8s
killed   interp.py:250:bool#265 1.2s
killed   interp.py:260:cmp#266 1.4s
killed   interp.py:260:cmp#267 1.3s
killed   interp.py:262:cmp#268 1.3s
killed   interp.py:262:cmp#269 1.3s
killed   interp.py:262:cmp#270 1.3s
killed   interp.py:267:arith#271 1.2s
killed   interp.py:320:const#272 0.3s
killed   interp.py:320:const#273 0.3s
killed   interp.py:320:const#274 0.3s
killed   interp.py:325:const#275 1.5s
killed   interp.py:328:const#276 120.4s
killed   interp.py:329:const#277 5.5s
killed   interp.py:331:const#278 1.7s
killed   interp.py:337:const#279 1.7s
killed   interp.py:338:const#280 1.6s
killed   interp.py:363:ifneg#281 7.0s
killed   interp.py:398:ifneg#282 1.3s
killed   interp.py:419:cmp#283 0.3s
killed   interp.py:425:cmp#284 0.3s
survived interp.py:430:cmp#285 52.2s
killed   interp.py:436:not#286 0.9s
killed   interp.py:456:const#287 3.1s
killed   interp.py:465:ifneg#288 1.4s
killed   interp.py:571:const#289 120.7s
killed   interp.py:597:cmp#290 1.2s
killed   interp.py:598:ifneg#291 1.1s
killed   interp.py:600:ifneg#292 1.2s
killed   interp.py:616:cmp#293 0.8s
killed   interp.py:622:cmp#294 0.8s
killed   interp.py:629:cmp#295 1.5s
killed   interp.py:633:bool#296 1.5s
killed   interp.py:636:arith#297 1.5s
killed   interp.py:637:const#298 121.9s
killed   interp.py:638:const#299 1.5s
killed   interp.py:640:cmp#300 122.4s
killed   interp.py:642:bool#301 1.4s
killed   interp.py:644:const#302 1.7s
killed   interp.py:727:cmp#303 0.3s
killed   interp.py:740:cmp#304 0.3s
killed   interp.py:746:ifneg#305 2.2s
killed   interp.py:774:cmp#306 0.3s
killed   interp.py:776:not#307 1.0s
killed   interp.py:778:bool#308 0.7s
killed   interp.py:779:cmp#309 0.7s
killed   interp.py:783:cmp#310 126.6s
killed   interp.py:787:const#311 123.6s
killed   interp.py:788:const#312 0.7s
killed   interp.py:789:cmp#313 0.3s
killed   interp.py:808:cmp#314 0.2s
killed   interp.py:813:not#315 0.2s
killed   interp.py:816:const#316 0.2s
killed   interp.py:831:cmp#317 0.3s
killed   interp.py:839:bool#318 12.2s
killed   interp.py:842:cmp#319 122.6s
killed   interp.py:848:bool#320 1.0s
killed   interp.py:850:ifneg#321 0.3s
killed   interp.py:853:ifneg#322 9.6s
killed   interp.py:871:const#323 9.7s
killed   interp.py:873:ifneg#324 9.9s
killed   interp.py:876:ifneg#325 3.1s
killed   interp.py:882:ifneg#326 10.3s
killed   interp.py:885:ifneg#327 119.6s
killed   interp.py:887:ifneg#328 12.9s
killed   interp.py:892:ifneg#329 0.3s
killed   interp.py:922:cmp#330 0.3s
killed   interp.py:945:cmp#331 54.8s
killed   interp.py:947:not#332 2.7s
killed   interp.py:956:ifneg#333 2.5s
killed   interp.py:961:ifneg#334 0.3s
killed   interp.py:965:ifneg#335 2.5s
killed   interp.py:980:cmp#336 2.7s
killed   interp.py:982:not#337 2.6s
killed   interp.py:985:cmp#338 111.7s
killed   interp.py:994:ifneg#339 1.7s
killed   interp.py:999:ifneg#340 1.9s
killed   interp.py:1002:ifneg#341 1.3s
killed   interp.py:1006:ifneg#342 0.3s
killed   interp.py:1020:const#343 1.6s
killed   interp.py:1029:bool#344 0.7s
killed   interp.py:1032:cmp#345 1.2s
killed   interp.py:1043:cmp#346 0.3s
killed   interp.py:1047:cmp#347 1.2s
killed   interp.py:1058:ifneg#348 0.3s
killed   interp.py:1065:ifneg#349 1.6s
killed   interp.py:1077:ifneg#350 1.4s
killed   interp.py:1121:cmp#351 0.9s
killed   interp.py:1124:ifneg#352 1.3s
killed   interp.py:1127:ifneg#353 1.5s
killed   interp.py:1136:cmp#354 0.7s
killed   interp.py:1138:ifneg#355 0.7s
killed   interp.py:1142:cmp#356 1.1s
killed   interp.py:1144:ifneg#357 9.3s
killed   interp.py:1147:cmp#358 1.0s
killed   interp.py:1149:ifneg#359 13.9s
killed   interp.py:1153:cmp#360 1.0s
killed   interp.py:1155:ifneg#361 6.0s
killed   interp.py:1158:cmp#362 1.0s
killed   interp.py:1161:ifneg#363 5.2s
killed   interp.py:1172:cmp#364 1.3s
killed   interp.py:1176:ifneg#365 1.3s
killed   interp.py:1178:ifneg#366 1.3s
killed   interp.py:1214:cmp#367 0.3s
killed   interp.py:1223:ifneg#368 1.2s
killed   interp.py:1225:ifneg#369 0.9s
killed   interp.py:1260:cmp#370 1.1s
killed   interp.py:1262:ifneg#371 1.5s
killed   interp.py:1273:cmp#372 1.0s
killed   interp.py:1275:ifneg#373 1.2s
killed   interp.py:1285:cmp#374 1.1s
killed   interp.py:1288:ifneg#375 1.2s
killed   interp.py:1301:cmp#376 1.2s
killed   interp.py:1303:ifneg#377 3.5s
killed   interp.py:1351:ifneg#378 1.5s
killed   interp.py:1359:ifneg#379 0.3s
killed   interp.py:1362:ifneg#380 1.3s
killed   interp.py:1374:cmp#381 0.3s
killed   interp.py:1379:ifneg#382 0.3s
killed   interp.py:1391:ifneg#383 1.2s
killed   interp.py:1428:cmp#384 0.8s
killed   interp.py:1471:not#385 0.2s
killed   interp.py:1478:cmp#386 0.8s
killed   interp.py:1481:cmp#387 0.2s
killed   interp.py:1489:cmp#388 0.7s
killed   interp.py:1504:ifneg#389 0.2s
killed   interp.py:1523:cmp#390 1.1s
killed   interp.py:1526:ifneg#391 1.6s
killed   interp.py:1537:bool#392 0.3s
killed   interp.py:1540:ifneg#393 1.2s
killed   interp.py:1552:ifneg#394 0.9s
killed   interp.py:1563:bool#395 0.7s
killed   interp.py:1567:cmp#396 0.8s
killed   interp.py:1569:ifneg#397 0.8s
killed   interp.py:1575:cmp#398 0.6s
killed   interp.py:1576:ifneg#399 0.7s
killed   interp.py:1582:cmp#400 0.3s
killed   interp.py:1583:ifneg#401 3.5s
killed   interp.py:1585:ifneg#402 3.5s
killed   interp.py:1591:cmp#403 1.0s
killed   interp.py:1601:cmp#404 104.2s
killed   interp.py:1611:ifneg#405 101.3s
killed   interp.py:1613:ifneg#406 0.8s
killed   interp.py:1627:ifneg#407 1.0s
killed   interp.py:1632:ifneg#408 1.2s
killed   interp.py:1637:ifneg#409 1.1s
killed   interp.py:1641:ifneg#410 1.2s
killed   interp.py:1651:ifneg#411 1.0s
killed   interp.py:1711:ifneg#412 0.3s
killed   interp.py:1756:ifneg#413 1.5s
killed   interp.py:1773:ifneg#414 1.5s
killed   interp.py:1788:ifneg#415 1.3s
killed   interp.py:1803:ifneg#416 1.4s
killed   interp.py:1819:ifneg#417 0.7s
killed   interp.py:1835:ifneg#418 1.1s
killed   interp.py:1848:ifneg#419 0.2s
killed   interp.py:1862:bool#420 106.2s
killed   interp.py:1882:ifneg#421 0.9s
killed   interp.py:1910:const#422 0.2s
killed   interp.py:1914:cmp#423 1.3s
killed   interp.py:1936:cmp#424 1.0s
killed   interp.py:1939:cmp#425 1.1s
killed   interp.py:1941:ifneg#426 2.4s
killed   interp.py:1944:bool#427 103.3s
killed   interp.py:1946:cmp#428 0.8s
killed   interp.py:1949:ifneg#429 1.1s
killed   interp.py:1951:ifneg#430 0.3s
killed   interp.py:1979:const#431 0.3s
survived interp.py:1989:arith#432 1.6s
killed   interp.py:2030:cmp#433 2.4s
killed   interp.py:2034:cmp#434 0.3s
killed   interp.py:2039:cmp#435 2.3s
killed   interp.py:2041:bool#436 2.1s
killed   interp.py:2044:not#437 2.0s
killed   interp.py:2046:const#438 2.0s
killed   interp.py:2063:cmp#439 1.5s
survived interp.py:2072:arith#440 1.3s
survived interp.py:2119:arith#441 0.5s
killed   interp.py:2185:const#442 0.3s
survived interp.py:2190:const#443 0.5s
killed   interp.py:2209:ifneg#444 0.5s
killed   interp.py:2225:not#445 0.7s
killed   interp.py:2219:const#446 0.4s
killed   interp.py:2239:not#447 0.3s
killed   interp.py:2246:ifneg#448 1.2s
killed   interp.py:2249:ifneg#449 1.2s
killed   interp.py:2253:ifneg#450 0.8s
killed   interp.py:2233:const#451 0.8s
killed   interp.py:2263:not#452 1.0s
killed   interp.py:2266:const#453 0.2s
killed   interp.py:2257:const#454 0.8s
killed   interp.py:2281:not#455 0.3s
killed   interp.py:2276:const#456 1.2s
killed   interp.py:2286:const#457 0.3s
killed   interp.py:2307:ifneg#458 0.9s
killed   interp.py:2311:ifneg#459 0.9s
killed   interp.py:2293:const#460 0.7s
killed   interp.py:2318:const#461 0.8s
killed   interp.py:2335:not#462 0.8s
killed   interp.py:2338:cmp#463 45.2s
killed   interp.py:2329:const#464 0.3s
killed   interp.py:2347:const#465 0.3s
killed   interp.py:2352:const#466 0.2s
killed   interp.py:2362:not#467 1.1s
survived interp.py:2359:const#468 0.4s
killed   interp.py:2375:bool#469 1.2s
killed   interp.py:2368:const#470 0.3s
killed   interp.py:2395:bool#471 93.8s
killed   interp.py:2400:ifneg#472 1.7s
killed   interp.py:2402:ifneg#473 1.7s
survived interp.py:2389:const#474 1.2s
killed   interp.py:2416:not#475 0.3s
killed   interp.py:2410:const#476 1.2s
survived interp.py:2428:bool#477 1.2s
survived interp.py:2422:const#478 1.2s
survived interp.py:2447:not#479 1.4s
killed   interp.py:2442:const#480 0.3s
survived interp.py:2465:not#481 1.3s
survived interp.py:2469:not#482 54.4s
survived interp.py:2455:const#483 1.3s
survived interp.py:2484:not#484 1.3s
survived interp.py:2488:not#485 0.4s
survived interp.py:2476:const#486 54.6s
survived interp.py:2502:not#487 1.3s
survived interp.py:2508:ifneg#488 58.1s
survived interp.py:2511:ifneg#489 57.2s
survived interp.py:2515:ifneg#490 54.3s
survived interp.py:2496:const#491 50.1s
survived interp.py:2535:not#492 49.2s
survived interp.py:2539:not#493 1.6s
survived interp.py:2529:const#494 52.2s
killed   interp.py:2555:bool#495 0.3s
killed   interp.py:2550:const#496 0.2s
survived interp.py:2561:const#497 49.4s
survived interp.py:2574:cmp#498 0.5s
survived interp.py:2576:ifneg#499 0.5s
survived interp.py:2578:ifneg#500 1.5s
killed   interp.py:2596:not#501 0.3s
killed   interp.py:2602:cmp#502 0.3s
killed   interp.py:2591:const#503 0.3s
killed   interp.py:2608:const#504 0.3s
killed   interp.py:2626:ifneg#505 0.3s
killed   interp.py:2634:cmp#506 0.2s
killed   interp.py:2644:not#507 0.3s
killed   interp.py:2665:cmp#508 0.3s
killed   interp.py:2672:not#509 0.2s
killed   interp.py:101:cmp#510 1.2s
killed   interp.py:163:arith#511 0.5s
killed   interp.py:168:arith#512 0.6s
killed   interp.py:179:arith#513 0.6s
killed   interp.py:181:const#514 0.8s
killed   interp.py:182:const#515 0.7s
killed   interp.py:183:const#516 0.8s
killed   interp.py:184:const#517 0.7s
killed   interp.py:192:arith#518 0.5s
killed   interp.py:203:arith#519 0.8s
killed   interp.py:212:arith#520 1.0s
killed   interp.py:214:arith#521 1.1s
killed   interp.py:223:not#522 0.8s
killed   interp.py:226:cmp#523 1.6s
killed   interp.py:226:cmp#524 0.8s
killed   interp.py:231:not#525 0.8s
killed   interp.py:234:cmp#526 2.9s
killed   interp.py:234:cmp#527 0.8s
killed   interp.py:237:arith#528 109.6s
killed   interp.py:244:arith#529 0.6s
killed   interp.py:246:arith#530 0.7s
killed   interp.py:251:arith#531 0.9s
killed   interp.py:322:cmp#532 1.5s
killed   interp.py:336:bool#533 1.6s
killed   interp.py:339:const#534 118.1s
killed   interp.py:376:arith#535 1.6s
killed   interp.py:398:cmp#536 1.4s
killed   interp.py:401:ifneg#537 1.4s
killed   interp.py:422:const#538 0.3s
survived interp.py:430:const#539 54.4s
killed   interp.py:465:cmp#540 1.2s
killed   interp.py:467:ifneg#541 1.3s
killed   interp.py:470:ifneg#542 121.2s
killed   interp.py:472:ifneg#543 1.2s
killed   interp.py:480:ifneg#544 1.6s
killed   interp.py:494:ifneg#545 1.2s
killed   interp.py:550:ifneg#546 1.3s
killed   interp.py:554:ifneg#547 1.2s
killed   interp.py:598:cmp#548 1.2s
killed   interp.py:600:cmp#549 1.2s
killed   interp.py:601:ifneg#550 1.0s
killed   interp.py:606:ifneg#551 1.3s
killed   interp.py:617:bool#552 0.8s
killed   interp.py:623:bool#553 0.8s
killed   interp.py:633:not#554 1.6s
killed   interp.py:633:cmp#555 124.9s
killed   interp.py:634:const#556 1.8s
killed   interp.py:648:const#557 1.5s
killed   interp.py:651:ifneg#558 1.3s
killed   interp.py:667:ifneg#559 1.3s
killed   interp.py:671:ifneg#560 1.0s
killed   interp.py:677:ifneg#561 1.1s
killed   interp.py:685:ifneg#562 0.9s
killed   interp.py:691:ifneg#563 0.8s
killed   interp.py:699:ifneg#564 0.2s
killed   interp.py:706:ifneg#565 1.3s
killed   interp.py:724:arith#566 1.9s
killed   interp.py:743:const#567 1.6s
killed   interp.py:746:cmp#568 1.7s
killed   interp.py:748:arith#569 0.2s
killed   interp.py:798:const#570 0.7s
killed   interp.py:839:cmp#571 11.7s
killed   interp.py:839:cmp#572 110.6s
killed   interp.py:845:const#573 112.3s
killed   interp.py:848:cmp#574 1.1s
killed   interp.py:850:cmp#575 0.3s
killed   interp.py:853:cmp#576 0.2s
killed   interp.py:855:ifneg#577 112.6s
killed   interp.py:857:ifneg#578 9.2s
killed   interp.py:873:cmp#579 10.3s
killed   interp.py:882:bool#580 9.4s
killed   interp.py:885:cmp#581 110.8s
killed   interp.py:892:bool#582 9.0s
killed   interp.py:894:ifneg#583 45.0s
killed   interp.py:898:ifneg#584 0.3s
killed   interp.py:948:const#585 1.5s
killed   interp.py:949:const#586 1.4s
killed   interp.py:956:cmp#587 1.7s
killed   interp.py:961:cmp#588 0.2s
killed   interp.py:964:arith#589 0.3s
killed   interp.py:965:cmp#590 0.2s
killed   interp.py:983:const#591 0.2s
killed   interp.py:994:bool#592 123.3s
killed   interp.py:999:cmp#593 1.8s
killed   interp.py:1002:bool#594 0.2s
killed   interp.py:1006:bool#595 1.6s
killed   interp.py:1029:cmp#596 0.6s
killed   interp.py:1029:cmp#597 0.6s
killed   interp.py:1029:cmp#598 0.6s
killed   interp.py:1058:bool#599 0.2s
killed   interp.py:1061:ifneg#600 0.2s
killed   interp.py:1065:bool#601 1.7s
killed   interp.py:1080:ifneg#602 1.0s
killed   interp.py:1083:ifneg#603 2.0s
killed   interp.py:1099:ifneg#604 1.2s
killed   interp.py:1124:not#605 1.3s
killed   interp.py:1127:cmp#606 0.5s
killed   interp.py:1138:not#607 0.7s
killed   interp.py:1144:not#608 5.1s
killed   interp.py:1149:not#609 14.0s
killed   interp.py:1155:not#610 1.9s
killed   interp.py:1161:not#611 4.8s
killed   interp.py:1166:ifneg#612 1.3s
killed   interp.py:1176:not#613 1.4s
killed   interp.py:1203:ifneg#614 1.6s
killed   interp.py:1216:const#615 0.3s
killed   interp.py:1219:ifneg#616 1.4s
killed   interp.py:1223:not#617 1.5s
killed   interp.py:1225:cmp#618 1.0s
killed   interp.py:1262:not#619 1.6s
killed   interp.py:1264:arith#620 0.3s
killed   interp.py:1275:not#621 1.3s
killed   interp.py:1288:not#622 1.2s
killed   interp.py:1297:ifneg#623 0.2s
killed   interp.py:1303:not#624 2.0s
killed   interp.py:1312:ifneg#625 0.3s
killed   interp.py:1318:arith#626 0.2s
killed   interp.py:1341:const#627 1.3s
killed   interp.py:1342:ifneg#628 0.9s
killed   interp.py:1347:ifneg#629 1.3s
killed   interp.py:1350:bool#630 1.7s
killed   interp.py:1351:cmp#631 0.8s
killed   interp.py:1353:ifneg#632 1.5s
killed   interp.py:1359:cmp#633 0.2s
killed   interp.py:1362:cmp#634 1.0s
killed   interp.py:1363:ifneg#635 1.0s
killed   interp.py:1374:const#636 0.2s
killed   interp.py:1375:const#637 0.2s
killed   interp.py:1378:const#638 0.7s
killed   interp.py:1381:ifneg#639 0.3s
killed   interp.py:1391:bool#640 1.4s
killed   interp.py:1393:ifneg#641 1.4s
killed   interp.py:1414:arith#642 109.8s
killed   interp.py:1443:arith#643 1.0s
killed   interp.py:1504:cmp#644 0.2s
killed   interp.py:1506:ifneg#645 0.2s
killed   interp.py:1526:cmp#646 1.9s
killed   interp.py:1537:bool#647 0.2s
killed   interp.py:1537:bool#648 0.2s
killed   interp.py:1540:cmp#649 0.3s
killed   interp.py:1541:ifneg#650 0.8s
killed   interp.py:1552:bool#651 1.3s
killed   interp.py:1557:ifneg#652 1.0s
killed   interp.py:1560:ifneg#653 2.4s
killed   interp.py:1569:cmp#654 0.8s
killed   interp.py:1576:bool#655 0.8s
killed   interp.py:1583:bool#656 3.7s
killed   interp.py:1585:bool#657 6.2s
killed   interp.py:1596:arith#658 0.3s
killed   interp.py:1604:const#659 108.3s
killed   interp.py:1611:cmp#660 109.0s
killed   interp.py:1627:not#661 1.2s
killed   interp.py:1636:bool#662 0.3s
killed   interp.py:1637:cmp#663 1.2s
killed   interp.py:1641:cmp#664 1.5s
killed   interp.py:1650:const#665 0.3s
killed   interp.py:1651:cmp#666 109.3s
killed   interp.py:1654:const#667 0.3s
killed   interp.py:1711:cmp#668 0.2s
killed   interp.py:1714:arith#669 0.3s
killed   interp.py:1733:not#670 1.6s
killed   interp.py:1756:bool#671 0.8s
killed   interp.py:1761:ifneg#672 1.3s
killed   interp.py:1773:bool#673 1.6s
killed   interp.py:1788:bool#674 1.1s
killed   interp.py:1803:bool#675 1.0s
killed   interp.py:1819:bool#676 0.8s
killed   interp.py:1835:bool#677 100.7s
killed   interp.py:1848:bool#678 0.3s
killed   interp.py:1862:bool#679 3.4s
killed   interp.py:1863:bool#680 0.2s
killed   interp.py:1882:bool#681 0.2s
killed   interp.py:1883:ifneg#682 0.2s
killed   interp.py:1941:cmp#683 2.2s
killed   interp.py:1947:const#684 1.2s
killed   interp.py:1949:cmp#685 0.7s
killed   interp.py:1951:bool#686 0.2s
killed   interp.py:1952:ifneg#687 0.2s
killed   interp.py:1954:ifneg#688 0.2s
killed   interp.py:1971:const#689 0.2s
killed   interp.py:2032:cmp#690 2.0s
killed   interp.py:2036:const#691 0.2s
killed   interp.py:2041:cmp#692 1.8s
killed   interp.py:2066:arith#693 99.2s
killed   interp.py:2117:cmp#694 91.5s
killed   interp.py:2188:const#695 1.1s
killed   interp.py:2200:arith#696 1.8s
survived interp.py:2209:bool#697 0.4s
killed   interp.py:2213:cmp#698 0.7s
killed   interp.py:2216:arith#699 0.7s
killed   interp.py:2203:const#700 1.1s
killed   interp.py:2203:const#701 1.1s
killed   interp.py:2249:not#702 1.2s
killed   interp.py:2269:const#703 91.3s
killed   interp.py:2273:arith#704 0.8s
killed   interp.py:2307:not#705 0.2s
killed   interp.py:2311:bool#706 3.5s
survived interp.py:2315:arith#707 1.5s
killed   interp.py:2326:arith#708 88.5s
killed   interp.py:2338:const#709 41.7s
killed   interp.py:2381:ifneg#710 1.0s
killed   interp.py:2385:arith#711 41.8s
killed   interp.py:2395:not#712 1.6s
killed   interp.py:2395:not#713 1.6s
survived interp.py:2402:not#714 0.3s
survived interp.py:2428:not#715 1.2s
survived interp.py:2428:not#716 1.2s
survived interp.py:2474:cmp#717 3.3s
survived interp.py:2511:not#718 49.8s
survived interp.py:2546:arith#719 45.1s
killed   interp.py:2556:not#720 0.3s
survived interp.py:2564:const#721 0.4s
survived interp.py:2574:const#722 0.4s
survived interp.py:2578:not#723 0.5s
killed   interp.py:2588:arith#724 0.2s
killed   interp.py:2571:const#725 0.4s
killed   interp.py:2571:const#726 0.4s
killed   interp.py:2613:arith#727 0.3s
killed   interp.py:2626:cmp#728 0.2s
killed   interp.py:2634:const#729 0.3s
killed   interp.py:2641:const#730 0.2s
killed   interp.py:2654:arith#731 0.3s
killed   interp.py:2632:const#732 0.3s
killed   interp.py:2632:const#733 0.2s
killed   interp.py:2665:const#734 0.2s
killed   interp.py:2669:const#735 0.2s
killed   interp.py:2682:ifneg#736 0.2s
killed   interp.py:2684:arith#737 0.2s
killed   interp.py:2685:bool#738 0.2s
killed   interp.py:2658:const#739 0.2s
killed   interp.py:2658:const#740 0.3s
killed   interp.py:167:not#741 0.9s
killed   interp.py:224:arith#742 0.7s
killed   interp.py:226:const#743 1.4s
killed   interp.py:227:arith#744 0.7s
killed   interp.py:232:arith#745 0.3s
killed   interp.py:234:const#746 2.5s
killed   interp.py:235:arith#747 0.6s
killed   interp.py:271:cmp#748 1.3s
killed   interp.py:368:not#749 0.5s
killed   interp.py:376:arith#750 62.8s
killed   interp.py:401:cmp#751 1.2s
killed   interp.py:406:ifneg#752 1.2s
killed   interp.py:437:arith#753 0.5s
killed   interp.py:467:bool#754 1.3s
killed   interp.py:470:cmp#755 101.8s
killed   interp.py:480:bool#756 101.2s
killed   interp.py:483:ifneg#757 1.4s
killed   interp.py:485:ifneg#758 1.4s
killed   interp.py:494:cmp#759 1.2s
killed   interp.py:501:ifneg#760 102.0s
killed   interp.py:506:ifneg#761 1.1s
killed   interp.py:526:ifneg#762 1.2s
killed   interp.py:550:cmp#763 1.2s
killed   interp.py:554:cmp#764 1.1s
killed   interp.py:555:ifneg#765 77.4s
killed   interp.py:559:ifneg#766 1.1s
killed   interp.py:562:ifneg#767 1.1s
killed   interp.py:601:not#768 1.2s
killed   interp.py:609:arith#769 0.9s
killed   interp.py:618:arith#770 1.6s
killed   interp.py:624:arith#771 1.7s
killed   interp.py:651:cmp#772 1.2s
killed   interp.py:655:ifneg#773 1.3s
killed   interp.py:667:cmp#774 1.1s
killed   interp.py:671:bool#775 0.8s
killed   interp.py:677:cmp#776 0.9s
killed   interp.py:684:bool#777 0.7s
killed   interp.py:685:cmp#778 0.7s
killed   interp.py:691:bool#779 0.7s
killed   interp.py:697:const#780 0.8s
killed   interp.py:698:const#781 0.2s
killed   interp.py:699:cmp#782 0.2s
killed   interp.py:706:cmp#783 0.8s
killed   interp.py:709:ifneg#784 0.9s
killed   interp.py:712:ifneg#785 97.7s
killed   interp.py:720:ifneg#786 1.6s
killed   interp.py:724:const#787 1.6s
killed   interp.py:748:const#788 0.2s
killed   interp.py:780:arith#789 0.7s
killed   interp.py:784:arith#790 90.8s
killed   interp.py:812:bool#791 0.2s
killed   interp.py:812:const#792 0.3s
killed   interp.py:839:const#793 91.8s
killed   interp.py:855:cmp#794 0.2s
killed   interp.py:882:cmp#795 7.9s
killed   interp.py:882:cmp#796 2.7s
killed   interp.py:888:const#797 88.6s
killed   interp.py:892:cmp#798 8.3s
killed   interp.py:894:cmp#799 36.5s
killed   interp.py:898:cmp#800 6.7s
