harvest:  765 programs from 63 files, 920 calls
residual: 114 (56 unresolved names + 58 non-constant nodes)
excluded: 45 module calls + 22 statement-node args + 12 file reads (not residual -- not source positions)
folded:   56 multi-valued nodes, 7 capped at MAX_FOLD=32
strings:  1199 folded = 186 parse-only + 211 dup-in-file + 18 unparsed + 784 kept; 784 kept - 19 dup-cross-file = 765 programs
parse-only: 186 strings, 141 distinct, 25 of those are programs (gate 2); 29 of 98 runners never execute
args:     81 forwarded to a call site this walk also visits
scopes:   22 with more than one Interpreter (depth from the first)
runners:  69 executing
     0 test_contract_message_differential.py:288
     1 test_contract_message_differential.py:288
     2 test_contract_message_differential.py:288
     3 test_contract_message_differential.py:288
     4 test_contract_message_differential.py:288
     5 test_contract_message_differential.py:288
     6 test_contract_message_differential.py:288
     7 test_contract_message_differential.py:288
     8 test_contract_message_differential.py:288
     9 test_contract_message_differential.py:288
    10 test_contract_message_differential.py:288
    11 test_contract_message_differential.py:288
    12 test_contract_message_differential.py:288
    13 test_contract_message_differential.py:288
    14 test_contract_message_differential.py:288
    15 test_contract_message_differential.py:288
    16 test_contract_message_differential.py:288
    17 test_contract_message_differential.py:288
    18 test_contract_message_differential.py:288
    19 test_contract_message_differential.py:288
    20 test_contract_message_differential.py:288
    21 test_contract_message_differential.py:288
    22 test_contract_message_differential.py:288
    23 test_contract_message_differential.py:288
    24 test_contract_message_differential.py:288
    25 test_contract_message_differential.py:288
    26 test_contract_message_differential.py:288
    27 test_contract_message_differential.py:288
    28 test_contract_message_differential.py:288
    29 test_contract_message_differential.py:288
    30 test_contract_message_differential.py:288
    31 test_contract_message_differential.py:288
    32 test_contract_message_differential.py:343
    33 test_contract_message_differential.py:513
    34 test_contract_message_differential.py:510
    35 test_critical_mission_claims.py:93
    36 test_critical_mission_claims.py:99
    37 test_critical_mission_claims.py:108
    38 test_fuzz_regressions.py:48
    39 test_fuzz_regressions.py:47
    40 test_fuzz_regressions.py:46
    41 test_fuzz_regressions.py:56
    42 test_fuzz_regressions.py:55
    43 test_fuzz_regressions.py:54
    44 test_fuzz_regressions.py:61
    45 test_fuzz_regressions.py:60
    46 test_fuzz_regressions.py:66
    47 test_fuzz_regressions.py:65
    48 test_fuzz_regressions.py:71
    49 test_fuzz_regressions.py:85
    50 test_fuzz_regressions.py:95
    51 test_fuzz_regressions.py:103
    52 test_fuzz_regressions.py:102
    53 test_fuzz_regressions.py:101
    54 test_fuzz_regressions.py:100
    55 test_fuzz_regressions.py:99
    56 test_fuzz_regressions.py:124
    57 test_fuzz_regressions.py:123
    58 test_fuzz_regressions.py:129
    59 test_fuzz_regressions.py:128
    60 test_fuzz_regressions.py:197
    61 test_fuzz_regressions.py:211
    62 test_fuzz_regressions.py:211
    63 test_fuzz_regressions.py:204
    64 test_fuzz_regressions.py:233
    65 test_generated_killers.py:47
    66 test_generated_killers.py:53
    67 test_generated_killers.py:71
    68 test_generated_killers.py:77
    69 test_generated_killers.py:83
    70 test_generated_killers.py:89
    71 test_generated_killers.py:95
    72 test_generated_killers.py:101
    73 test_generated_killers.py:107
    74 test_generated_killers.py:113
    75 test_generated_killers.py:119
    76 test_generated_killers.py:125
    77 test_generated_killers.py:131
    78 test_generated_killers.py:143
    79 test_generated_killers.py:149
    80 test_generated_killers.py:155
    81 test_generated_killers.py:167
    82 test_generated_killers.py:173
    83 test_generated_killers.py:179
    84 test_generated_killers.py:185
    85 test_generated_killers.py:191
    86 test_generated_killers.py:203
    87 test_generated_killers.py:209
    88 test_generated_killers.py:221
    89 test_generated_killers.py:227
    90 test_generated_killers.py:233
    91 test_generated_killers.py:239
    92 test_generated_killers.py:245
    93 test_generated_killers.py:251
    94 test_generated_killers.py:257
    95 test_generated_killers.py:275
    96 test_generated_killers.py:305
    97 test_generated_killers.py:311
    98 test_generated_killers.py:317
    99 test_generated_killers.py:323
   100 test_generated_killers.py:335
   101 test_generated_killers.py:341
   102 test_generated_killers.py:353
   103 test_generated_killers.py:365
   104 test_generated_killers.py:371
   105 test_generated_killers.py:383
   106 test_generated_killers.py:407
   107 test_generated_killers.py:419
   108 test_generated_killers.py:425
   109 test_generated_killers_r29.py:47
   110 test_generated_killers_r29.py:53
   111 test_generated_killers_r29.py:65
   112 test_generated_killers_r29.py:71
   113 test_generated_killers_r29.py:77
   114 test_history.py:75
   115 test_history.py:97
   116 test_history.py:105
   117 test_history.py:110
   118 test_history.py:118
   119 test_history.py:128
   120 test_history.py:127
   121 test_history.py:133
   122 test_history.py:132
   123 test_history.py:142
   124 test_history.py:151
   125 test_history.py:159
   126 test_history.py:157
   127 test_history.py:169
   128 test_history.py:169
   129 test_history.py:164
   130 test_history.py:184
   131 test_history.py:193
   132 test_history.py:199
   133 test_history.py:205
   134 test_history.py:209
   135 test_interp.py:28
   136 test_interp.py:27
   137 test_interp.py:26
   138 test_interp.py:25
   139 test_interp.py:33
   140 test_interp.py:32
   141 test_interp.py:38
   142 test_interp.py:45
   143 test_interp.py:43
   144 test_interp.py:49
   145 test_interp.py:54
   146 test_interp.py:59
   147 test_interp.py:67
   148 test_interp.py:66
   149 test_interp.py:72
   150 test_interp.py:81
   151 test_interp.py:80
   152 test_interp.py:79
   153 test_interp.py:78
   154 test_interp.py:87
   155 test_interp.py:86
   156 test_interp.py:93
   157 test_interp.py:100
   158 test_interp.py:99
   159 test_interp.py:98
   160 test_interp.py:97
   161 test_interp.py:104
   162 test_interp.py:109
   163 test_interp.py:121
   164 test_interp.py:129
   165 test_interp.py:133
   166 test_interp.py:138
   167 test_interp.py:143
   168 test_interp.py:149
   169 test_interp.py:148
   170 test_interp.py:161
   171 test_interp.py:160
   172 test_interp.py:159
   173 test_interp.py:157
   174 test_interp.py:156
   175 test_interp.py:168
   176 test_interp.py:166
   177 test_interp.py:165
   178 test_interp.py:172
   179 test_interp.py:182
   180 test_interp.py:180
   181 test_interp.py:188
   182 test_interp.py:187
   183 test_interp.py:186
   184 test_interp.py:193
   185 test_interp.py:208
   186 test_interp.py:206
   187 test_interp.py:205
   188 test_interp.py:204
   189 test_interp.py:215
   190 test_interp.py:212
   191 test_interp.py:220
   192 test_interp.py:227
   193 test_interp.py:225
   194 test_interp.py:231
   195 test_interp.py:236
   196 test_interp.py:247
   197 test_interp.py:246
   198 test_interp.py:245
   199 test_interp.py:244
   200 test_interp.py:253
   201 test_interp.py:252
   202 test_interp.py:251
   203 test_interp.py:271
   204 test_interp.py:271
   205 test_interp.py:271
   206 test_interp.py:275
   207 test_interp.py:281
   208 test_interp.py:290
   209 test_interp.py:289
   210 test_interp.py:299
   211 test_interp.py:298
   212 test_interp.py:297
   213 test_interp.py:296
   214 test_interp.py:295
   215 test_interp.py:294
   216 test_interp.py:306
   217 test_interp.py:305
   218 test_interp.py:304
   219 test_interp.py:327
   220 test_interp.py:326
   221 test_interp.py:322
   222 test_interp.py:321
   223 test_interp.py:320
   224 test_interp.py:319
   225 test_interp.py:318
   226 test_interp.py:344
   227 test_interp.py:342
   228 test_interp.py:340
   229 test_interp.py:353
   230 test_interp.py:352
   231 test_interp.py:351
   232 test_interp.py:350
   233 test_interp.py:349
   234 test_interp.py:359
   235 test_interp.py:358
   236 test_interp.py:357
   237 test_interp.py:365
   238 test_interp.py:363
   239 test_interp.py:373
   240 test_interp.py:371
   241 test_interp.py:378
   242 test_interp.py:384
   243 test_interp.py:392
   244 test_interp.py:400
   245 test_interp.py:408
   246 test_interp.py:415
   247 test_interp.py:421
   248 test_lexer.py:126
   249 test_miss_message_differential.py:481
   250 test_miss_message_differential.py:481
   251 test_miss_message_differential.py:481
   252 test_miss_message_differential.py:481
   253 test_miss_message_differential.py:481
   254 test_miss_message_differential.py:481
   255 test_miss_message_differential.py:481
   256 test_miss_message_differential.py:481
   257 test_miss_message_differential.py:481
   258 test_miss_message_differential.py:481
   259 test_miss_message_differential.py:481
   260 test_miss_message_differential.py:481
   261 test_miss_message_differential.py:481
   262 test_miss_message_differential.py:481
   263 test_miss_message_differential.py:481
   264 test_miss_message_differential.py:481
   265 test_miss_message_differential.py:481
   266 test_miss_message_differential.py:481
   267 test_miss_message_differential.py:481
   268 test_miss_message_differential.py:481
   269 test_miss_message_differential.py:481
   270 test_miss_message_differential.py:481
   271 test_miss_message_differential.py:481
   272 test_miss_message_differential.py:481
   273 test_miss_message_differential.py:481
   274 test_miss_message_differential.py:481
   275 test_miss_message_differential.py:481
   276 test_miss_message_differential.py:481
   277 test_miss_message_differential.py:481
   278 test_miss_message_differential.py:481
   279 test_miss_message_differential.py:481
   280 test_miss_message_differential.py:481
   281 test_polarity.py:1743
   282 test_polarity.py:1758
   283 test_polarity.py:1948
   284 test_polarity.py:1961
   285 test_self_eval.py:272
   286 test_self_eval.py:272
   287 test_self_eval.py:272
   288 test_self_eval.py:272
   289 test_self_eval.py:272
   290 test_self_eval.py:272
   291 test_self_eval.py:272
   292 test_self_eval.py:272
   293 test_self_eval.py:272
   294 test_self_eval.py:272
   295 test_self_eval.py:272
   296 test_self_eval.py:272
   297 test_self_eval.py:272
   298 test_self_eval.py:272
   299 test_self_eval.py:272
   300 test_self_eval.py:272
   301 test_self_eval.py:272
   302 test_self_eval.py:272
   303 test_self_eval.py:272
   304 test_self_eval.py:272
   305 test_self_eval.py:272
   306 test_self_eval.py:272
   307 test_self_eval.py:272
   308 test_self_eval.py:272
   309 test_self_eval.py:272
   310 test_self_eval.py:272
   311 test_self_eval.py:272
   312 test_self_eval.py:272
   313 test_self_eval.py:272
   314 test_self_eval.py:272
   315 test_self_eval.py:292
   316 test_self_eval.py:292
   317 test_self_eval.py:403
   318 test_self_eval.py:403
   319 test_self_eval.py:438
   320 test_self_eval.py:438
   321 test_self_eval.py:438
   322 test_self_eval.py:476
   323 test_self_eval.py:496
   324 test_self_eval.py:527
   325 test_self_eval.py:527
   326 test_self_eval.py:527
   327 test_self_eval.py:527
   328 test_self_eval.py:549
   329 test_self_eval.py:549
   330 test_self_eval.py:572
   331 test_self_eval.py:649
   332 test_self_eval.py:664
   333 test_self_eval.py:728
   334 test_self_eval.py:728
   335 test_self_eval.py:728
   336 test_self_eval.py:728
   337 test_self_eval.py:728
   338 test_self_eval.py:728
   339 test_self_eval.py:728
   340 test_self_eval.py:942
   341 test_self_eval.py:942
   342 test_self_eval.py:942
   343 test_self_eval.py:942
   344 test_self_eval.py:942
   345 test_self_eval.py:942
   346 test_self_eval.py:942
   347 test_self_eval.py:942
   348 test_self_eval.py:942
   349 test_self_eval.py:942
   350 test_self_eval.py:942
   351 test_self_eval.py:942
   352 test_self_eval.py:942
   353 test_self_eval.py:942
   354 test_self_eval.py:942
   355 test_self_eval.py:942
   356 test_self_eval.py:942
   357 test_self_eval.py:942
   358 test_self_eval.py:942
   359 test_self_eval.py:942
   360 test_self_eval.py:971
   361 test_self_eval.py:1046
   362 test_self_hosting.py:774
   363 test_self_hosting.py:774
   364 test_self_hosting.py:774
   365 test_self_hosting.py:835
   366 test_self_hosting.py:835
   367 test_self_hosting.py:835
   368 test_self_hosting.py:835
   369 test_self_hosting.py:835
   370 test_self_hosting.py:835
   371 test_self_hosting.py:892
   372 test_self_hosting.py:892
   373 test_self_hosting.py:892
   374 test_self_hosting.py:892
   375 test_self_hosting.py:892
   376 test_self_hosting.py:892
   377 test_self_hosting.py:892
   378 test_self_hosting.py:892
   379 test_self_hosting.py:954
   380 test_self_hosting.py:954
   381 test_self_hosting.py:954
   382 test_self_hosting.py:954
   383 test_self_hosting.py:954
   384 test_self_hosting.py:1001
   385 test_self_hosting.py:1001
   386 test_self_hosting.py:1001
   387 test_self_hosting.py:1001
   388 test_self_hosting.py:1088
   389 test_self_hosting.py:1088
   390 test_self_hosting.py:1088
   391 test_self_hosting.py:1088
   392 test_self_hosting.py:1088
   393 test_self_hosting.py:1088
   394 test_self_hosting.py:1088
   395 test_self_hosting.py:1088
   396 test_self_hosting.py:1088
   397 test_self_hosting.py:1088
   398 test_self_hosting.py:1088
   399 test_self_hosting.py:1088
   400 test_self_hosting.py:1088
   401 test_self_hosting.py:1088
   402 test_self_hosting.py:1088
   403 test_spec_builtins.py:157
   404 test_spec_builtins.py:154
   405 test_spec_builtins.py:152
   406 test_spec_builtins.py:168
   407 test_spec_builtins.py:179
   408 test_testcorpus_census.py:41
   409 test_trampoline.py:26
   410 test_trampoline.py:34
   411 test_trampoline.py:39
   412 test_trampoline.py:49
   413 test_trampoline.py:56
   414 test_trampoline.py:61
   415 test_trampoline.py:72
   416 test_trampoline.py:82
   417 test_trampoline.py:88
   418 test_v03.py:73
   419 test_v03.py:84
   420 test_v03.py:103
   421 test_v03.py:112
   422 test_v03.py:120
   423 test_v03.py:125
   424 test_v03.py:136
   425 test_v03.py:143
   426 test_v03.py:161
   427 test_v03.py:159
   428 test_v03.py:167
   429 test_v03.py:177
   430 test_v03.py:186
   431 test_v03.py:196
   432 test_v03.py:203
   433 test_v03.py:211
   434 test_v03.py:218
   435 test_v03.py:259
   436 test_v03.py:283
   437 test_v03.py:295
   438 test_v03.py:293
   439 test_v03.py:301
   440 test_v03.py:312
   441 test_v03.py:318
   442 test_v04.py:31
   443 test_v04.py:47
   444 test_v04.py:55
   445 test_v04.py:61
   446 test_v04.py:72
   447 test_v04.py:68
   448 test_v04.py:79
   449 test_v04.py:98
   450 test_v04.py:108
   451 test_v04.py:117
   452 test_v04.py:204
   453 test_v04.py:218
   454 test_v04.py:231
   455 test_v04.py:241
   456 test_v04.py:264
   457 test_v04.py:259
   458 test_v04.py:281
   459 test_v04.py:285
   460 test_v04.py:318
   461 test_v04.py:325
   462 test_v04.py:341
   463 test_v04.py:354
   464 test_v04.py:359
   465 test_v04.py:369
   466 test_v04.py:376
   467 test_v04.py:374
   468 test_v04.py:385
   469 test_v04.py:301
   470 test_v05.py:36
   471 test_v05.py:44
   472 test_v05.py:50
   473 test_v05.py:56
   474 test_v05.py:62
   475 test_v05.py:68
   476 test_v05.py:74
   477 test_v05.py:80
   478 test_v05.py:88
   479 test_v05.py:95
   480 test_v05.py:100
   481 test_v05.py:107
   482 test_v05.py:116
   483 test_v05.py:122
   484 test_v05.py:128
   485 test_v05.py:134
   486 test_v05.py:140
   487 test_v05.py:149
   488 test_v05.py:155
   489 test_v05.py:168
   490 test_v05.py:173
   491 test_v05.py:181
   492 test_v05.py:188
   493 test_v05.py:194
   494 test_v05.py:201
   495 test_v05.py:208
   496 test_v05.py:228
   497 test_v05.py:228
   498 test_v05.py:228
   499 test_v05.py:228
   500 test_v06.py:40
   501 test_v06.py:46
   502 test_v06.py:51
   503 test_v06.py:59
   504 test_v06.py:57
   505 test_v06.py:66
   506 test_v06.py:64
   507 test_v06.py:71
   508 test_v06.py:79
   509 test_v06.py:87
   510 test_v06.py:101
   511 test_v06.py:107
   512 test_v06.py:107
   513 test_v06.py:107
   514 test_v06.py:130
   515 test_v06.py:138
   516 test_v06.py:144
   517 test_v06.py:149
   518 test_v06.py:156
   519 test_v06.py:167
   520 test_v06.py:191
   521 test_v06.py:208
   522 test_v06.py:217
   523 test_v06.py:238
   524 test_v06.py:246
   525 test_v06.py:252
   526 test_v06.py:251
   527 test_v06.py:258
   528 test_v06.py:256
   529 test_v06.py:263
   530 test_v06.py:268
   531 test_v06.py:277
   532 test_v06.py:283
   533 test_v06.py:289
   534 test_v07.py:51
   535 test_v07.py:57
   536 test_v07.py:67
   537 test_v07.py:81
   538 test_v07.py:92
   539 test_v07.py:97
   540 test_v07.py:138
   541 test_v07.py:159
   542 test_v07.py:171
   543 test_v07.py:183
   544 test_v07.py:192
   545 test_v07.py:210
   546 test_v07.py:215
   547 test_v07.py:241
   548 test_v07.py:251
   549 test_v08.py:61
   550 test_v08.py:67
   551 test_v08.py:83
   552 test_v08.py:98
   553 test_v08.py:113
   554 test_v08.py:127
   555 test_v08.py:141
   556 test_v08.py:160
   557 test_v08.py:174
   558 test_v08.py:190
   559 test_v08.py:200
   560 test_v09.py:87
   561 test_v09.py:166
   562 test_v09.py:216
   563 test_v09.py:233
   564 test_v09.py:263
   565 test_v09.py:296
   566 test_v09.py:336
   567 test_v09.py:335
   568 test_v09.py:358
   569 test_v09.py:372
   570 test_v09.py:245
   571 test_v11.py:61
   572 test_v14.py:1182
   573 test_v14.py:1169
   574 test_v20.py:186
   575 test_v20.py:194
   576 test_v20.py:221
   577 test_v20.py:221
   578 test_v20.py:231
   579 test_v20.py:384
   580 test_v20.py:377
   581 test_v20.py:391
   582 test_v20.py:462
   583 test_v22.py:209
   584 test_v22.py:247
   585 test_v22.py:681
   586 test_v22.py:675
   587 test_v22.py:675
   588 test_v22.py:675
   589 test_v22.py:675
   590 test_v26.py:69
   591 test_v26.py:85
   592 test_v26.py:126
   593 test_v26.py:145
   594 test_v26.py:152
   595 test_v27.py:215
   596 test_v27.py:223
   597 test_v27.py:229
   598 test_v27.py:239
   599 test_v27.py:248
   600 test_v27.py:256
   601 test_v27.py:261
   602 test_v27.py:394
   603 test_v27.py:402
   604 test_v27.py:408
   605 test_v27.py:419
   606 test_v27.py:416
   607 test_v27.py:444
   608 test_v27.py:444
   609 test_v27.py:506
   610 test_v27.py:504
   611 test_v27.py:502
   612 test_v27.py:515
   613 test_v27.py:573
   614 test_v27.py:573
   615 test_v27.py:573
   616 test_v29.py:412
   617 test_v29.py:412
   618 test_v29.py:412
   619 test_v29.py:412
   620 test_v29.py:412
   621 test_v29.py:412
   622 test_v29.py:412
   623 test_v29.py:412
   624 test_v29.py:412
   625 test_v29.py:412
   626 test_v29.py:412
   627 test_v29.py:412
   628 test_v29.py:412
   629 test_v29.py:412
   630 test_v29.py:412
   631 test_v29.py:412
   632 test_v29.py:412
   633 test_v29.py:412
   634 test_v29.py:412
   635 test_v29.py:412
   636 test_v29.py:412
   637 test_v29.py:412
   638 test_v29.py:412
   639 test_v29.py:412
   640 test_v29.py:412
   641 test_v29.py:412
   642 test_v29.py:461
   643 test_v29.py:459
   644 test_v30.py:204
   645 test_v30.py:204
   646 test_v30.py:204
   647 test_v30.py:204
   648 test_v30.py:204
   649 test_v30.py:204
   650 test_v30.py:204
   651 test_v30.py:204
   652 test_v30.py:204
   653 test_v30.py:204
   654 test_v30.py:204
   655 test_v30.py:204
   656 test_v30.py:204
   657 test_v30.py:204
   658 test_v30.py:204
   659 test_v30.py:204
   660 test_v30.py:204
   661 test_v30.py:204
   662 test_v30.py:204
   663 test_v30.py:204
   664 test_v30.py:204
   665 test_v30.py:204
   666 test_v30.py:204
   667 test_v30.py:204
   668 test_v30.py:204
   669 test_v30.py:204
   670 test_v30.py:204
   671 test_v30.py:204
   672 test_v30.py:204
   673 test_v30.py:204
   674 test_v30.py:204
   675 test_v30.py:204
   676 test_v30.py:239
   677 test_v30.py:239
   678 test_v30.py:239
   679 test_v30.py:239
   680 test_v30.py:321
   681 test_v30.py:333
   682 test_v30.py:373
   683 test_v31.py:364
   684 test_v31.py:364
   685 test_v31.py:364
   686 test_v31.py:364
   687 test_v31.py:364
   688 test_v31.py:364
   689 test_v31.py:469
   690 test_v31.py:624
   691 test_v31.py:639
   692 test_v31.py:657
   693 test_v31.py:678
   694 test_v32.py:68
   695 test_v32.py:79
   696 test_v32.py:90
   697 test_v32.py:89
   698 test_v32.py:95
   699 test_v32.py:100
   700 test_v32.py:114
   701 test_v32.py:135
   702 test_v32.py:142
   703 test_v32.py:148
   704 test_v32.py:152
   705 test_v32.py:185
   706 test_v32.py:261
   707 test_v32.py:257
   708 test_v32.py:269
   709 test_v33.py:243
   710 test_v33.py:254
   711 test_v33.py:267
   712 test_v33.py:413
   713 test_v33.py:413
   714 test_v33.py:413
   715 test_v33.py:413
   716 test_v33.py:413
   717 test_v33.py:413
   718 test_v41.py:106
   719 test_v41.py:100
   720 test_v41.py:97
   721 test_v42.py:63
   722 test_v42.py:74
   723 test_v42.py:82
   724 test_v42.py:90
   725 test_v42.py:89
   726 test_v42.py:88
   727 test_v42.py:98
   728 test_v42.py:106
   729 test_v42.py:105
   730 test_v42.py:104
   731 test_v42.py:114
   732 test_v42.py:113
   733 test_v42.py:112
   734 test_v42.py:121
   735 test_v42.py:135
   736 test_v42.py:134
   737 test_v42.py:133
   738 test_v42.py:140
   739 test_v42.py:170
   740 test_v42.py:167
   741 test_v42.py:252
   742 test_v42.py:267
   743 test_v42.py:277
   744 test_v43.py:105
   745 test_v43.py:103
   746 test_v43.py:122
   747 test_v43.py:131
   748 test_v43.py:143
   749 test_v43.py:164
   750 test_v43.py:163
   751 test_v43.py:168
   752 test_v43.py:368
   753 test_v43.py:407
   754 test_v43.py:416
   755 test_v43.py:444
   756 test_v43.py:443
   757 test_v43.py:437
   758 test_v43.py:451
   759 test_v43.py:468
   760 test_v44.py:361
   761 test_v44.py:361
   762 test_v44.py:361
   763 test_v44.py:361
   764 test_v44.py:433
