........................................................................ [  3%]
........................................................................ [  7%]
........................................................................ [ 11%]
........................................................................ [ 14%]
........................................................................ [ 18%]
........................................................................ [ 22%]
............................................................sss......... [ 25%]
........................................................................ [ 29%]
........................................................................ [ 33%]
........................................................................ [ 37%]
........................................................................ [ 40%]
........................................................................ [ 44%]
........................................................................ [ 48%]
........................................................................ [ 51%]
........................................................................ [ 55%]
........................................................................ [ 59%]
........................................................................ [ 63%]
........................................................................ [ 66%]
........................................................................ [ 70%]
........................................................................ [ 74%]
........................................................................ [ 77%]
..................................F..................................... [ 81%]
........................................................................ [ 85%]
........................................................................ [ 88%]
........................................................................ [ 92%]
........................................................................ [ 96%]
......................................................................   [100%]
=================================== FAILURES ===================================
_________ test_the_tracked_example_set_is_the_one_this_repo_decided_on _________

    def test_the_tracked_example_set_is_the_one_this_repo_decided_on():
        """Adding an example is still a decision someone makes here — it just
        costs one red test now, and names the file."""
        got = {os.path.basename(p) for p in _tracked_examples()}
        want = set(OUR_EXAMPLES) | _field_corpus()
        assert got - want == set(), "newly tracked, undeclared: %s" % sorted(
            got - want)
>       assert want - got == set(), "declared but no longer tracked: %s" % sorted(
            want - got)
E       AssertionError: declared but no longer tracked: ['cognitive_verifier.lang', 'cognitive_verifier_v2.lang', 'cognitive_verifier_v3.lang', 'expense_tracker.lang', 'mini_agi_guardian.lang', 'nano_reasoner.lang', 'prod_demo_v1.lang', 'prod_demo_v3.lang', 'prod_demo_v4.lang', 'prod_demo_v5.lang', 'prod_showcase_final.lang', 'test_simple.lang', 'whenceguard_auditor.lang', 'whenceguard_v2.lang']
E       assert {'cognitive_v...er.lang', ...} == set()
E         
E         Extra items in the left set:
E         'prod_demo_v4.lang'
E         'test_simple.lang'
E         'whenceguard_auditor.lang'
E         'cognitive_verifier.lang'
E         'cognitive_verifier_v2.lang'...
E         
E         ...Full output truncated (10 lines hidden), use '-vv' to show

tests/test_v24.py:171: AssertionError
=========================== short test summary info ============================
FAILED tests/test_v24.py::test_the_tracked_example_set_is_the_one_this_repo_decided_on
1 failed, 1938 passed, 3 skipped in 1165.81s (0:19:25)
