[23:46:26] step 1: fresh by-file coverage map
suite rc=0 in 701s: ['730 passed in 701.08s (0:11:41)']
by-file map: 22 test files, durations test_examples.py 11.2s, test_fuzz_regressions.py 6.9s, test_generated_killers.py 0.3s, test_generated_killers_r29.py 0.0s, test_history.py 0.1s, test_interp.py 3.4s, test_lexer.py 0.0s, test_parser.py 0.0s, test_self_eval.py 19.4s, test_timetravel.py 0.0s, test_trampoline.py 1.9s, test_v03.py 19.4s, test_v04.py 11.7s, test_v05.py 0.0s, test_v06.py 0.2s, test_v07.py 0.4s, test_v08.py 0.2s, test_v09.py 150.4s, test_v10.py 464.9s, test_v11.py 1.1s, test_v12.py 9.3s, test_values.py 0.0s
whence/interp.py: 1868/1939 executable lines executed (96.3%)
  never executed: Interpreter.eval, Interpreter._trampoline_body
  _make_builtin_table.b_typed               12/ 18  66.7%  [2423-2441]
  Interpreter.call_value                     2/  3  66.7%  [429-432]
  _kind                                      3/  4  75.0%  [1984-1992]
  _arity_ok                                  4/  5  80.0%  [1955-1960]
  _arity_str                                 4/  5  80.0%  [1963-1968]
  Interpreter.compile_direct                25/ 31  80.6%  [959-999]
  _make_builtin_table.b_filter              18/ 21  85.7%  [2127-2148]
  _make_builtin_table.b_push                 6/  7  85.7%  [2170-2177]
  _make_builtin_table.b_abs                  7/  8  87.5%  [2212-2220]
  Interpreter._closure_inline               24/ 27  88.9%  [754-788]
  _make_builtin_table.b_join                16/ 18  88.9%  [2283-2301]
  _make_builtin_table.b_keys                 8/  9  88.9%  [2304-2313]
[23:58:08] step 1 done
[23:58:08] step 2: full campaign (mutation..oracle_kill)
killed   interp.py:158:ifneg#0 1.1s
killed   interp.py:160:ifneg#1 1.1s
killed   interp.py:165:ifneg#2 1.1s
killed   interp.py:176:ifneg#3 0.8s
killed   interp.py:178:ifneg#4 0.8s
killed   interp.py:181:ifneg#5 0.8s
killed   interp.py:183:ifneg#6 0.9s
killed   interp.py:189:ifneg#7 0.8s
killed   interp.py:191:ifneg#8 0.8s
killed   interp.py:200:ifneg#9 1.1s
killed   interp.py:202:ifneg#10 1.2s
killed   interp.py:209:ifneg#11 0.9s
killed   interp.py:211:ifneg#12 3.0s
killed   interp.py:219:ifneg#13 0.8s
killed   interp.py:222:ifneg#14 0.9s
killed   interp.py:230:ifneg#15 0.8s
killed   interp.py:243:ifneg#16 0.9s
killed   interp.py:245:ifneg#17 0.9s
killed   interp.py:249:ifneg#18 0.8s
killed   interp.py:260:ifneg#19 1.4s
killed   interp.py:262:ifneg#20 1.3s
killed   interp.py:264:ifneg#21 1.3s
killed   interp.py:266:ifneg#22 1.3s
killed   interp.py:268:ifneg#23 1.3s
killed   interp.py:270:ifneg#24 1.2s
killed   interp.py:272:ifneg#25 1.3s
killed   interp.py:274:ifneg#26 1.3s
killed   interp.py:276:ifneg#27 1.3s
killed   interp.py:278:ifneg#28 1.3s
killed   interp.py:287:ifneg#29 1.3s
killed   interp.py:1726:ifneg#30 1.2s
killed   interp.py:1743:ifneg#31 1.1s
killed   interp.py:1758:ifneg#32 1.2s
killed   interp.py:1773:ifneg#33 1.1s
killed   interp.py:1789:ifneg#34 1.2s
killed   interp.py:1805:ifneg#35 1.2s
killed   interp.py:1818:ifneg#36 1.1s
killed   interp.py:1888:ifneg#37 0.9s
killed   interp.py:1947:ifneg#38 1.1s
killed   interp.py:1956:ifneg#39 1.1s
killed   interp.py:1958:ifneg#40 1.1s
killed   interp.py:1964:ifneg#41 0.5s
killed   interp.py:1966:ifneg#42 0.6s
killed   interp.py:1973:ifneg#43 1.1s
killed   interp.py:2007:ifneg#44 0.6s
killed   interp.py:2013:ifneg#45 0.4s
killed   interp.py:2030:ifneg#46 0.8s
killed   interp.py:2063:ifneg#47 1.2s
killed   interp.py:141:bool#48 1.1s
killed   interp.py:147:const#49 2.8s
killed   interp.py:149:cmp#50 63.4s
killed   interp.py:160:cmp#51 1.0s
killed   interp.py:161:ifneg#52 0.8s
killed   interp.py:165:cmp#53 1.0s
killed   interp.py:166:ifneg#54 0.9s
killed   interp.py:178:not#55 0.7s
killed   interp.py:181:bool#56 0.7s
killed   interp.py:183:bool#57 0.8s
killed   interp.py:191:not#58 0.7s
killed   interp.py:202:not#59 1.0s
killed   interp.py:211:not#60 2.8s
killed   interp.py:219:bool#61 0.8s
killed   interp.py:223:ifneg#62 0.7s
killed   interp.py:226:ifneg#63 0.7s
killed   interp.py:231:ifneg#64 0.7s
killed   interp.py:234:ifneg#65 0.7s
killed   interp.py:245:not#66 0.8s
killed   interp.py:249:cmp#67 0.8s
killed   interp.py:260:bool#68 1.5s
killed   interp.py:262:bool#69 99.5s
killed   interp.py:264:cmp#70 1.3s
killed   interp.py:266:cmp#71 1.3s
killed   interp.py:268:cmp#72 1.2s
killed   interp.py:270:cmp#73 1.3s
killed   interp.py:272:cmp#74 1.2s
killed   interp.py:274:cmp#75 1.3s
killed   interp.py:276:cmp#76 1.3s
killed   interp.py:278:cmp#77 1.2s
killed   interp.py:287:cmp#78 1.2s
killed   interp.py:295:const#79 8.6s
killed   interp.py:302:const#80 120.3s
killed   interp.py:317:const#81 119.1s
killed   interp.py:356:ifneg#82 94.4s
killed   interp.py:372:ifneg#83 1.2s
killed   interp.py:419:ifneg#84 1.4s
killed   interp.py:421:ifneg#85 1.3s
killed   interp.py:425:ifneg#86 1.2s
killed   interp.py:430:ifneg#87 0.6s
killed   interp.py:436:ifneg#88 1.0s
killed   interp.py:597:ifneg#89 1.1s
killed   interp.py:613:ifneg#90 1.2s
killed   interp.py:619:ifneg#91 1.3s
killed   interp.py:626:ifneg#92 1.3s
killed   interp.py:630:ifneg#93 1.3s
killed   interp.py:637:ifneg#94 1.3s
killed   interp.py:723:ifneg#95 1.3s
killed   interp.py:736:ifneg#96 1.3s
killed   interp.py:738:ifneg#97 1.3s
killed   interp.py:763:ifneg#98 1.4s
killed   interp.py:765:ifneg#99 1.2s
killed   interp.py:768:ifneg#100 0.6s
killed   interp.py:772:ifneg#101 0.6s
killed   interp.py:778:ifneg#102 0.6s
killed   interp.py:796:ifneg#103 0.6s
killed   interp.py:801:ifneg#104 0.6s
killed   interp.py:819:ifneg#105 0.8s
killed   interp.py:821:ifneg#106 0.9s
killed   interp.py:827:ifneg#107 0.9s
killed   interp.py:830:ifneg#108 0.9s
killed   interp.py:832:ifneg#109 0.9s
killed   interp.py:836:ifneg#110 0.9s
killed   interp.py:910:ifneg#111 8.1s
killed   interp.py:922:const#112 110.9s
killed   interp.py:933:ifneg#113 1.4s
killed   interp.py:935:ifneg#114 1.4s
killed   interp.py:968:ifneg#115 1.6s
killed   interp.py:970:ifneg#116 1.6s
killed   interp.py:973:ifneg#117 92.6s
killed   interp.py:975:ifneg#118 1.6s
killed   interp.py:1017:ifneg#119 1.3s
killed   interp.py:1020:ifneg#120 1.3s
killed   interp.py:1031:ifneg#121 1.6s
killed   interp.py:1035:ifneg#122 1.6s
killed   interp.py:1109:ifneg#123 1.3s
killed   interp.py:1124:ifneg#124 1.4s
killed   interp.py:1130:ifneg#125 1.3s
killed   interp.py:1135:ifneg#126 1.3s
killed   interp.py:1141:ifneg#127 1.3s
killed   interp.py:1146:ifneg#128 1.3s
killed   interp.py:1160:ifneg#129 1.3s
killed   interp.py:1202:ifneg#130 1.3s
killed   interp.py:1247:ifneg#131 1.3s
killed   interp.py:1260:ifneg#132 1.1s
killed   interp.py:1272:ifneg#133 1.0s
killed   interp.py:1288:ifneg#134 1.0s
killed   interp.py:1361:ifneg#135 0.9s
killed   interp.py:1385:ifneg#136 1.2s
killed   interp.py:1390:ifneg#137 1.1s
killed   interp.py:1394:ifneg#138 0.9s
killed   interp.py:1398:ifneg#139 0.7s
killed   interp.py:1414:ifneg#140 0.8s
killed   interp.py:1456:ifneg#141 0.7s
killed   interp.py:1463:ifneg#142 1.0s
killed   interp.py:1466:ifneg#143 1.0s
killed   interp.py:1468:ifneg#144 0.9s
killed   interp.py:1474:ifneg#145 1.0s
killed   interp.py:1507:ifneg#146 1.0s
killed   interp.py:1521:ifneg#147 1.1s
killed   interp.py:1547:ifneg#148 1.0s
killed   interp.py:1551:ifneg#149 0.8s
killed   interp.py:1559:ifneg#150 0.8s
killed   interp.py:1566:ifneg#151 0.7s
killed   interp.py:1575:ifneg#152 0.7s
killed   interp.py:1585:ifneg#153 85.2s
killed   interp.py:1587:ifneg#154 0.9s
killed   interp.py:1602:ifneg#155 1.0s
killed   interp.py:1607:ifneg#156 1.0s
killed   interp.py:1610:ifneg#157 1.0s
killed   interp.py:1619:ifneg#158 1.0s
killed   interp.py:1726:cmp#159 1.1s
killed   interp.py:1743:cmp#160 1.0s
killed   interp.py:1758:cmp#161 1.1s
killed   interp.py:1773:cmp#162 1.1s
killed   interp.py:1789:cmp#163 1.1s
killed   interp.py:1805:cmp#164 1.1s
killed   interp.py:1818:cmp#165 1.0s
killed   interp.py:1840:ifneg#166 1.2s
killed   interp.py:1858:ifneg#167 0.9s
killed   interp.py:1888:cmp#168 0.8s
killed   interp.py:1892:ifneg#169 1.0s
killed   interp.py:1917:ifneg#170 0.9s
killed   interp.py:1922:ifneg#171 0.9s
killed   interp.py:1924:ifneg#172 0.9s
killed   interp.py:1926:ifneg#173 0.9s
killed   interp.py:1947:cmp#174 1.0s
killed   interp.py:1950:const#175 0.8s
killed   interp.py:1956:cmp#176 1.0s
killed   interp.py:1960:cmp#177 1.0s
killed   interp.py:1964:cmp#178 0.5s
killed   interp.py:1990:ifneg#179 0.4s
killed   interp.py:2008:ifneg#180 0.4s
killed   interp.py:2013:not#181 0.4s
killed   interp.py:2017:ifneg#182 0.4s
killed   interp.py:2019:ifneg#183 0.4s
killed   interp.py:2022:ifneg#184 0.4s
killed   interp.py:2063:cmp#185 1.1s
killed   interp.py:2086:ifneg#186 1.0s
killed   interp.py:2089:ifneg#187 0.9s
killed   interp.py:2091:ifneg#188 0.7s
killed   interp.py:2099:ifneg#189 1.0s
killed   interp.py:2115:ifneg#190 0.8s
killed   interp.py:2118:ifneg#191 0.7s
killed   interp.py:2129:ifneg#192 0.7s
killed   interp.py:2132:ifneg#193 0.6s
killed   interp.py:2153:ifneg#194 1.1s
killed   interp.py:2156:ifneg#195 0.9s
killed   interp.py:2172:ifneg#196 0.8s
killed   interp.py:2174:ifneg#197 0.7s
killed   interp.py:2189:ifneg#198 1.0s
killed   interp.py:2192:ifneg#199 0.9s
killed   interp.py:2194:ifneg#200 0.9s
killed   interp.py:2214:ifneg#201 0.6s
killed   interp.py:2217:ifneg#202 0.6s
killed   interp.py:2225:ifneg#203 0.6s
killed   interp.py:2228:ifneg#204 0.6s
killed   interp.py:2231:ifneg#205 0.6s
killed   interp.py:2255:ifneg#206 0.7s
killed   interp.py:2265:ifneg#207 0.9s
killed   interp.py:2268:ifneg#208 0.7s
killed   interp.py:2271:ifneg#209 0.7s
killed   interp.py:2285:ifneg#210 0.6s
killed   interp.py:2288:ifneg#211 0.6s
killed   interp.py:2306:ifneg#212 0.9s
killed   interp.py:2309:ifneg#213 0.6s
killed   interp.py:2318:ifneg#214 0.7s
killed   interp.py:2321:ifneg#215 0.6s
killed   interp.py:2338:ifneg#216 0.5s
killed   interp.py:2340:ifneg#217 0.5s
killed   interp.py:2355:ifneg#218 0.5s
killed   interp.py:2358:ifneg#219 0.5s
killed   interp.py:2362:ifneg#220 0.5s
killed   interp.py:2375:ifneg#221 0.6s
killed   interp.py:2377:ifneg#222 0.5s
killed   interp.py:2381:ifneg#223 0.5s
killed   interp.py:2392:ifneg#224 0.6s
killed   interp.py:2395:ifneg#225 0.5s
killed   interp.py:2425:ifneg#226 0.5s
killed   interp.py:2428:ifneg#227 0.4s
killed   interp.py:2432:ifneg#228 0.4s
killed   interp.py:2437:ifneg#229 0.4s
killed   interp.py:2448:ifneg#230 0.4s
killed   interp.py:2467:ifneg#231 0.8s
killed   interp.py:2487:ifneg#232 0.6s
killed   interp.py:2489:ifneg#233 0.7s
killed   interp.py:2495:ifneg#234 0.7s
killed   interp.py:2527:ifneg#235 1.7s
killed   interp.py:2535:ifneg#236 1.6s
killed   interp.py:2537:ifneg#237 1.5s
killed   interp.py:2542:ifneg#238 1.5s
killed   interp.py:2558:ifneg#239 0.5s
killed   interp.py:2563:ifneg#240 0.3s
killed   interp.py:2565:ifneg#241 0.3s
killed   interp.py:2570:ifneg#242 0.3s
killed   interp.py:100:cmp#243 1.0s
killed   interp.py:101:ifneg#244 1.0s
killed   interp.py:141:not#245 1.0s
killed   interp.py:150:const#246 2.5s
killed   interp.py:170:arith#247 107.3s
killed   interp.py:181:cmp#248 0.7s
killed   interp.py:181:cmp#249 0.7s
killed   interp.py:183:cmp#250 0.7s
killed   interp.py:183:cmp#251 0.7s
killed   interp.py:223:bool#252 0.6s
killed   interp.py:226:bool#253 0.8s
killed   interp.py:231:bool#254 0.7s
killed   interp.py:234:bool#255 0.7s
killed   interp.py:238:arith#256 0.6s
killed   interp.py:250:bool#257 0.9s
killed   interp.py:260:cmp#258 1.3s
killed   interp.py:260:cmp#259 1.1s
killed   interp.py:262:cmp#260 1.2s
killed   interp.py:262:cmp#261 1.1s
killed   interp.py:262:cmp#262 1.1s
killed   interp.py:267:arith#263 1.0s
killed   interp.py:320:const#264 1.5s
killed   interp.py:320:const#265 24.1s
killed   interp.py:320:const#266 1.6s
killed   interp.py:325:const#267 1.3s
killed   interp.py:328:const#268 90.5s
killed   interp.py:329:const#269 5.0s
killed   interp.py:331:const#270 1.4s
killed   interp.py:337:const#271 1.5s
killed   interp.py:338:const#272 1.5s
killed   interp.py:363:ifneg#273 5.9s
killed   interp.py:398:ifneg#274 1.2s
killed   interp.py:419:cmp#275 108.8s
killed   interp.py:425:cmp#276 108.3s
survived interp.py:430:cmp#277 42.6s
killed   interp.py:436:not#278 0.7s
killed   interp.py:456:const#279 2.6s
killed   interp.py:465:ifneg#280 1.2s
killed   interp.py:571:const#281 90.7s
killed   interp.py:597:cmp#282 1.0s
killed   interp.py:598:ifneg#283 1.0s
killed   interp.py:600:ifneg#284 1.0s
killed   interp.py:613:cmp#285 1.1s
killed   interp.py:619:cmp#286 1.4s
killed   interp.py:626:cmp#287 1.2s
killed   interp.py:630:bool#288 1.3s
killed   interp.py:633:arith#289 1.3s
killed   interp.py:634:const#290 90.6s
killed   interp.py:635:const#291 1.4s
killed   interp.py:637:cmp#292 91.5s
killed   interp.py:639:bool#293 1.1s
killed   interp.py:641:const#294 1.1s
killed   interp.py:723:cmp#295 1.1s
killed   interp.py:736:cmp#296 91.2s
killed   interp.py:742:ifneg#297 1.3s
killed   interp.py:763:cmp#298 91.1s
killed   interp.py:765:not#299 1.1s
killed   interp.py:767:bool#300 0.6s
killed   interp.py:768:cmp#301 0.5s
killed   interp.py:772:cmp#302 82.6s
killed   interp.py:776:const#303 82.3s
killed   interp.py:777:const#304 0.6s
killed   interp.py:778:cmp#305 82.5s
killed   interp.py:796:cmp#306 83.8s
killed   interp.py:801:not#307 0.8s
killed   interp.py:804:const#308 83.2s
timeout  interp.py:819:cmp#309 240.1s
killed   interp.py:827:bool#310 11.7s
killed   interp.py:830:cmp#311 89.5s
killed   interp.py:836:bool#312 0.8s
killed   interp.py:838:ifneg#313 0.9s
killed   interp.py:841:ifneg#314 0.8s
killed   interp.py:859:const#315 31.1s
killed   interp.py:861:ifneg#316 6.9s
killed   interp.py:864:ifneg#317 2.4s
killed   interp.py:870:ifneg#318 7.1s
killed   interp.py:873:ifneg#319 82.1s
killed   interp.py:875:ifneg#320 7.2s
killed   interp.py:880:ifneg#321 7.1s
killed   interp.py:910:cmp#322 7.1s
killed   interp.py:933:cmp#323 1.4s
killed   interp.py:935:not#324 1.4s
killed   interp.py:944:ifneg#325 1.4s
killed   interp.py:949:ifneg#326 1.5s
killed   interp.py:953:ifneg#327 1.4s
killed   interp.py:968:cmp#328 1.4s
killed   interp.py:970:not#329 1.5s
killed   interp.py:973:cmp#330 90.4s
killed   interp.py:982:ifneg#331 1.4s
killed   interp.py:987:ifneg#332 1.5s
killed   interp.py:990:ifneg#333 1.0s
killed   interp.py:994:ifneg#334 1.4s
killed   interp.py:1008:const#335 1.4s
killed   interp.py:1017:bool#336 1.2s
killed   interp.py:1020:cmp#337 1.2s
killed   interp.py:1031:cmp#338 1.2s
killed   interp.py:1035:cmp#339 1.2s
killed   interp.py:1046:ifneg#340 1.2s
killed   interp.py:1053:ifneg#341 1.3s
killed   interp.py:1065:ifneg#342 1.2s
killed   interp.py:1109:cmp#343 1.2s
killed   interp.py:1112:ifneg#344 1.1s
killed   interp.py:1115:ifneg#345 1.2s
killed   interp.py:1124:cmp#346 1.3s
killed   interp.py:1126:ifneg#347 0.9s
killed   interp.py:1130:cmp#348 1.2s
killed   interp.py:1132:ifneg#349 5.5s
killed   interp.py:1135:cmp#350 1.2s
killed   interp.py:1137:ifneg#351 2.4s
killed   interp.py:1141:cmp#352 1.2s
killed   interp.py:1143:ifneg#353 1.0s
killed   interp.py:1146:cmp#354 1.2s
killed   interp.py:1149:ifneg#355 2.2s
killed   interp.py:1160:cmp#356 1.2s
killed   interp.py:1164:ifneg#357 1.1s
killed   interp.py:1166:ifneg#358 1.2s
killed   interp.py:1202:cmp#359 1.2s
killed   interp.py:1211:ifneg#360 1.3s
killed   interp.py:1213:ifneg#361 1.1s
killed   interp.py:1247:cmp#362 1.3s
killed   interp.py:1249:ifneg#363 1.4s
killed   interp.py:1260:cmp#364 1.0s
killed   interp.py:1262:ifneg#365 1.3s
killed   interp.py:1272:cmp#366 0.9s
killed   interp.py:1275:ifneg#367 1.0s
killed   interp.py:1288:cmp#368 0.9s
killed   interp.py:1290:ifneg#369 3.2s
killed   interp.py:1338:ifneg#370 1.2s
killed   interp.py:1346:ifneg#371 1.1s
killed   interp.py:1349:ifneg#372 1.3s
killed   interp.py:1361:cmp#373 0.9s
killed   interp.py:1366:ifneg#374 0.8s
killed   interp.py:1378:ifneg#375 0.6s
killed   interp.py:1414:cmp#376 0.8s
killed   interp.py:1456:not#377 0.7s
killed   interp.py:1463:cmp#378 1.1s
killed   interp.py:1466:cmp#379 1.0s
killed   interp.py:1474:cmp#380 1.0s
killed   interp.py:1489:ifneg#381 0.7s
killed   interp.py:1507:cmp#382 1.0s
killed   interp.py:1510:ifneg#383 0.9s
killed   interp.py:1521:bool#384 1.3s
killed   interp.py:1524:ifneg#385 1.0s
killed   interp.py:1536:ifneg#386 1.1s
killed   interp.py:1547:bool#387 1.1s
killed   interp.py:1551:cmp#388 0.8s
killed   interp.py:1553:ifneg#389 0.8s
killed   interp.py:1559:cmp#390 0.8s
killed   interp.py:1560:ifneg#391 0.8s
killed   interp.py:1566:cmp#392 0.8s
killed   interp.py:1567:ifneg#393 0.7s
killed   interp.py:1569:ifneg#394 0.8s
killed   interp.py:1575:cmp#395 0.7s
killed   interp.py:1585:cmp#396 91.8s
killed   interp.py:1595:ifneg#397 92.5s
killed   interp.py:1597:ifneg#398 0.9s
killed   interp.py:1611:ifneg#399 0.6s
killed   interp.py:1616:ifneg#400 0.7s
killed   interp.py:1621:ifneg#401 1.0s
killed   interp.py:1625:ifneg#402 1.0s
killed   interp.py:1630:ifneg#403 1.3s
killed   interp.py:1689:ifneg#404 1.0s
killed   interp.py:1734:ifneg#405 1.3s
killed   interp.py:1751:ifneg#406 1.1s
killed   interp.py:1766:ifneg#407 0.9s
killed   interp.py:1781:ifneg#408 0.9s
killed   interp.py:1797:ifneg#409 0.8s
killed   interp.py:1813:ifneg#410 1.0s
killed   interp.py:1826:ifneg#411 0.8s
killed   interp.py:1840:bool#412 95.4s
killed   interp.py:1860:ifneg#413 0.8s
killed   interp.py:1888:const#414 94.7s
killed   interp.py:1892:cmp#415 1.1s
killed   interp.py:1914:cmp#416 1.1s
killed   interp.py:1917:cmp#417 1.0s
killed   interp.py:1919:ifneg#418 0.8s
killed   interp.py:1922:bool#419 1.2s
killed   interp.py:1924:cmp#420 1.1s
killed   interp.py:1927:ifneg#421 0.6s
killed   interp.py:1929:ifneg#422 1.0s
killed   interp.py:1957:const#423 121.7s
killed   interp.py:1967:arith#424 0.4s
killed   interp.py:2008:cmp#425 0.4s
survived interp.py:2012:cmp#426 1.3s
killed   interp.py:2017:cmp#427 0.4s
killed   interp.py:2019:bool#428 0.7s
killed   interp.py:2022:not#429 0.5s
killed   interp.py:2024:const#430 0.4s
survived interp.py:2078:const#431 1.3s
survived interp.py:2083:const#432 1.2s
killed   interp.py:2102:ifneg#433 0.9s
killed   interp.py:2118:not#434 0.8s
survived interp.py:2112:const#435 1.2s
killed   interp.py:2132:not#436 0.7s
killed   interp.py:2139:ifneg#437 0.6s
killed   interp.py:2142:ifneg#438 0.6s
killed   interp.py:2146:ifneg#439 0.6s
survived interp.py:2126:const#440 1.3s
killed   interp.py:2156:not#441 1.0s
killed   interp.py:2159:const#442 1.0s
killed   interp.py:2150:const#443 0.7s
killed   interp.py:2174:not#444 0.8s
survived interp.py:2169:const#445 1.3s
survived interp.py:2179:const#446 1.2s
killed   interp.py:2200:ifneg#447 1.2s
killed   interp.py:2204:ifneg#448 1.0s
killed   interp.py:2186:const#449 0.8s
killed   interp.py:2211:const#450 0.9s
killed   interp.py:2228:not#451 0.7s
killed   interp.py:2231:cmp#452 0.7s
killed   interp.py:2222:const#453 0.8s
survived interp.py:2240:const#454 1.2s
killed   interp.py:2245:const#455 0.8s
killed   interp.py:2255:not#456 0.8s
survived interp.py:2252:const#457 1.2s
killed   interp.py:2268:bool#458 0.8s
killed   interp.py:2261:const#459 0.6s
killed   interp.py:2288:bool#460 0.7s
killed   interp.py:2293:ifneg#461 0.7s
killed   interp.py:2295:ifneg#462 0.7s
survived interp.py:2282:const#463 1.2s
killed   interp.py:2309:not#464 0.7s
survived interp.py:2303:const#465 1.2s
killed   interp.py:2321:bool#466 0.7s
survived interp.py:2315:const#467 1.3s
killed   interp.py:2340:not#468 0.6s
survived interp.py:2335:const#469 1.2s
killed   interp.py:2358:not#470 0.6s
killed   interp.py:2362:not#471 0.6s
survived interp.py:2348:const#472 1.2s
killed   interp.py:2377:not#473 0.6s
killed   interp.py:2381:not#474 0.6s
survived interp.py:2369:const#475 1.3s
killed   interp.py:2395:not#476 0.6s
killed   interp.py:2401:ifneg#477 0.6s
killed   interp.py:2404:ifneg#478 0.6s
killed   interp.py:2408:ifneg#479 0.6s
survived interp.py:2389:const#480 1.3s
killed   interp.py:2428:not#481 0.4s
killed   interp.py:2432:not#482 0.4s
survived interp.py:2422:const#483 1.2s
killed   interp.py:2448:bool#484 0.4s
survived interp.py:2443:const#485 1.3s
survived interp.py:2454:const#486 1.2s
killed   interp.py:2467:cmp#487 0.9s
killed   interp.py:2469:ifneg#488 0.5s
killed   interp.py:2471:ifneg#489 0.5s
killed   interp.py:2489:not#490 0.7s
killed   interp.py:2495:cmp#491 0.7s
survived interp.py:2484:const#492 1.2s
killed   interp.py:2501:const#493 0.8s
killed   interp.py:2519:ifneg#494 1.9s
killed   interp.py:2527:cmp#495 1.8s
killed   interp.py:2537:not#496 1.8s
killed   interp.py:2558:cmp#497 0.5s
killed   interp.py:2565:not#498 0.4s
killed   interp.py:101:cmp#499 1.2s
killed   interp.py:163:arith#500 0.5s
killed   interp.py:168:arith#501 0.5s
killed   interp.py:179:arith#502 0.6s
killed   interp.py:181:const#503 0.8s
killed   interp.py:182:const#504 0.7s
killed   interp.py:183:const#505 0.8s
killed   interp.py:184:const#506 0.7s
killed   interp.py:192:arith#507 0.5s
killed   interp.py:203:arith#508 0.8s
killed   interp.py:212:arith#509 1.0s
killed   interp.py:214:arith#510 1.1s
killed   interp.py:223:not#511 0.7s
killed   interp.py:226:cmp#512 2.1s
killed   interp.py:226:cmp#513 1.1s
killed   interp.py:231:not#514 1.1s
killed   interp.py:234:cmp#515 3.1s
killed   interp.py:234:cmp#516 0.8s
killed   interp.py:237:arith#517 92.4s
killed   interp.py:244:arith#518 0.6s
killed   interp.py:246:arith#519 0.7s
killed   interp.py:251:arith#520 0.8s
killed   interp.py:322:cmp#521 1.4s
killed   interp.py:336:bool#522 1.6s
killed   interp.py:339:const#523 101.5s
killed   interp.py:376:arith#524 1.5s
killed   interp.py:398:cmp#525 1.3s
killed   interp.py:401:ifneg#526 1.3s
killed   interp.py:422:const#527 119.6s
survived interp.py:430:const#528 47.7s
killed   interp.py:465:cmp#529 1.2s
killed   interp.py:467:ifneg#530 1.2s
killed   interp.py:470:ifneg#531 102.1s
killed   interp.py:472:ifneg#532 1.2s
killed   interp.py:480:ifneg#533 1.6s
killed   interp.py:494:ifneg#534 1.2s
killed   interp.py:550:ifneg#535 1.3s
killed   interp.py:554:ifneg#536 1.3s
killed   interp.py:598:cmp#537 1.1s
killed   interp.py:600:cmp#538 1.1s
killed   interp.py:601:ifneg#539 1.0s
killed   interp.py:606:ifneg#540 1.1s
killed   interp.py:614:bool#541 0.7s
killed   interp.py:620:bool#542 0.8s
killed   interp.py:630:not#543 1.6s
killed   interp.py:630:cmp#544 103.1s
killed   interp.py:631:const#545 1.0s
killed   interp.py:645:const#546 1.6s
killed   interp.py:648:ifneg#547 1.2s
killed   interp.py:664:ifneg#548 1.4s
killed   interp.py:668:ifneg#549 0.9s
killed   interp.py:674:ifneg#550 1.1s
killed   interp.py:682:ifneg#551 0.9s
killed   interp.py:688:ifneg#552 0.9s
killed   interp.py:696:ifneg#553 0.9s
killed   interp.py:703:ifneg#554 0.9s
killed   interp.py:721:arith#555 1.7s
killed   interp.py:739:const#556 1.5s
killed   interp.py:742:cmp#557 1.4s
killed   interp.py:744:arith#558 1.3s
killed   interp.py:787:const#559 0.7s
killed   interp.py:827:cmp#560 12.9s
killed   interp.py:827:cmp#561 97.8s
killed   interp.py:833:const#562 100.1s
killed   interp.py:836:cmp#563 0.9s
killed   interp.py:838:cmp#564 0.9s
killed   interp.py:841:cmp#565 0.9s
killed   interp.py:843:ifneg#566 92.1s
killed   interp.py:845:ifneg#567 7.8s
killed   interp.py:861:cmp#568 7.7s
killed   interp.py:870:bool#569 7.6s
killed   interp.py:873:cmp#570 91.1s
killed   interp.py:880:bool#571 7.6s
killed   interp.py:882:ifneg#572 37.6s
killed   interp.py:886:ifneg#573 7.8s
killed   interp.py:936:const#574 1.1s
killed   interp.py:937:const#575 1.0s
killed   interp.py:944:cmp#576 1.6s
killed   interp.py:949:cmp#577 1.7s
killed   interp.py:952:arith#578 1.7s
killed   interp.py:953:cmp#579 101.4s
killed   interp.py:971:const#580 120.9s
killed   interp.py:982:bool#581 102.2s
killed   interp.py:987:cmp#582 1.6s
killed   interp.py:990:bool#583 1.2s
killed   interp.py:994:bool#584 1.5s
killed   interp.py:1017:cmp#585 1.3s
killed   interp.py:1017:cmp#586 1.4s
killed   interp.py:1017:cmp#587 1.3s
killed   interp.py:1046:bool#588 1.3s
killed   interp.py:1049:ifneg#589 1.3s
killed   interp.py:1053:bool#590 1.4s
killed   interp.py:1068:ifneg#591 1.1s
killed   interp.py:1071:ifneg#592 1.4s
killed   interp.py:1087:ifneg#593 1.2s
killed   interp.py:1112:not#594 1.2s
killed   interp.py:1115:cmp#595 1.4s
killed   interp.py:1126:not#596 1.1s
killed   interp.py:1132:not#597 6.3s
killed   interp.py:1137:not#598 2.7s
killed   interp.py:1143:not#599 1.1s
killed   interp.py:1149:not#600 2.4s
killed   interp.py:1154:ifneg#601 0.9s
killed   interp.py:1164:not#602 1.3s
killed   interp.py:1191:ifneg#603 1.1s
killed   interp.py:1204:const#604 1.5s
killed   interp.py:1207:ifneg#605 1.5s
killed   interp.py:1211:not#606 1.4s
killed   interp.py:1213:cmp#607 1.2s
killed   interp.py:1249:not#608 1.4s
killed   interp.py:1251:arith#609 1.3s
killed   interp.py:1262:not#610 1.4s
killed   interp.py:1275:not#611 1.1s
killed   interp.py:1284:ifneg#612 0.9s
killed   interp.py:1290:not#613 3.5s
killed   interp.py:1299:ifneg#614 1.0s
killed   interp.py:1305:arith#615 119.7s
killed   interp.py:1328:const#616 1.3s
killed   interp.py:1329:ifneg#617 1.2s
killed   interp.py:1334:ifneg#618 1.2s
killed   interp.py:1337:bool#619 1.5s
killed   interp.py:1338:cmp#620 1.3s
killed   interp.py:1340:ifneg#621 1.3s
killed   interp.py:1346:cmp#622 1.1s
killed   interp.py:1349:cmp#623 1.5s
killed   interp.py:1350:ifneg#624 1.2s
killed   interp.py:1361:const#625 0.9s
killed   interp.py:1362:const#626 1.1s
killed   interp.py:1365:const#627 0.8s
killed   interp.py:1368:ifneg#628 1.1s
killed   interp.py:1378:bool#629 0.7s
killed   interp.py:1380:ifneg#630 0.5s
killed   interp.py:1400:arith#631 120.9s
killed   interp.py:1428:arith#632 0.8s
killed   interp.py:1489:cmp#633 0.8s
killed   interp.py:1491:ifneg#634 0.8s
killed   interp.py:1510:cmp#635 1.0s
killed   interp.py:1521:bool#636 1.2s
killed   interp.py:1521:bool#637 1.2s
killed   interp.py:1524:cmp#638 1.1s
killed   interp.py:1525:ifneg#639 1.1s
killed   interp.py:1536:bool#640 1.4s
killed   interp.py:1541:ifneg#641 0.7s
killed   interp.py:1544:ifneg#642 0.7s
killed   interp.py:1553:cmp#643 0.9s
killed   interp.py:1560:bool#644 0.7s
killed   interp.py:1567:bool#645 1.0s
killed   interp.py:1569:bool#646 0.8s
killed   interp.py:1580:arith#647 120.3s
killed   interp.py:1588:const#648 92.0s
killed   interp.py:1595:cmp#649 94.4s
killed   interp.py:1611:not#650 0.6s
killed   interp.py:1620:bool#651 1.1s
killed   interp.py:1621:cmp#652 1.1s
killed   interp.py:1625:cmp#653 1.4s
killed   interp.py:1629:const#654 1.4s
killed   interp.py:1630:cmp#655 100.8s
killed   interp.py:1633:const#656 1.2s
killed   interp.py:1689:cmp#657 1.2s
killed   interp.py:1692:arith#658 0.6s
killed   interp.py:1711:not#659 1.6s
killed   interp.py:1734:bool#660 1.5s
killed   interp.py:1739:ifneg#661 1.4s
killed   interp.py:1751:bool#662 1.2s
killed   interp.py:1766:bool#663 1.4s
killed   interp.py:1781:bool#664 1.0s
killed   interp.py:1797:bool#665 0.9s
killed   interp.py:1813:bool#666 103.1s
killed   interp.py:1826:bool#667 92.5s
killed   interp.py:1840:bool#668 1.3s
killed   interp.py:1841:bool#669 0.9s
killed   interp.py:1860:bool#670 3.6s
killed   interp.py:1861:ifneg#671 1.0s
killed   interp.py:1919:cmp#672 0.8s
killed   interp.py:1925:const#673 0.5s
killed   interp.py:1927:cmp#674 0.6s
killed   interp.py:1929:bool#675 98.6s
killed   interp.py:1930:ifneg#676 1.0s
killed   interp.py:1932:ifneg#677 1.0s
survived interp.py:1949:const#678 53.8s
killed   interp.py:2010:cmp#679 0.4s
killed   interp.py:2014:const#680 0.5s
killed   interp.py:2019:cmp#681 0.5s
killed   interp.py:2081:const#682 0.7s
killed   interp.py:2093:arith#683 1.0s
killed   interp.py:2102:bool#684 1.9s
killed   interp.py:2106:cmp#685 0.9s
killed   interp.py:2109:arith#686 1.1s
killed   interp.py:2096:const#687 0.7s
survived interp.py:2096:const#688 1.2s
killed   interp.py:2142:not#689 0.5s
killed   interp.py:2162:const#690 1.0s
killed   interp.py:2166:arith#691 1.1s
killed   interp.py:2200:not#692 1.2s
killed   interp.py:2204:bool#693 1.8s
killed   interp.py:2208:arith#694 0.4s
killed   interp.py:2219:arith#695 0.4s
killed   interp.py:2231:const#696 0.7s
killed   interp.py:2274:ifneg#697 0.9s
killed   interp.py:2278:arith#698 0.6s
killed   interp.py:2288:not#699 0.7s
killed   interp.py:2288:not#700 0.7s
killed   interp.py:2295:not#701 0.7s
killed   interp.py:2321:not#702 0.7s
killed   interp.py:2321:not#703 0.7s
killed   interp.py:2367:cmp#704 0.6s
killed   interp.py:2404:not#705 0.6s
killed   interp.py:2439:arith#706 0.6s
killed   interp.py:2449:not#707 0.5s
killed   interp.py:2457:const#708 0.6s
killed   interp.py:2467:const#709 0.9s
killed   interp.py:2471:not#710 0.6s
killed   interp.py:2481:arith#711 0.7s
survived interp.py:2464:const#712 1.3s
survived interp.py:2464:const#713 1.2s
killed   interp.py:2506:arith#714 0.7s
killed   interp.py:2519:cmp#715 1.8s
killed   interp.py:2527:const#716 4.8s
killed   interp.py:2534:const#717 2.0s
killed   interp.py:2547:arith#718 2.0s
survived interp.py:2525:const#719 1.2s
survived interp.py:2525:const#720 1.3s
killed   interp.py:2558:const#721 0.6s
killed   interp.py:2562:const#722 0.4s
killed   interp.py:2575:ifneg#723 0.4s
survived interp.py:2577:arith#724 0.5s
killed   interp.py:2578:bool#725 0.4s
survived interp.py:2551:const#726 1.3s
survived interp.py:2551:const#727 1.2s
killed   interp.py:167:not#728 0.9s
killed   interp.py:224:arith#729 0.7s
killed   interp.py:226:const#730 1.6s
killed   interp.py:227:arith#731 0.7s
killed   interp.py:232:arith#732 0.3s
killed   interp.py:234:const#733 2.8s
killed   interp.py:235:arith#734 0.6s
killed   interp.py:271:cmp#735 1.5s
killed   interp.py:368:not#736 0.6s
killed   interp.py:376:arith#737 65.4s
killed   interp.py:401:cmp#738 1.3s
killed   interp.py:406:ifneg#739 1.3s
killed   interp.py:437:arith#740 0.6s
killed   interp.py:467:bool#741 1.3s
killed   interp.py:470:cmp#742 103.5s
killed   interp.py:480:bool#743 103.3s
killed   interp.py:483:ifneg#744 1.6s
killed   interp.py:485:ifneg#745 1.6s
killed   interp.py:494:cmp#746 1.3s
killed   interp.py:501:ifneg#747 102.2s
killed   interp.py:506:ifneg#748 1.2s
killed   interp.py:526:ifneg#749 1.2s
killed   interp.py:550:cmp#750 1.3s
killed   interp.py:554:cmp#751 1.2s
killed   interp.py:555:ifneg#752 76.5s
killed   interp.py:559:ifneg#753 1.1s
killed   interp.py:562:ifneg#754 1.5s
killed   interp.py:601:not#755 1.0s
killed   interp.py:609:arith#756 0.9s
killed   interp.py:615:arith#757 0.9s
killed   interp.py:621:arith#758 0.9s
killed   interp.py:648:cmp#759 1.2s
killed   interp.py:652:ifneg#760 1.3s
killed   interp.py:664:cmp#761 1.4s
killed   interp.py:668:bool#762 1.2s
killed   interp.py:674:cmp#763 1.0s
killed   interp.py:681:bool#764 0.9s
killed   interp.py:682:cmp#765 0.9s
killed   interp.py:688:bool#766 1.0s
killed   interp.py:694:const#767 0.9s
killed   interp.py:695:const#768 1.2s
killed   interp.py:696:cmp#769 0.9s
killed   interp.py:703:cmp#770 0.9s
killed   interp.py:706:ifneg#771 1.0s
killed   interp.py:709:ifneg#772 97.0s
killed   interp.py:717:ifneg#773 1.1s
killed   interp.py:721:const#774 1.6s
killed   interp.py:744:const#775 1.5s
killed   interp.py:769:arith#776 0.7s
killed   interp.py:773:arith#777 120.3s
killed   interp.py:800:bool#778 0.9s
killed   interp.py:800:const#779 0.9s
killed   interp.py:827:const#780 99.7s
killed   interp.py:843:cmp#781 90.6s
killed   interp.py:870:cmp#782 7.7s
killed   interp.py:870:cmp#783 2.7s
killed   interp.py:876:const#784 90.6s
killed   interp.py:880:cmp#785 7.6s
killed   interp.py:882:cmp#786 36.9s
killed   interp.py:886:cmp#787 7.9s
killed   interp.py:888:ifneg#788 91.4s
killed   interp.py:890:ifneg#789 37.6s
killed   interp.py:952:const#790 5.9s
killed   interp.py:954:const#791 0.7s
killed   interp.py:982:cmp#792 1.5s
killed   interp.py:990:cmp#793 1.1s
killed   interp.py:990:cmp#794 1.6s
killed   interp.py:993:arith#795 1.4s
killed   interp.py:994:cmp#796 102.4s
killed   interp.py:996:const#797 0.7s
killed   interp.py:1024:cmp#798 1.2s
killed   interp.py:1026:ifneg#799 1.4s
killed   interp.py:1046:cmp#800 1.4s
killed   interp.py:1047:cmp#801 1.6s
killed   interp.py:1049:bool#802 1.3s
killed   interp.py:1053:not#803 1.4s
killed   interp.py:1053:not#804 1.6s
killed   interp.py:1054:const#805 1.2s
killed   interp.py:1068:cmp#806 1.1s
killed   interp.py:1071:cmp#807 1.4s
killed   interp.py:1087:cmp#808 1.2s
killed   interp.py:1089:ifneg#809 1.3s
killed   interp.py:1101:cmp#810 1.2s
killed   interp.py:1103:ifneg#811 49.2s
killed   interp.py:1112:bool#812 1.5s
killed   interp.py:1113:const#813 1.3s
killed   interp.py:1119:ifneg#814 0.9s
killed   interp.py:1127:const#815 0.6s
killed   interp.py:1133:const#816 0.6s
killed   interp.py:1138:const#817 0.6s
killed   interp.py:1144:const#818 1.3s
killed   interp.py:1149:bool#819 2.5s
killed   interp.py:1150:const#820 0.7s
killed   interp.py:1154:not#821 0.9s
killed   interp.py:1164:bool#822 1.2s
killed   interp.py:1165:const#823 1.3s
killed   interp.py:1172:ifneg#824 1.1s
killed   interp.py:1180:ifneg#825 2.3s
killed   interp.py:1191:cmp#826 1.0s
killed   interp.py:1194:ifneg#827 1.0s
killed   interp.py:1207:cmp#828 1.5s
killed   interp.py:1212:const#829 1.3s
killed   interp.py:1213:const#830 1.4s
killed   interp.py:1224:ifneg#831 1.2s
killed   interp.py:1250:const#832 0.8s
killed   interp.py:1263:const#833 0.8s
killed   interp.py:1275:bool#834 11.2s
killed   interp.py:1276:const#835 0.6s
killed   interp.py:1284:bool#836 0.9s
killed   interp.py:1291:const#837 0.6s
killed   interp.py:1299:cmp#838 1.0s
killed   interp.py:1301:ifneg#839 1.8s
killed   interp.py:1329:cmp#840 1.2s
killed   interp.py:1331:ifneg#841 1.2s
killed   interp.py:1334:cmp#842 1.2s
killed   interp.py:1338:const#843 1.4s
killed   interp.py:1340:cmp#844 1.3s
killed   interp.py:1350:not#845 1.2s
killed   interp.py:1367:arith#846 0.7s
killed   interp.py:1368:cmp#847 1.2s
killed   interp.py:1378:cmp#848 0.6s
killed   interp.py:1378:cmp#849 0.7s
killed   interp.py:1380:cmp#850 0.6s
killed   interp.py:1415:arith#851 0.8s
killed   interp.py:1491:cmp#852 0.8s
killed   interp.py:1495:ifneg#853 0.6s
killed   interp.py:1521:cmp#854 1.4s
killed   interp.py:1521:cmp#855 1.4s
killed   interp.py:1521:cmp#856 1.5s
killed   interp.py:1521:cmp#857 1.5s
killed   interp.py:1525:bool#858 1.1s
killed   interp.py:1536:cmp#859 1.5s
killed   interp.py:1536:cmp#860 1.5s
killed   interp.py:1541:cmp#861 0.7s
killed   interp.py:1544:cmp#862 0.8s
killed   interp.py:1556:cmp#863 0.9s
killed   interp.py:1556:not#864 1.8s
killed   interp.py:1562:arith#865 0.9s
killed   interp.py:1571:arith#866 0.8s
killed   interp.py:1576:arith#867 0.8s
killed   interp.py:1598:const#868 93.6s
killed   interp.py:1608:arith#869 0.7s
killed   interp.py:1640:const#870 1.5s
killed   interp.py:1647:ifneg#871 1.2s
killed   interp.py:1653:ifneg#872 0.8s
killed   interp.py:1665:ifneg#873 0.9s
killed   interp.py:1671:ifneg#874 0.9s
killed   interp.py:1677:ifneg#875 0.9s
killed   interp.py:1685:ifneg#876 0.9s
killed   interp.py:1688:const#877 1.6s
killed   interp.py:1734:bool#878 103.5s
killed   interp.py:1734:bool#879 104.2s
killed   interp.py:1739:bool#880 3.4s
killed   interp.py:1751:bool#881 104.3s
killed   interp.py:1751:bool#882 106.9s
killed   interp.py:1766:bool#883 104.3s
killed   interp.py:1766:bool#884 106.4s
killed   interp.py:1781:bool#885 98.1s
killed   interp.py:1781:bool#886 99.6s
killed   interp.py:1782:cmp#887 0.9s
killed   interp.py:1797:bool#888 110.4s
killed   interp.py:1797:bool#889 112.9s
killed   interp.py:1798:cmp#890 1.0s
killed   interp.py:1813:bool#891 1.3s
timeout  interp.py:1814:bool#892 240.0s
killed   interp.py:1826:bool#893 0.9s
killed   interp.py:1827:bool#894 0.8s
killed   interp.py:1840:bool#895 116.4s
killed   interp.py:1840:bool#896 113.6s
killed   interp.py:1841:cmp#897 51.2s
killed   interp.py:1841:cmp#898 1.2s
killed   interp.py:1860:cmp#899 0.9s
killed   interp.py:1860:cmp#900 1.0s
killed   interp.py:1861:cmp#901 1.1s
killed   interp.py:1928:const#902 3.7s
killed   interp.py:1930:cmp#903 1.1s
killed   interp.py:1932:bool#904 120.8s
killed   interp.py:1933:ifneg#905 0.8s
killed   interp.py:1935:ifneg#906 1.1s
killed   interp.py:1959:const#907 1.1s
killed   interp.py:1959:const#908 1.2s
killed   interp.py:2009:const#909 0.5s
killed   interp.py:2020:const#910 0.6s
killed   interp.py:2023:const#911 0.6s
killed   interp.py:2066:const#912 1.7s
killed   interp.py:2088:const#913 1.3s
killed   interp.py:2102:not#914 1.0s
killed   interp.py:2106:const#915 1.1s
killed   interp.py:2106:const#916 1.1s
killed   interp.py:2119:arith#917 0.5s
killed   interp.py:2133:arith#918 0.5s
killed   interp.py:2157:arith#919 0.5s
killed   interp.py:2175:arith#920 0.5s
killed   interp.py:2191:const#921 1.5s
killed   interp.py:2193:const#922 1.1s
killed   interp.py:2203:bool#923 2.4s
killed   interp.py:2204:bool#924 2.8s
killed   interp.py:2216:const#925 0.8s
killed   interp.py:2227:const#926 0.8s
killed   interp.py:2229:arith#927 0.5s
killed   interp.py:2232:arith#928 1.0s
killed   interp.py:2247:const#929 0.9s
killed   interp.py:2256:arith#930 1.1s
killed   interp.py:2270:cmp#931 1.5s
killed   interp.py:2274:cmp#932 1.1s
killed   interp.py:2277:const#933 0.9s
killed   interp.py:2308:const#934 1.1s
killed   interp.py:2310:arith#935 0.6s
killed   interp.py:2341:arith#936 0.6s
killed   interp.py:2359:arith#937 0.6s
killed   interp.py:2363:arith#938 0.6s
killed   interp.py:2378:arith#939 0.6s
killed   interp.py:2382:arith#940 0.6s
killed   interp.py:2396:arith#941 0.7s
killed   interp.py:2429:arith#942 146.3s
killed   interp.py:2433:arith#943 146.0s
killed   interp.py:2450:const#944 0.5s
killed   interp.py:2466:const#945 1.1s
killed   interp.py:2468:const#946 0.6s
killed   interp.py:2477:arith#947 0.6s
killed   interp.py:2490:arith#948 0.6s
killed   interp.py:2496:arith#949 0.9s
killed   interp.py:2503:const#950 1.0s
survived interp.py:2530:arith#951 64.6s
killed   interp.py:2538:arith#952 2.7s
killed   interp.py:2544:const#953 2.0s
killed   interp.py:2566:arith#954 0.6s
killed   interp.py:2572:const#955 0.4s
killed   interp.py:2575:cmp#956 0.5s
killed   interp.py:357:const#957 51.8s
killed   interp.py:358:const#958 2.8s
killed   interp.py:406:cmp#959 1.3s
killed   interp.py:410:ifneg#960 1.5s
killed   interp.py:467:cmp#961 1.5s
killed   interp.py:467:cmp#962 1.6s
killed   interp.py:473:const#963 103.0s
killed   interp.py:480:cmp#964 100.8s
killed   interp.py:483:cmp#965 1.5s
killed   interp.py:485:bool#966 1.7s
killed   interp.py:501:cmp#967 96.9s
killed   interp.py:511:ifneg#968 1.1s
killed   interp.py:515:ifneg#969 1.0s
killed   interp.py:518:ifneg#970 13.2s
killed   interp.py:526:cmp#971 1.2s
killed   interp.py:532:ifneg#972 96.3s
killed   interp.py:534:ifneg#973 1.1s
killed   interp.py:555:bool#974 8.9s
killed   interp.py:559:bool#975 0.9s
killed   interp.py:562:cmp#976 1.0s
killed   interp.py:564:ifneg#977 1.0s
killed   interp.py:599:arith#978 0.7s
killed   interp.py:648:const#979 1.1s
killed   interp.py:652:cmp#980 1.4s
killed   interp.py:668:not#981 0.9s
killed   interp.py:688:cmp#982 1.0s
killed   interp.py:688:cmp#983 11.2s
killed   interp.py:706:cmp#984 1.0s
killed   interp.py:711:ifneg#985 92.5s
killed   interp.py:717:not#986 1.0s
killed   interp.py:828:const#987 0.8s
killed   interp.py:846:const#988 86.2s
killed   interp.py:870:const#989 2.6s
killed   interp.py:888:cmp#990 87.5s
killed   interp.py:952:bool#991 1.2s
killed   interp.py:989:not#992 1.3s
killed   interp.py:990:const#993 1.5s
killed   interp.py:993:const#994 1.5s
killed   interp.py:998:const#995 1.4s
killed   interp.py:1026:cmp#996 1.2s
killed   interp.py:1029:arith#997 0.6s
killed   interp.py:1049:cmp#998 1.4s
killed   interp.py:1049:cmp#999 1.5s
killed   interp.py:1050:not#1000 1.3s
killed   interp.py:1053:bool#1001 96.8s
killed   interp.py:1068:const#1002 1.1s
killed   interp.py:1071:const#1003 1.4s
killed   interp.py:1087:const#1004 1.2s
killed   interp.py:1089:cmp#1005 1.3s
killed   interp.py:1103:cmp#1006 46.0s
killed   interp.py:1119:cmp#1007 0.8s
killed   interp.py:1172:cmp#1008 1.0s
killed   interp.py:1175:ifneg#1009 1.2s
killed   interp.py:1180:cmp#1010 2.1s
killed   interp.py:1191:const#1011 1.0s
killed   interp.py:1194:cmp#1012 1.0s
killed   interp.py:1209:bool#1013 1.5s
killed   interp.py:1217:const#1014 1.3s
killed   interp.py:1224:cmp#1015 1.2s
killed   interp.py:1226:ifneg#1016 1.1s
killed   interp.py:1284:cmp#1017 0.9s
killed   interp.py:1284:cmp#1018 1.0s
killed   interp.py:1301:cmp#1019 1.7s
killed   interp.py:1331:cmp#1020 1.2s
killed   interp.py:1340:const#1021 1.2s
killed   interp.py:1347:arith#1022 114.3s
killed   interp.py:1368:const#1023 1.0s
killed   interp.py:1371:arith#1024 0.9s
killed   interp.py:1378:const#1025 0.6s
killed   interp.py:1380:const#1026 0.5s
killed   interp.py:1495:cmp#1027 0.6s
killed   interp.py:1525:cmp#1028 1.1s
killed   interp.py:1525:bool#1029 1.3s
killed   interp.py:1568:arith#1030 114.5s
killed   interp.py:1612:arith#1031 114.7s
killed   interp.py:1622:arith#1032 0.6s
killed   interp.py:1626:arith#1033 0.8s
killed   interp.py:1647:cmp#1034 1.2s
killed   interp.py:1653:bool#1035 1.0s
killed   interp.py:1665:cmp#1036 0.9s
killed   interp.py:1670:bool#1037 0.7s
killed   interp.py:1671:cmp#1038 0.8s
killed   interp.py:1677:bool#1039 0.9s
killed   interp.py:1683:const#1040 0.8s
killed   interp.py:1684:const#1041 1.0s
killed   interp.py:1685:cmp#1042 0.8s
killed   interp.py:1734:cmp#1043 1.3s
killed   interp.py:1734:cmp#1044 1.3s
killed   interp.py:1734:cmp#1045 1.4s
killed   interp.py:1734:cmp#1046 1.3s
killed   interp.py:1739:cmp#1047 3.1s
killed   interp.py:1739:cmp#1048 5.7s
killed   interp.py:1751:cmp#1049 1.2s
killed   interp.py:1751:cmp#1050 1.2s
killed   interp.py:1751:cmp#1051 1.2s
killed   interp.py:1751:cmp#1052 1.2s
killed   interp.py:1766:cmp#1053 1.4s
killed   interp.py:1766:cmp#1054 1.3s
killed   interp.py:1766:cmp#1055 95.1s
killed   interp.py:1766:cmp#1056 94.8s
killed   interp.py:1781:cmp#1057 50.5s
killed   interp.py:1781:cmp#1058 50.8s
killed   interp.py:1781:cmp#1059 50.6s
killed   interp.py:1781:cmp#1060 50.7s
killed   interp.py:1782:const#1061 0.8s
killed   interp.py:1797:cmp#1062 1.1s
killed   interp.py:1797:cmp#1063 1.0s
killed   interp.py:1797:cmp#1064 106.9s
killed   interp.py:1797:cmp#1065 114.0s
killed   interp.py:1798:const#1066 1.0s
killed   interp.py:1813:bool#1067 121.8s
killed   interp.py:1813:bool#1068 121.3s
timeout  interp.py:1814:cmp#1069 240.0s
killed   interp.py:1814:cmp#1070 103.2s
killed   interp.py:1815:cmp#1071 1.3s
killed   interp.py:1826:bool#1072 97.8s
killed   interp.py:1826:bool#1073 96.6s
killed   interp.py:1827:cmp#1074 0.9s
killed   interp.py:1827:cmp#1075 95.8s
killed   interp.py:1828:cmp#1076 1.0s
killed   interp.py:1840:cmp#1077 1.3s
killed   interp.py:1840:cmp#1078 1.3s
killed   interp.py:1840:cmp#1079 54.1s
killed   interp.py:1840:cmp#1080 54.3s
killed   interp.py:1859:const#1081 1.0s
killed   interp.py:1931:const#1082 0.8s
killed   interp.py:1933:cmp#1083 0.7s
killed   interp.py:1935:bool#1084 1.1s
killed   interp.py:1936:ifneg#1085 0.9s
killed   interp.py:1940:ifneg#1086 1.0s
killed   interp.py:2103:arith#1087 0.9s
killed   interp.py:2143:arith#1088 0.9s
killed   interp.py:2183:const#1089 0.7s
killed   interp.py:2201:arith#1090 1.0s
killed   interp.py:2204:cmp#1091 1.6s
killed   interp.py:2204:cmp#1092 1.6s
killed   interp.py:2205:arith#1093 1.0s
killed   interp.py:2242:const#1094 0.9s
killed   interp.py:2250:const#1095 0.7s
killed   interp.py:2274:const#1096 1.2s
killed   interp.py:2296:arith#1097 0.5s
killed   interp.py:2313:const#1098 0.8s
killed   interp.py:2405:arith#1099 0.6s
killed   interp.py:2472:arith#1100 0.5s
killed   interp.py:2543:const#1101 1.5s
killed   interp.py:2571:const#1102 0.3s
killed   interp.py:357:const#1103 40.0s
killed   interp.py:410:bool#1104 93.0s
killed   interp.py:412:ifneg#1105 1.1s
killed   interp.py:467:const#1106 1.3s
killed   interp.py:480:const#1107 91.0s
killed   interp.py:485:cmp#1108 92.4s
killed   interp.py:487:arith#1109 90.9s
killed   interp.py:488:const#1110 90.1s
killed   interp.py:489:const#1111 91.4s
killed   interp.py:508:const#1112 90.8s
killed   interp.py:515:bool#1113 0.9s
killed   interp.py:518:cmp#1114 11.8s
killed   interp.py:520:ifneg#1115 1.1s
killed   interp.py:532:cmp#1116 92.6s
killed   interp.py:538:ifneg#1117 0.8s
killed   interp.py:555:cmp#1118 93.5s
killed   interp.py:559:cmp#1119 0.9s
killed   interp.py:559:not#1120 0.9s
killed   interp.py:564:cmp#1121 1.0s
killed   interp.py:602:arith#1122 0.3s
killed   interp.py:649:const#1123 1.2s
killed   interp.py:650:const#1124 1.3s
killed   interp.py:652:const#1125 1.4s
killed   interp.py:684:arith#1126 0.8s
killed   interp.py:690:arith#1127 3.1s
killed   interp.py:710:arith#1128 91.9s
killed   interp.py:711:cmp#1129 92.4s
killed   interp.py:712:ifneg#1130 89.5s
killed   interp.py:718:const#1131 109.6s
killed   interp.py:871:const#1132 7.4s
killed   interp.py:891:const#1133 84.4s
killed   interp.py:985:not#1134 1.6s
killed   interp.py:991:const#1135 1.2s
killed   interp.py:993:bool#1136 1.1s
killed   interp.py:995:cmp#1137 1.5s
killed   interp.py:1089:const#1138 1.1s
killed   interp.py:1172:const#1139 1.0s
killed   interp.py:1175:cmp#1140 1.1s
killed   interp.py:1194:const#1141 1.0s
killed   interp.py:1217:const#1142 1.5s
killed   interp.py:1226:cmp#1143 1.2s
killed   interp.py:1231:ifneg#1144 0.7s
killed   interp.py:1284:const#1145 87.8s
killed   interp.py:1351:arith#1146 0.5s
killed   interp.py:1525:const#1147 1.0s
killed   interp.py:1525:cmp#1148 1.0s
killed   interp.py:1525:cmp#1149 1.0s
killed   interp.py:1542:arith#1150 0.7s
killed   interp.py:1653:not#1151 0.8s
killed   interp.py:1677:cmp#1152 0.9s
killed   interp.py:1677:cmp#1153 7.6s
killed   interp.py:1736:arith#1154 1.1s
killed   interp.py:1740:arith#1155 1.1s
timeout  interp.py:1753:arith#1156 240.3s
killed   interp.py:1768:arith#1157 0.9s
killed   interp.py:1784:arith#1158 0.6s
killed   interp.py:1800:arith#1159 0.7s
killed   interp.py:1813:cmp#1160 1.1s
killed   interp.py:1813:cmp#1161 1.1s
killed   interp.py:1813:cmp#1162 88.1s
killed   interp.py:1813:cmp#1163 88.2s
killed   interp.py:1826:cmp#1164 45.4s
killed   interp.py:1826:cmp#1165 45.7s
killed   interp.py:1826:cmp#1166 0.7s
killed   interp.py:1826:cmp#1167 0.8s
killed   interp.py:1860:const#1168 0.8s
killed   interp.py:1860:const#1169 0.8s
killed   interp.py:1860:const#1170 0.8s
killed   interp.py:1860:const#1171 0.8s
killed   interp.py:1896:const#1172 0.8s
killed   interp.py:1896:const#1173 0.8s
killed   interp.py:1934:const#1174 1.8s
killed   interp.py:1936:cmp#1175 0.8s
killed   interp.py:1940:bool#1176 1.0s
killed   interp.py:1941:ifneg#1177 0.7s
killed   interp.py:2080:const#1178 0.6s
killed   interp.py:2090:const#1179 0.9s
killed   interp.py:2092:const#1180 0.8s
killed   interp.py:2094:const#1181 0.8s
killed   interp.py:2106:const#1182 0.8s
killed   interp.py:2107:const#1183 0.6s
killed   interp.py:2107:const#1184 0.8s
killed   interp.py:2184:const#1185 0.7s
killed   interp.py:2203:const#1186 1.6s
killed   interp.py:2203:const#1187 1.1s
killed   interp.py:2207:const#1188 1.2s
killed   interp.py:2209:const#1189 0.3s
killed   interp.py:2218:const#1190 0.6s
killed   interp.py:2220:const#1191 0.3s
killed   interp.py:2235:const#1192 0.6s
killed   interp.py:2243:const#1193 0.8s
killed   interp.py:2276:const#1194 0.6s
survived interp.py:2516:const#1195 48.9s
survived interp.py:2517:const#1196 48.7s
killed   interp.py:2528:const#1197 2.9s
killed   interp.py:2528:const#1198 3.1s
killed   interp.py:2559:const#1199 0.5s
killed   interp.py:2559:const#1200 0.4s
killed   interp.py:2576:arith#1201 0.3s
killed   interp.py:410:cmp#1202 1.2s
killed   interp.py:410:cmp#1203 1.1s
killed   interp.py:412:bool#1204 95.3s
killed   interp.py:468:const#1205 1.1s
killed   interp.py:504:bool#1206 1.3s
killed   interp.py:505:const#1207 0.8s
killed   interp.py:515:cmp#1208 0.8s
killed   interp.py:515:not#1209 11.4s
killed   interp.py:520:cmp#1210 1.1s
killed   interp.py:535:const#1211 104.5s
killed   interp.py:538:cmp#1212 0.8s
killed   interp.py:541:ifneg#1213 0.8s
killed   interp.py:555:const#1214 111.2s
killed   interp.py:653:const#1215 1.0s
killed   interp.py:654:const#1216 1.0s
killed   interp.py:656:const#1217 1.1s
killed   interp.py:657:const#1218 1.2s
killed   interp.py:711:const#1219 107.6s
killed   interp.py:712:cmp#1220 97.8s
killed   interp.py:952:const#1221 6.7s
killed   interp.py:995:const#1222 94.9s
killed   interp.py:1175:const#1223 1.2s
killed   interp.py:1231:cmp#1224 0.7s
killed   interp.py:1339:const#1225 1.2s
killed   interp.py:1381:const#1226 0.6s
killed   interp.py:1381:const#1227 0.7s
killed   interp.py:1526:cmp#1228 0.8s
killed   interp.py:1673:arith#1229 0.7s
killed   interp.py:1679:arith#1230 0.7s
killed   interp.py:1862:const#1231 1.1s
killed   interp.py:1862:const#1232 1.1s
killed   interp.py:1862:const#1233 0.9s
killed   interp.py:1864:const#1234 1.1s
killed   interp.py:1896:const#1235 1.0s
killed   interp.py:1937:const#1236 0.4s
killed   interp.py:1941:cmp#1237 0.9s
killed   interp.py:1946:const#1238 0.7s
killed   interp.py:2230:const#1239 0.4s
killed   interp.py:2233:const#1240 1.0s
killed   interp.py:2311:const#1241 0.6s
killed   interp.py:2470:const#1242 98.9s
killed   interp.py:412:cmp#1243 1.4s
killed   interp.py:412:cmp#1244 1.3s
killed   interp.py:460:const#1245 1.4s
killed   interp.py:541:cmp#1246 1.1s
killed   interp.py:716:const#1247 97.5s
killed   interp.py:993:const#1248 1.7s
killed   interp.py:1088:const#1249 1.2s
survived interp.py:1241:cmp#1250 45.9s
killed   interp.py:1341:const#1251 1.0s
killed   interp.py:1341:const#1252 1.0s
killed   interp.py:1862:const#1253 0.9s
killed   interp.py:1862:const#1254 0.9s
killed   interp.py:1864:const#1255 1.0s
killed   interp.py:1942:const#1256 0.3s
killed   interp.py:2202:const#1257 1.0s
killed   interp.py:2206:const#1258 1.0s
killed   interp.py:2238:const#1259 0.9s
killed   interp.py:1090:const#1260 1.0s
killed   interp.py:1090:const#1261 1.1s
killed   interp.py:1243:bool#1262 29.5s
coverage: derived from the by-file map (full trace, 22 test files)
whence/interp.py: 1537/1978 executable lines executed (77.7%)
  never executed: Interpreter.eval, Interpreter._trampoline_body, Interpreter._sub_direct, Interpreter.eval_FieldAccess, _kind, _make_builtin_table.b_shapeof, _make_builtin_table.b_at, _make_builtin_table.b_blame, _make_builtin_table._diverge_records, _make_builtin_table.b_diverge, _make_builtin_table.b_contrast
  _compile_binop.f_cmp                       1/ 10  10.0%  [1847-1857]
  _install_builtins                          1/  4  25.0%  [2154-2165]
  _merge_ifs                                 3/  9  33.3%  [1861-1880]
  _propagate                                 1/  3  33.3%  [1985-1989]
  _make_builtin_table.b_merge                4/ 10  40.0%  [2415-2425]
  _check_ret                                 5/ 12  41.7%  [2041-2066]
  _make_builtin_table.b_sqrt                 7/ 15  46.7%  [2322-2337]
  _type_match                                9/ 18  50.0%  [2009-2038]
  _make_builtin_table.b_has                  7/ 14  50.0%  [2448-2466]
  Interpreter._if_chain_gen                  4/  8  50.0%  [907-920]
  _make_builtin_table.register.wrap          1/  2  50.0%  [2172-2174]
  Interpreter.eval_If                        8/ 14  57.1%  [1469-1486]
triage: 35 survivors; score all 0.9723, behavioural 0.9703 (1144/1179 after dropping counter+budget)
  counter        survived   0 of  27
  budget         survived   0 of  57
  none_guard     survived   0 of 123
  error_message  survived   7 of  89
  other          survived  28 of 967
# SWE campaign report

| metric | value |
|---|---|
| mutants | 1263 |
| baseline score | 0.9723 (1228 killed / 35 survived, 3226.4 s) |
| timeout recheck flips | 0 of 4 timeouts |
| corrected score | 0.9723 (35 survived) |
| corpus killers | 0 of 35 survivors (0 no_killer), 0 verified |
| model kills | None of None attempted, None equivalent claimed, None verified, $None, None steps |
| review | None claims, None confirmed, tools None, $None, stop=None |
| coverage | whence/interp.py 77.7%; survivors 35 covered / 0 uncovered; killed-on-uncovered 25 of 1228 traced |
| subset verdicts | 35 survivors on a covering subset; 35 re-run under the full suite, 0 flipped |
| triage | survivors counter 0, budget 0, none_guard 0, error_message 7, other 28; score all 0.9723, behavioural 0.9703 (1144/1179) |
| oracle kills | 0 of 0 no_killer survivors (modes 0, frames 0, counters 0), 0 verified, 78 programs |
| repair | n/a |
| tests added | 0 |
| projected final score | 0.9723 |
| live cost | $0.0 |

[00:52:20] campaign pipeline complete rc=0
