killed   interp.py:126:ifneg#0
killed   interp.py:128:ifneg#1
killed   interp.py:133:ifneg#2
killed   interp.py:144:ifneg#3
killed   interp.py:146:ifneg#4
killed   interp.py:149:ifneg#5
timeout  interp.py:151:ifneg#6
killed   interp.py:157:ifneg#7
killed   interp.py:159:ifneg#8
killed   interp.py:168:ifneg#9
killed   interp.py:170:ifneg#10
killed   interp.py:177:ifneg#11
killed   interp.py:179:ifneg#12
killed   interp.py:187:ifneg#13
killed   interp.py:190:ifneg#14
killed   interp.py:198:ifneg#15
killed   interp.py:211:ifneg#16
killed   interp.py:213:ifneg#17
killed   interp.py:217:ifneg#18
killed   interp.py:228:ifneg#19
killed   interp.py:230:ifneg#20
killed   interp.py:232:ifneg#21
killed   interp.py:234:ifneg#22
killed   interp.py:236:ifneg#23
killed   interp.py:238:ifneg#24
killed   interp.py:240:ifneg#25
killed   interp.py:242:ifneg#26
killed   interp.py:244:ifneg#27
killed   interp.py:246:ifneg#28
killed   interp.py:255:ifneg#29
killed   interp.py:1070:ifneg#30
killed   interp.py:1079:ifneg#31
killed   interp.py:1081:ifneg#32
killed   interp.py:1087:ifneg#33
killed   interp.py:1089:ifneg#34
killed   interp.py:1096:ifneg#35
killed   interp.py:1104:ifneg#36
killed   interp.py:120:bool#37
killed   interp.py:128:cmp#38
killed   interp.py:129:ifneg#39
killed   interp.py:133:cmp#40
killed   interp.py:134:ifneg#41
killed   interp.py:146:not#42
killed   interp.py:149:bool#43
