killed   interp.py:157:ifneg#0 0.9s
killed   interp.py:159:ifneg#1 0.9s
killed   interp.py:164:ifneg#2 0.8s
killed   interp.py:175:ifneg#3 3.9s
killed   interp.py:177:ifneg#4 3.9s
killed   interp.py:180:ifneg#5 72.1s
timeout  interp.py:182:ifneg#6 240.0s
killed   interp.py:188:ifneg#7 4.0s
killed   interp.py:190:ifneg#8 4.0s
killed   interp.py:199:ifneg#9 0.9s
killed   interp.py:201:ifneg#10 0.9s
killed   interp.py:208:ifneg#11 12.7s
killed   interp.py:210:ifneg#12 23.0s
killed   interp.py:218:ifneg#13 4.1s
killed   interp.py:221:ifneg#14 4.1s
killed   interp.py:229:ifneg#15 4.2s
killed   interp.py:242:ifneg#16 1.0s
killed   interp.py:244:ifneg#17 1.1s
killed   interp.py:248:ifneg#18 1.1s
killed   interp.py:259:ifneg#19 1.0s
killed   interp.py:261:ifneg#20 0.9s
killed   interp.py:263:ifneg#21 1.0s
killed   interp.py:265:ifneg#22 1.0s
killed   interp.py:267:ifneg#23 1.0s
killed   interp.py:269:ifneg#24 0.9s
killed   interp.py:271:ifneg#25 0.9s
killed   interp.py:273:ifneg#26 0.9s
killed   interp.py:275:ifneg#27 1.0s
killed   interp.py:277:ifneg#28 1.0s
killed   interp.py:286:ifneg#29 1.0s
killed   interp.py:1639:ifneg#30 17.8s
killed   interp.py:1690:ifneg#31 1.8s
killed   interp.py:1699:ifneg#32 23.0s
killed   interp.py:1701:ifneg#33 1.0s
killed   interp.py:1707:ifneg#34 23.7s
killed   interp.py:1709:ifneg#35 23.6s
killed   interp.py:1716:ifneg#36 1.0s
killed   interp.py:1724:ifneg#37 4.5s
killed   interp.py:1757:ifneg#38 1.0s
killed   interp.py:140:bool#39 1.1s
survived interp.py:146:const#40 82.8s
killed   interp.py:148:cmp#41 78.3s
killed   interp.py:159:cmp#42 1.0s
killed   interp.py:160:ifneg#43 1.2s
killed   interp.py:164:cmp#44 1.0s
killed   interp.py:165:ifneg#45 1.0s
killed   interp.py:177:not#46 4.5s
killed   interp.py:180:bool#47 76.3s
timeout  interp.py:182:bool#48 240.0s
killed   interp.py:190:not#49 4.7s
killed   interp.py:201:not#50 1.1s
killed   interp.py:210:not#51 25.6s
killed   interp.py:218:bool#52 24.9s
killed   interp.py:222:ifneg#53 4.5s
killed   interp.py:225:ifneg#54 4.7s
killed   interp.py:230:ifneg#55 4.8s
killed   interp.py:233:ifneg#56 4.8s
killed   interp.py:244:not#57 1.2s
killed   interp.py:248:cmp#58 1.2s
killed   interp.py:259:bool#59 56.5s
survived interp.py:261:bool#60 91.2s
killed   interp.py:263:cmp#61 1.0s
killed   interp.py:265:cmp#62 1.0s
killed   interp.py:267:cmp#63 1.0s
killed   interp.py:269:cmp#64 1.0s
killed   interp.py:271:cmp#65 1.0s
killed   interp.py:273:cmp#66 1.1s
killed   interp.py:275:cmp#67 1.0s
killed   interp.py:277:cmp#68 1.1s
killed   interp.py:286:cmp#69 1.1s
killed   interp.py:294:const#70 4.6s
survived interp.py:301:const#71 94.6s
survived interp.py:307:const#72 107.4s
survived interp.py:346:ifneg#73 138.7s
killed   interp.py:362:ifneg#74 47.0s
survived interp.py:409:ifneg#75 139.8s
killed   interp.py:411:ifneg#76 55.2s
killed   interp.py:415:ifneg#77 67.9s
survived interp.py:420:ifneg#78 143.0s
killed   interp.py:426:ifneg#79 42.9s
killed   interp.py:581:ifneg#80 1.7s
killed   interp.py:596:ifneg#81 1.5s
killed   interp.py:600:ifneg#82 1.4s
survived interp.py:606:ifneg#83 142.4s
killed   interp.py:608:ifneg#84 1.6s
killed   interp.py:621:ifneg#85 40.4s
killed   interp.py:696:ifneg#86 26.2s
survived interp.py:715:ifneg#87 155.9s
killed   interp.py:717:ifneg#88 1.9s
killed   interp.py:720:ifneg#89 40.4s
killed   interp.py:724:ifneg#90 40.5s
killed   interp.py:730:ifneg#91 74.7s
survived interp.py:749:ifneg#92 155.2s
killed   interp.py:754:ifneg#93 74.9s
survived interp.py:772:ifneg#94 142.7s
killed   interp.py:774:ifneg#95 7.5s
killed   interp.py:780:ifneg#96 50.1s
survived interp.py:783:ifneg#97 144.0s
killed   interp.py:785:ifneg#98 2.1s
killed   interp.py:789:ifneg#99 2.0s
killed   interp.py:863:ifneg#100 42.6s
survived interp.py:875:const#101 148.4s
killed   interp.py:886:ifneg#102 59.7s
killed   interp.py:888:ifneg#103 62.2s
killed   interp.py:921:ifneg#104 72.9s
killed   interp.py:923:ifneg#105 73.4s
survived interp.py:926:ifneg#106 157.6s
killed   interp.py:928:ifneg#107 73.3s
killed   interp.py:970:ifneg#108 1.6s
killed   interp.py:973:ifneg#109 1.6s
killed   interp.py:984:ifneg#110 1.6s
killed   interp.py:988:ifneg#111 1.6s
killed   interp.py:1033:ifneg#112 1.5s
killed   interp.py:1049:ifneg#113 1.7s
killed   interp.py:1055:ifneg#114 1.7s
killed   interp.py:1060:ifneg#115 1.9s
killed   interp.py:1066:ifneg#116 2.0s
killed   interp.py:1071:ifneg#117 1.8s
killed   interp.py:1085:ifneg#118 1.7s
killed   interp.py:1124:ifneg#119 1.7s
killed   interp.py:1169:ifneg#120 1.7s
killed   interp.py:1179:ifneg#121 1.8s
killed   interp.py:1191:ifneg#122 1.8s
killed   interp.py:1197:ifneg#123 2.2s
killed   interp.py:1252:ifneg#124 1.9s
killed   interp.py:1276:ifneg#125 1.8s
killed   interp.py:1281:ifneg#126 1.8s
killed   interp.py:1285:ifneg#127 1.9s
killed   interp.py:1289:ifneg#128 1.9s
killed   interp.py:1305:ifneg#129 51.9s
killed   interp.py:1347:ifneg#130 67.1s
killed   interp.py:1354:ifneg#131 63.8s
killed   interp.py:1357:ifneg#132 2.7s
killed   interp.py:1359:ifneg#133 8.0s
killed   interp.py:1365:ifneg#134 3.8s
killed   interp.py:1398:ifneg#135 8.7s
killed   interp.py:1412:ifneg#136 2.1s
killed   interp.py:1438:ifneg#137 2.1s
killed   interp.py:1442:ifneg#138 3.2s
killed   interp.py:1450:ifneg#139 7.0s
killed   interp.py:1457:ifneg#140 7.0s
killed   interp.py:1466:ifneg#141 39.2s
survived interp.py:1476:ifneg#142 156.8s
killed   interp.py:1478:ifneg#143 38.8s
killed   interp.py:1493:ifneg#144 38.7s
killed   interp.py:1498:ifneg#145 5.7s
killed   interp.py:1501:ifneg#146 2.2s
killed   interp.py:1510:ifneg#147 5.6s
killed   interp.py:1616:ifneg#148 2.3s
killed   interp.py:1639:cmp#149 30.8s
killed   interp.py:1660:ifneg#150 2.4s
killed   interp.py:1665:ifneg#151 6.8s
killed   interp.py:1667:ifneg#152 7.2s
killed   interp.py:1669:ifneg#153 7.1s
killed   interp.py:1690:cmp#154 2.6s
killed   interp.py:1693:const#155 6.7s
killed   interp.py:1699:cmp#156 46.2s
killed   interp.py:1703:cmp#157 1.4s
killed   interp.py:1707:cmp#158 47.8s
killed   interp.py:1757:cmp#159 1.5s
killed   interp.py:1780:ifneg#160 7.9s
killed   interp.py:1783:ifneg#161 8.2s
killed   interp.py:1785:ifneg#162 51.1s
killed   interp.py:1793:ifneg#163 1.7s
killed   interp.py:1809:ifneg#164 1.8s
killed   interp.py:1812:ifneg#165 2.0s
killed   interp.py:1823:ifneg#166 2.0s
killed   interp.py:1826:ifneg#167 1.9s
killed   interp.py:1847:ifneg#168 1.7s
killed   interp.py:1850:ifneg#169 1.6s
killed   interp.py:1866:ifneg#170 31.0s
killed   interp.py:1868:ifneg#171 32.4s
killed   interp.py:1883:ifneg#172 2.1s
killed   interp.py:1886:ifneg#173 1.7s
killed   interp.py:1888:ifneg#174 1.8s
killed   interp.py:1908:ifneg#175 9.8s
killed   interp.py:1911:ifneg#176 9.4s
killed   interp.py:1919:ifneg#177 1.9s
killed   interp.py:1922:ifneg#178 2.2s
killed   interp.py:1925:ifneg#179 2.2s
killed   interp.py:1949:ifneg#180 2.3s
killed   interp.py:1959:ifneg#181 2.3s
killed   interp.py:1962:ifneg#182 2.4s
killed   interp.py:1965:ifneg#183 9.3s
killed   interp.py:1979:ifneg#184 42.6s
killed   interp.py:1982:ifneg#185 41.8s
killed   interp.py:2000:ifneg#186 41.5s
killed   interp.py:2003:ifneg#187 40.5s
killed   interp.py:2012:ifneg#188 1.8s
killed   interp.py:2015:ifneg#189 1.6s
killed   interp.py:2032:ifneg#190 6.8s
killed   interp.py:2034:ifneg#191 6.8s
killed   interp.py:2049:ifneg#192 7.1s
killed   interp.py:2052:ifneg#193 7.1s
killed   interp.py:2056:ifneg#194 7.3s
killed   interp.py:2069:ifneg#195 7.3s
killed   interp.py:2071:ifneg#196 7.5s
killed   interp.py:2075:ifneg#197 7.5s
killed   interp.py:2086:ifneg#198 51.8s
killed   interp.py:2089:ifneg#199 52.8s
killed   interp.py:2114:ifneg#200 7.7s
killed   interp.py:2134:ifneg#201 7.8s
killed   interp.py:2136:ifneg#202 7.8s
killed   interp.py:2142:ifneg#203 8.2s
killed   interp.py:2174:ifneg#204 51.6s
killed   interp.py:2182:ifneg#205 51.6s
killed   interp.py:2184:ifneg#206 51.8s
killed   interp.py:2189:ifneg#207 52.0s
killed   interp.py:2205:ifneg#208 51.4s
killed   interp.py:2210:ifneg#209 75.3s
killed   interp.py:2212:ifneg#210 75.9s
killed   interp.py:2217:ifneg#211 75.2s
killed   interp.py:99:cmp#212 48.5s
killed   interp.py:100:ifneg#213 48.7s
killed   interp.py:140:not#214 2.0s
killed   interp.py:149:const#215 128.8s
survived interp.py:169:arith#216 157.1s
killed   interp.py:180:cmp#217 6.2s
killed   interp.py:180:cmp#218 152.7s
killed   interp.py:182:cmp#219 6.7s
timeout  interp.py:182:cmp#220 240.0s
killed   interp.py:222:bool#221 41.6s
killed   interp.py:225:bool#222 44.3s
survived interp.py:230:bool#223 162.9s
killed   interp.py:233:bool#224 51.6s
killed   interp.py:237:arith#225 50.9s
killed   interp.py:249:bool#226 50.9s
killed   interp.py:259:cmp#227 2.2s
killed   interp.py:259:cmp#228 2.0s
killed   interp.py:261:cmp#229 1.8s
killed   interp.py:261:cmp#230 2.2s
killed   interp.py:261:cmp#231 2.0s
killed   interp.py:266:arith#232 2.1s
killed   interp.py:310:const#233 99.2s
killed   interp.py:310:const#234 57.0s
killed   interp.py:310:const#235 60.8s
killed   interp.py:315:const#236 55.1s
survived interp.py:318:const#237 178.2s
killed   interp.py:319:const#238 64.5s
killed   interp.py:321:const#239 68.6s
killed   interp.py:327:const#240 74.8s
killed   interp.py:328:const#241 80.2s
killed   interp.py:353:ifneg#242 80.5s
killed   interp.py:388:ifneg#243 2.6s
survived interp.py:409:cmp#244 168.6s
killed   interp.py:415:cmp#245 62.9s
survived interp.py:420:cmp#246 154.5s
killed   interp.py:426:not#247 45.8s
survived interp.py:446:const#248 158.8s
killed   interp.py:455:ifneg#249 1.9s
survived interp.py:561:const#250 156.3s
killed   interp.py:581:cmp#251 2.5s
killed   interp.py:582:ifneg#252 2.4s
killed   interp.py:584:ifneg#253 2.1s
killed   interp.py:595:bool#254 8.5s
killed   interp.py:596:cmp#255 1.7s
killed   interp.py:600:cmp#256 27.3s
survived interp.py:606:cmp#257 141.2s
killed   interp.py:612:ifneg#258 70.1s
killed   interp.py:615:ifneg#259 3.0s
survived interp.py:619:const#260 137.1s
killed   interp.py:620:const#261 8.7s
survived interp.py:621:cmp#262 123.1s
killed   interp.py:624:const#263 35.1s
killed   interp.py:696:cmp#264 28.4s
survived interp.py:715:cmp#265 129.3s
killed   interp.py:717:not#266 2.3s
killed   interp.py:719:bool#267 50.9s
killed   interp.py:720:cmp#268 40.6s
survived interp.py:724:cmp#269 136.5s
survived interp.py:728:const#270 135.1s
killed   interp.py:729:const#271 54.2s
survived interp.py:730:cmp#272 133.9s
survived interp.py:749:cmp#273 130.8s
killed   interp.py:754:not#274 56.5s
survived interp.py:757:const#275 118.2s
survived interp.py:772:cmp#276 118.9s
killed   interp.py:780:bool#277 45.4s
survived interp.py:783:cmp#278 121.0s
killed   interp.py:789:bool#279 2.2s
killed   interp.py:791:ifneg#280 46.5s
killed   interp.py:794:ifneg#281 2.1s
killed   interp.py:812:const#282 41.5s
killed   interp.py:814:ifneg#283 45.6s
killed   interp.py:817:ifneg#284 40.4s
killed   interp.py:823:ifneg#285 47.7s
survived interp.py:826:ifneg#286 130.0s
killed   interp.py:828:ifneg#287 52.5s
killed   interp.py:833:ifneg#288 50.9s
killed   interp.py:863:cmp#289 50.8s
killed   interp.py:886:cmp#290 58.7s
killed   interp.py:888:not#291 52.1s
killed   interp.py:897:ifneg#292 53.3s
killed   interp.py:902:ifneg#293 124.7s
killed   interp.py:906:ifneg#294 50.6s
killed   interp.py:921:cmp#295 57.0s
killed   interp.py:923:not#296 57.0s
survived interp.py:926:cmp#297 114.0s
killed   interp.py:935:ifneg#298 57.1s
killed   interp.py:940:ifneg#299 86.5s
killed   interp.py:943:ifneg#300 1.5s
killed   interp.py:947:ifneg#301 52.3s
killed   interp.py:961:const#302 2.5s
killed   interp.py:970:bool#303 1.3s
killed   interp.py:973:cmp#304 1.3s
killed   interp.py:984:cmp#305 1.5s
killed   interp.py:988:cmp#306 1.4s
killed   interp.py:999:ifneg#307 1.3s
killed   interp.py:1006:ifneg#308 2.2s
killed   interp.py:1009:ifneg#309 1.3s
killed   interp.py:1033:cmp#310 1.4s
killed   interp.py:1036:ifneg#311 1.4s
killed   interp.py:1039:ifneg#312 1.3s
killed   interp.py:1049:cmp#313 1.3s
killed   interp.py:1051:ifneg#314 18.1s
killed   interp.py:1055:cmp#315 1.4s
killed   interp.py:1057:ifneg#316 2.5s
killed   interp.py:1060:cmp#317 1.3s
killed   interp.py:1062:ifneg#318 45.5s
killed   interp.py:1066:cmp#319 1.6s
killed   interp.py:1068:ifneg#320 20.7s
killed   interp.py:1071:cmp#321 1.4s
killed   interp.py:1074:ifneg#322 47.2s
killed   interp.py:1085:cmp#323 1.4s
killed   interp.py:1089:ifneg#324 1.6s
killed   interp.py:1091:ifneg#325 2.1s
killed   interp.py:1124:cmp#326 1.4s
killed   interp.py:1133:ifneg#327 1.3s
killed   interp.py:1135:ifneg#328 1.6s
killed   interp.py:1169:cmp#329 1.9s
killed   interp.py:1171:ifneg#330 7.3s
killed   interp.py:1179:cmp#331 2.1s
killed   interp.py:1181:ifneg#332 6.5s
killed   interp.py:1191:cmp#333 1.7s
killed   interp.py:1194:ifneg#334 22.8s
killed   interp.py:1197:cmp#335 1.7s
killed   interp.py:1199:ifneg#336 6.0s
killed   interp.py:1237:ifneg#337 1.3s
killed   interp.py:1240:ifneg#338 50.1s
killed   interp.py:1252:cmp#339 1.3s
killed   interp.py:1257:ifneg#340 1.6s
killed   interp.py:1269:ifneg#341 49.6s
killed   interp.py:1305:cmp#342 35.6s
killed   interp.py:1347:not#343 46.6s
killed   interp.py:1354:cmp#344 42.1s
killed   interp.py:1357:cmp#345 2.3s
killed   interp.py:1365:cmp#346 2.5s
killed   interp.py:1380:ifneg#347 41.1s
killed   interp.py:1398:cmp#348 4.6s
killed   interp.py:1401:ifneg#349 41.5s
killed   interp.py:1412:bool#350 1.4s
killed   interp.py:1415:ifneg#351 1.4s
killed   interp.py:1427:ifneg#352 1.4s
killed   interp.py:1438:bool#353 1.4s
killed   interp.py:1442:cmp#354 2.5s
killed   interp.py:1444:ifneg#355 6.4s
killed   interp.py:1450:cmp#356 6.9s
killed   interp.py:1451:ifneg#357 32.0s
killed   interp.py:1457:cmp#358 6.3s
killed   interp.py:1458:ifneg#359 6.7s
killed   interp.py:1460:ifneg#360 7.0s
killed   interp.py:1466:cmp#361 34.6s
survived interp.py:1476:cmp#362 117.4s
survived interp.py:1486:ifneg#363 117.2s
killed   interp.py:1488:ifneg#364 35.5s
killed   interp.py:1502:ifneg#365 34.6s
killed   interp.py:1507:ifneg#366 35.5s
killed   interp.py:1512:ifneg#367 5.2s
killed   interp.py:1516:ifneg#368 4.9s
killed   interp.py:1521:ifneg#369 41.0s
killed   interp.py:1581:ifneg#370 48.3s
killed   interp.py:1616:bool#371 2.6s
survived interp.py:1639:const#372 131.6s
killed   interp.py:1644:arith#373 2.6s
killed   interp.py:1657:cmp#374 36.1s
killed   interp.py:1660:cmp#375 2.6s
killed   interp.py:1662:ifneg#376 37.5s
killed   interp.py:1665:bool#377 41.0s
killed   interp.py:1667:cmp#378 7.0s
killed   interp.py:1670:ifneg#379 6.8s
killed   interp.py:1672:ifneg#380 25.5s
survived interp.py:1700:const#381 150.5s
killed   interp.py:1710:arith#382 45.3s
killed   interp.py:1772:const#383 3.1s
killed   interp.py:1777:const#384 9.0s
killed   interp.py:1796:ifneg#385 1.7s
killed   interp.py:1812:not#386 2.3s
killed   interp.py:1806:const#387 1.5s
killed   interp.py:1826:not#388 1.7s
killed   interp.py:1833:ifneg#389 2.3s
killed   interp.py:1836:ifneg#390 2.1s
killed   interp.py:1840:ifneg#391 1.9s
killed   interp.py:1820:const#392 1.9s
killed   interp.py:1850:not#393 1.7s
killed   interp.py:1853:const#394 42.8s
killed   interp.py:1844:const#395 2.3s
killed   interp.py:1868:not#396 25.8s
killed   interp.py:1863:const#397 23.9s
killed   interp.py:1873:const#398 1.6s
killed   interp.py:1894:ifneg#399 1.6s
killed   interp.py:1898:ifneg#400 1.5s
killed   interp.py:1880:const#401 1.6s
killed   interp.py:1905:const#402 6.6s
killed   interp.py:1922:not#403 1.6s
killed   interp.py:1925:cmp#404 45.1s
killed   interp.py:1916:const#405 2.2s
killed   interp.py:1934:const#406 1.7s
killed   interp.py:1939:const#407 43.2s
killed   interp.py:1949:not#408 1.9s
killed   interp.py:1946:const#409 1.7s
killed   interp.py:1962:bool#410 8.3s
killed   interp.py:1955:const#411 2.0s
killed   interp.py:1982:bool#412 44.7s
killed   interp.py:1987:ifneg#413 44.5s
killed   interp.py:1989:ifneg#414 44.6s
killed   interp.py:1976:const#415 44.9s
killed   interp.py:2003:not#416 44.7s
killed   interp.py:1997:const#417 45.8s
killed   interp.py:2015:bool#418 44.6s
killed   interp.py:2009:const#419 2.0s
killed   interp.py:2034:not#420 8.3s
killed   interp.py:2029:const#421 8.3s
killed   interp.py:2052:not#422 8.1s
killed   interp.py:2056:not#423 8.4s
killed   interp.py:2042:const#424 8.2s
killed   interp.py:2071:not#425 8.0s
killed   interp.py:2075:not#426 7.8s
killed   interp.py:2063:const#427 7.5s
killed   interp.py:2089:not#428 38.5s
killed   interp.py:2095:ifneg#429 37.8s
killed   interp.py:2098:ifneg#430 38.8s
killed   interp.py:2102:ifneg#431 38.8s
killed   interp.py:2083:const#432 37.2s
killed   interp.py:2114:cmp#433 7.3s
killed   interp.py:2116:ifneg#434 6.4s
killed   interp.py:2118:ifneg#435 6.4s
killed   interp.py:2136:not#436 6.2s
killed   interp.py:2142:cmp#437 6.3s
killed   interp.py:2131:const#438 6.6s
killed   interp.py:2148:const#439 6.6s
killed   interp.py:2166:ifneg#440 34.6s
killed   interp.py:2174:cmp#441 35.3s
killed   interp.py:2184:not#442 35.1s
killed   interp.py:2205:cmp#443 34.6s
killed   interp.py:2212:not#444 49.0s
killed   interp.py:100:cmp#445 32.9s
killed   interp.py:162:arith#446 33.4s
killed   interp.py:167:arith#447 33.4s
killed   interp.py:178:arith#448 33.5s
killed   interp.py:180:const#449 120.1s
timeout  interp.py:181:const#450 240.0s
timeout  interp.py:182:const#451 240.0s
killed   interp.py:183:const#452 22.8s
killed   interp.py:191:arith#453 35.5s
killed   interp.py:202:arith#454 35.1s
killed   interp.py:211:arith#455 36.1s
killed   interp.py:213:arith#456 6.9s
killed   interp.py:222:not#457 6.7s
killed   interp.py:225:cmp#458 6.3s
killed   interp.py:225:cmp#459 35.7s
killed   interp.py:230:not#460 5.9s
killed   interp.py:233:cmp#461 5.7s
killed   interp.py:233:cmp#462 38.3s
survived interp.py:236:arith#463 121.6s
killed   interp.py:243:arith#464 6.4s
killed   interp.py:245:arith#465 6.4s
killed   interp.py:250:arith#466 37.3s
killed   interp.py:312:cmp#467 1.6s
killed   interp.py:326:bool#468 47.2s
survived interp.py:329:const#469 121.3s
killed   interp.py:366:arith#470 3.0s
killed   interp.py:388:cmp#471 1.1s
killed   interp.py:391:ifneg#472 1.5s
survived interp.py:412:const#473 121.0s
timeout  interp.py:420:const#474 240.1s
killed   interp.py:455:cmp#475 1.9s
killed   interp.py:457:ifneg#476 1.7s
timeout  interp.py:460:ifneg#477 240.0s
killed   interp.py:462:ifneg#478 1.8s
killed   interp.py:470:ifneg#479 60.2s
killed   interp.py:484:ifneg#480 2.3s
killed   interp.py:540:ifneg#481 2.2s
killed   interp.py:544:ifneg#482 1.3s
killed   interp.py:582:cmp#483 1.5s
killed   interp.py:584:cmp#484 1.4s
killed   interp.py:585:ifneg#485 1.2s
killed   interp.py:590:ifneg#486 2.5s
timeout  interp.py:609:const#487 240.1s
killed   interp.py:612:cmp#488 228.1s
killed   interp.py:614:arith#489 2.0s
killed   interp.py:615:bool#490 2.2s
killed   interp.py:628:const#491 1.7s
killed   interp.py:636:ifneg#492 1.6s
killed   interp.py:640:ifneg#493 1.6s
killed   interp.py:646:ifneg#494 2.5s
killed   interp.py:652:ifneg#495 3.0s
killed   interp.py:658:ifneg#496 3.1s
killed   interp.py:666:ifneg#497 237.0s
killed   interp.py:673:ifneg#498 27.2s
killed   interp.py:694:const#499 1014.2s
timeout  interp.py:740:const#500 1030.8s
killed   interp.py:780:cmp#501 984.3s
timeout  interp.py:780:cmp#502 2019.9s
timeout  interp.py:786:const#503 2019.8s
killed   interp.py:789:cmp#504 4.2s
killed   interp.py:791:cmp#505 1067.2s
killed   interp.py:794:cmp#506 3.8s
timeout  interp.py:796:ifneg#507 1230.3s
killed   interp.py:798:ifneg#508 1073.8s
killed   interp.py:814:cmp#509 140.1s
killed   interp.py:823:bool#510 137.9s
timeout  interp.py:826:cmp#511 240.3s
killed   interp.py:833:bool#512 120.7s
resuming: 513 of 1056 mutants already checkpointed
timeout  interp.py:835:ifneg#513 22071.8s
timeout  interp.py:839:ifneg#514 22071.8s
timeout  interp.py:889:const#515 22071.8s
timeout  interp.py:890:const#516 328.0s
timeout  interp.py:897:cmp#517 328.1s
timeout  interp.py:902:cmp#518 328.0s
