killed   interp.py:113:ifneg#0
killed   interp.py:115:ifneg#1
killed   interp.py:120:ifneg#2
killed   interp.py:131:ifneg#3
killed   interp.py:133:ifneg#4
killed   interp.py:136:ifneg#5
killed   interp.py:138:ifneg#6
killed   interp.py:144:ifneg#7
killed   interp.py:146:ifneg#8
killed   interp.py:155:ifneg#9
killed   interp.py:157:ifneg#10
killed   interp.py:164:ifneg#11
killed   interp.py:166:ifneg#12
killed   interp.py:174:ifneg#13
killed   interp.py:177:ifneg#14
killed   interp.py:185:ifneg#15
killed   interp.py:198:ifneg#16
killed   interp.py:200:ifneg#17
killed   interp.py:204:ifneg#18
killed   interp.py:215:ifneg#19
killed   interp.py:217:ifneg#20
killed   interp.py:219:ifneg#21
killed   interp.py:221:ifneg#22
killed   interp.py:223:ifneg#23
killed   interp.py:225:ifneg#24
killed   interp.py:227:ifneg#25
killed   interp.py:229:ifneg#26
killed   interp.py:231:ifneg#27
killed   interp.py:233:ifneg#28
killed   interp.py:242:ifneg#29
killed   interp.py:996:ifneg#30
killed   interp.py:998:ifneg#31
killed   interp.py:1004:ifneg#32
killed   interp.py:1006:ifneg#33
killed   interp.py:1013:ifneg#34
killed   interp.py:1021:ifneg#35
killed   interp.py:107:bool#36
killed   interp.py:115:cmp#37
killed   interp.py:116:ifneg#38
killed   interp.py:120:cmp#39
killed   interp.py:121:ifneg#40
killed   interp.py:133:not#41
killed   interp.py:136:bool#42
killed   interp.py:138:bool#43
killed   interp.py:146:not#44
killed   interp.py:157:not#45
killed   interp.py:166:not#46
killed   interp.py:174:bool#47
killed   interp.py:178:ifneg#48
killed   interp.py:181:ifneg#49
killed   interp.py:186:ifneg#50
killed   interp.py:189:ifneg#51
killed   interp.py:200:not#52
killed   interp.py:204:cmp#53
killed   interp.py:215:bool#54
survived interp.py:217:bool#55
killed   interp.py:219:cmp#56
killed   interp.py:221:cmp#57
killed   interp.py:223:cmp#58
killed   interp.py:225:cmp#59
killed   interp.py:227:cmp#60
killed   interp.py:229:cmp#61
killed   interp.py:231:cmp#62
killed   interp.py:233:cmp#63
killed   interp.py:242:cmp#64
survived interp.py:250:const#65
survived interp.py:257:const#66
survived interp.py:281:ifneg#67
survived interp.py:300:ifneg#68
survived interp.py:302:ifneg#69
survived interp.py:306:ifneg#70
survived interp.py:385:ifneg#71
killed   interp.py:390:ifneg#72
killed   interp.py:401:ifneg#73
killed   interp.py:403:ifneg#74
killed   interp.py:409:ifneg#75
survived interp.py:412:ifneg#76
killed   interp.py:414:ifneg#77
killed   interp.py:418:ifneg#78
survived interp.py:429:const#79
killed   interp.py:440:ifneg#80
killed   interp.py:442:ifneg#81
killed   interp.py:469:ifneg#82
killed   interp.py:472:ifneg#83
killed   interp.py:483:ifneg#84
killed   interp.py:487:ifneg#85
killed   interp.py:492:ifneg#86
killed   interp.py:508:ifneg#87
killed   interp.py:514:ifneg#88
killed   interp.py:519:ifneg#89
killed   interp.py:525:ifneg#90
killed   interp.py:530:ifneg#91
killed   interp.py:544:ifneg#92
killed   interp.py:564:ifneg#93
killed   interp.py:601:ifneg#94
killed   interp.py:611:ifneg#95
killed   interp.py:623:ifneg#96
killed   interp.py:629:ifneg#97
killed   interp.py:640:ifneg#98
killed   interp.py:656:ifneg#99
killed   interp.py:661:ifneg#100
killed   interp.py:665:ifneg#101
killed   interp.py:669:ifneg#102
killed   interp.py:685:ifneg#103
killed   interp.py:727:ifneg#104
killed   interp.py:734:ifneg#105
killed   interp.py:737:ifneg#106
killed   interp.py:739:ifneg#107
killed   interp.py:745:ifneg#108
killed   interp.py:764:ifneg#109
killed   interp.py:778:ifneg#110
killed   interp.py:788:ifneg#111
killed   interp.py:792:ifneg#112
killed   interp.py:800:ifneg#113
killed   interp.py:807:ifneg#114
killed   interp.py:816:ifneg#115
survived interp.py:826:ifneg#116
killed   interp.py:828:ifneg#117
killed   interp.py:843:ifneg#118
killed   interp.py:848:ifneg#119
killed   interp.py:851:ifneg#120
killed   interp.py:860:ifneg#121
killed   interp.py:965:ifneg#122
killed   interp.py:967:ifneg#123
killed   interp.py:969:ifneg#124
killed   interp.py:990:const#125
killed   interp.py:996:cmp#126
killed   interp.py:1000:cmp#127
killed   interp.py:1004:cmp#128
killed   interp.py:1059:ifneg#129
killed   interp.py:1062:ifneg#130
killed   interp.py:1064:ifneg#131
killed   interp.py:1072:ifneg#132
killed   interp.py:1088:ifneg#133
killed   interp.py:1091:ifneg#134
killed   interp.py:1102:ifneg#135
killed   interp.py:1105:ifneg#136
killed   interp.py:1126:ifneg#137
killed   interp.py:1129:ifneg#138
killed   interp.py:1145:ifneg#139
killed   interp.py:1147:ifneg#140
killed   interp.py:1162:ifneg#141
killed   interp.py:1165:ifneg#142
killed   interp.py:1167:ifneg#143
killed   interp.py:1183:ifneg#144
killed   interp.py:1186:ifneg#145
killed   interp.py:1194:ifneg#146
killed   interp.py:1197:ifneg#147
killed   interp.py:1200:ifneg#148
killed   interp.py:1220:ifneg#149
killed   interp.py:1230:ifneg#150
killed   interp.py:1233:ifneg#151
killed   interp.py:1236:ifneg#152
killed   interp.py:1250:ifneg#153
killed   interp.py:1253:ifneg#154
killed   interp.py:1271:ifneg#155
killed   interp.py:1274:ifneg#156
killed   interp.py:1283:ifneg#157
killed   interp.py:1286:ifneg#158
killed   interp.py:1300:ifneg#159
killed   interp.py:1320:ifneg#160
killed   interp.py:1322:ifneg#161
killed   interp.py:1328:ifneg#162
killed   interp.py:1360:ifneg#163
killed   interp.py:1368:ifneg#164
killed   interp.py:1370:ifneg#165
killed   interp.py:1375:ifneg#166
killed   interp.py:66:cmp#167
killed   interp.py:67:ifneg#168
killed   interp.py:107:not#169
survived interp.py:125:arith#170
killed   interp.py:136:cmp#171
killed   interp.py:136:cmp#172
killed   interp.py:138:cmp#173
killed   interp.py:138:cmp#174
killed   interp.py:178:bool#175
killed   interp.py:181:bool#176
survived interp.py:186:bool#177
killed   interp.py:189:bool#178
killed   interp.py:193:arith#179
killed   interp.py:205:bool#180
killed   interp.py:215:cmp#181
killed   interp.py:215:cmp#182
killed   interp.py:217:cmp#183
killed   interp.py:217:cmp#184
killed   interp.py:217:cmp#185
killed   interp.py:222:arith#186
killed   interp.py:260:const#187
killed   interp.py:260:const#188
killed   interp.py:265:const#189
survived interp.py:268:const#190
killed   interp.py:269:const#191
killed   interp.py:271:const#192
killed   interp.py:288:ifneg#193
survived interp.py:300:cmp#194
survived interp.py:306:cmp#195
killed   interp.py:329:ifneg#196
survived interp.py:385:cmp#197
killed   interp.py:390:not#198
survived interp.py:393:const#199
killed   interp.py:401:cmp#200
killed   interp.py:409:bool#201
survived interp.py:412:cmp#202
killed   interp.py:418:bool#203
survived interp.py:420:ifneg#204
killed   interp.py:440:cmp#205
killed   interp.py:442:not#206
killed   interp.py:451:ifneg#207
killed   interp.py:456:ifneg#208
killed   interp.py:460:ifneg#209
killed   interp.py:469:bool#210
killed   interp.py:472:cmp#211
killed   interp.py:483:cmp#212
killed   interp.py:487:cmp#213
killed   interp.py:492:cmp#214
killed   interp.py:495:ifneg#215
killed   interp.py:498:ifneg#216
killed   interp.py:508:cmp#217
killed   interp.py:510:ifneg#218
killed   interp.py:514:cmp#219
survived interp.py:516:ifneg#220
killed   interp.py:519:cmp#221
killed   interp.py:521:ifneg#222
killed   interp.py:525:cmp#223
survived interp.py:527:ifneg#224
killed   interp.py:530:cmp#225
killed   interp.py:533:ifneg#226
killed   interp.py:544:cmp#227
killed   interp.py:548:ifneg#228
killed   interp.py:564:cmp#229
killed   interp.py:573:ifneg#230
killed   interp.py:575:ifneg#231
killed   interp.py:601:cmp#232
killed   interp.py:603:ifneg#233
killed   interp.py:611:cmp#234
killed   interp.py:613:ifneg#235
killed   interp.py:623:cmp#236
killed   interp.py:626:ifneg#237
killed   interp.py:629:cmp#238
killed   interp.py:631:ifneg#239
killed   interp.py:640:cmp#240
killed   interp.py:645:ifneg#241
killed   interp.py:685:cmp#242
killed   interp.py:727:not#243
killed   interp.py:734:cmp#244
killed   interp.py:737:cmp#245
killed   interp.py:745:cmp#246
killed   interp.py:756:ifneg#247
killed   interp.py:764:cmp#248
killed   interp.py:767:ifneg#249
killed   interp.py:778:bool#250
killed   interp.py:781:ifneg#251
killed   interp.py:788:bool#252
killed   interp.py:792:cmp#253
killed   interp.py:794:ifneg#254
killed   interp.py:800:cmp#255
killed   interp.py:801:ifneg#256
killed   interp.py:807:cmp#257
killed   interp.py:808:ifneg#258
killed   interp.py:810:ifneg#259
killed   interp.py:816:cmp#260
survived interp.py:826:cmp#261
survived interp.py:836:ifneg#262
killed   interp.py:838:ifneg#263
killed   interp.py:852:ifneg#264
killed   interp.py:857:ifneg#265
killed   interp.py:862:ifneg#266
killed   interp.py:866:ifneg#267
killed   interp.py:871:ifneg#268
killed   interp.py:924:ifneg#269
killed   interp.py:965:bool#270
killed   interp.py:967:cmp#271
killed   interp.py:970:ifneg#272
killed   interp.py:972:ifneg#273
survived interp.py:997:const#274
killed   interp.py:1007:arith#275
killed   interp.py:1051:const#276
killed   interp.py:1056:const#277
killed   interp.py:1075:ifneg#278
killed   interp.py:1091:not#279
killed   interp.py:1085:const#280
killed   interp.py:1105:not#281
killed   interp.py:1112:ifneg#282
killed   interp.py:1115:ifneg#283
killed   interp.py:1119:ifneg#284
killed   interp.py:1099:const#285
killed   interp.py:1129:not#286
killed   interp.py:1132:const#287
killed   interp.py:1123:const#288
killed   interp.py:1147:not#289
killed   interp.py:1142:const#290
killed   interp.py:1152:const#291
killed   interp.py:1159:const#292
killed   interp.py:1180:const#293
killed   interp.py:1197:not#294
killed   interp.py:1200:cmp#295
killed   interp.py:1191:const#296
killed   interp.py:1205:const#297
killed   interp.py:1210:const#298
killed   interp.py:1220:not#299
killed   interp.py:1217:const#300
survived interp.py:1233:bool#301
killed   interp.py:1226:const#302
killed   interp.py:1253:bool#303
killed   interp.py:1258:ifneg#304
killed   interp.py:1260:ifneg#305
killed   interp.py:1247:const#306
killed   interp.py:1274:not#307
killed   interp.py:1268:const#308
killed   interp.py:1286:bool#309
killed   interp.py:1280:const#310
killed   interp.py:1300:cmp#311
killed   interp.py:1302:ifneg#312
killed   interp.py:1304:ifneg#313
killed   interp.py:1322:not#314
killed   interp.py:1328:cmp#315
killed   interp.py:1317:const#316
killed   interp.py:1334:const#317
killed   interp.py:1352:ifneg#318
killed   interp.py:1360:cmp#319
killed   interp.py:1370:not#320
killed   interp.py:1384:const#321
killed   interp.py:67:cmp#322
killed   interp.py:118:arith#323
killed   interp.py:123:arith#324
killed   interp.py:134:arith#325
killed   interp.py:136:const#326
killed   interp.py:137:const#327
killed   interp.py:138:const#328
killed   interp.py:139:const#329
killed   interp.py:147:arith#330
killed   interp.py:158:arith#331
killed   interp.py:167:arith#332
killed   interp.py:169:arith#333
killed   interp.py:178:not#334
killed   interp.py:181:cmp#335
killed   interp.py:181:cmp#336
killed   interp.py:186:not#337
survived interp.py:189:cmp#338
killed   interp.py:189:cmp#339
survived interp.py:192:arith#340
killed   interp.py:199:arith#341
killed   interp.py:201:arith#342
killed   interp.py:206:arith#343
killed   interp.py:262:cmp#344
survived interp.py:303:const#345
killed   interp.py:329:cmp#346
killed   interp.py:331:ifneg#347
killed   interp.py:334:ifneg#348
killed   interp.py:336:ifneg#349
killed   interp.py:341:ifneg#350
killed   interp.py:368:ifneg#351
killed   interp.py:372:ifneg#352
killed   interp.py:409:cmp#353
survived interp.py:409:cmp#354
survived interp.py:415:const#355
killed   interp.py:418:cmp#356
killed   interp.py:420:cmp#357
killed   interp.py:443:const#358
killed   interp.py:444:const#359
killed   interp.py:451:cmp#360
killed   interp.py:456:cmp#361
killed   interp.py:459:arith#362
survived interp.py:460:cmp#363
killed   interp.py:469:cmp#364
killed   interp.py:469:cmp#365
killed   interp.py:469:cmp#366
killed   interp.py:491:const#367
killed   interp.py:495:not#368
killed   interp.py:498:cmp#369
killed   interp.py:510:not#370
survived interp.py:516:not#371
killed   interp.py:521:not#372
survived interp.py:527:not#373
killed   interp.py:533:not#374
killed   interp.py:538:ifneg#375
killed   interp.py:548:not#376
killed   interp.py:554:ifneg#377
killed   interp.py:556:ifneg#378
killed   interp.py:566:const#379
killed   interp.py:569:ifneg#380
killed   interp.py:573:not#381
killed   interp.py:575:cmp#382
killed   interp.py:603:not#383
killed   interp.py:605:arith#384
killed   interp.py:613:not#385
killed   interp.py:626:not#386
killed   interp.py:631:not#387
survived interp.py:635:arith#388
killed   interp.py:640:const#389
killed   interp.py:641:const#390
killed   interp.py:644:const#391
killed   interp.py:647:ifneg#392
survived interp.py:671:arith#393
killed   interp.py:699:arith#394
killed   interp.py:756:cmp#395
killed   interp.py:767:cmp#396
killed   interp.py:778:bool#397
killed   interp.py:778:bool#398
killed   interp.py:781:cmp#399
killed   interp.py:782:ifneg#400
killed   interp.py:794:cmp#401
killed   interp.py:801:bool#402
killed   interp.py:808:bool#403
killed   interp.py:810:bool#404
survived interp.py:821:arith#405
survived interp.py:829:const#406
survived interp.py:836:cmp#407
killed   interp.py:852:not#408
killed   interp.py:861:bool#409
killed   interp.py:862:cmp#410
killed   interp.py:866:cmp#411
killed   interp.py:870:const#412
survived interp.py:871:cmp#413
killed   interp.py:874:const#414
killed   interp.py:924:cmp#415
killed   interp.py:932:arith#416
killed   interp.py:951:not#417
killed   interp.py:968:const#418
killed   interp.py:970:cmp#419
survived interp.py:972:bool#420
killed   interp.py:973:ifneg#421
killed   interp.py:975:ifneg#422
killed   interp.py:1054:const#423
killed   interp.py:1066:arith#424
killed   interp.py:1075:bool#425
killed   interp.py:1079:cmp#426
killed   interp.py:1082:arith#427
killed   interp.py:1069:const#428
killed   interp.py:1069:const#429
killed   interp.py:1115:not#430
killed   interp.py:1135:const#431
killed   interp.py:1139:arith#432
killed   interp.py:1177:arith#433
killed   interp.py:1188:arith#434
killed   interp.py:1200:const#435
killed   interp.py:1239:ifneg#436
killed   interp.py:1243:arith#437
killed   interp.py:1253:not#438
killed   interp.py:1253:not#439
killed   interp.py:1260:not#440
killed   interp.py:1286:not#441
killed   interp.py:1286:not#442
killed   interp.py:1300:const#443
killed   interp.py:1304:not#444
killed   interp.py:1314:arith#445
killed   interp.py:1297:const#446
survived interp.py:1297:const#447
killed   interp.py:1339:arith#448
killed   interp.py:1352:cmp#449
killed   interp.py:1360:const#450
killed   interp.py:1367:const#451
killed   interp.py:1380:arith#452
killed   interp.py:1358:const#453
survived interp.py:1358:const#454
killed   interp.py:122:not#455
killed   interp.py:179:arith#456
killed   interp.py:181:const#457
killed   interp.py:182:arith#458
survived interp.py:187:arith#459
survived interp.py:189:const#460
killed   interp.py:190:arith#461
survived interp.py:226:cmp#462
killed   interp.py:293:not#463
killed   interp.py:331:bool#464
killed   interp.py:334:cmp#465
killed   interp.py:341:bool#466
killed   interp.py:346:ifneg#467
killed   interp.py:349:ifneg#468
killed   interp.py:368:cmp#469
killed   interp.py:372:cmp#470
killed   interp.py:389:bool#471
killed   interp.py:389:const#472
survived interp.py:409:const#473
killed   interp.py:459:const#474
killed   interp.py:461:const#475
killed   interp.py:476:cmp#476
killed   interp.py:478:ifneg#477
killed   interp.py:495:bool#478
killed   interp.py:496:const#479
killed   interp.py:502:ifneg#480
killed   interp.py:511:const#481
survived interp.py:517:const#482
killed   interp.py:522:const#483
survived interp.py:528:const#484
killed   interp.py:533:bool#485
killed   interp.py:534:const#486
killed   interp.py:538:not#487
killed   interp.py:548:bool#488
killed   interp.py:549:const#489
killed   interp.py:554:cmp#490
killed   interp.py:569:cmp#491
killed   interp.py:574:const#492
killed   interp.py:575:const#493
killed   interp.py:584:ifneg#494
killed   interp.py:604:const#495
killed   interp.py:614:const#496
killed   interp.py:626:bool#497
killed   interp.py:627:const#498
killed   interp.py:632:const#499
killed   interp.py:646:arith#500
killed   interp.py:647:cmp#501
killed   interp.py:686:arith#502
killed   interp.py:778:cmp#503
killed   interp.py:778:cmp#504
killed   interp.py:778:cmp#505
killed   interp.py:778:cmp#506
killed   interp.py:782:bool#507
killed   interp.py:797:cmp#508
survived interp.py:797:not#509
killed   interp.py:803:arith#510
killed   interp.py:812:arith#511
killed   interp.py:817:arith#512
survived interp.py:839:const#513
killed   interp.py:849:arith#514
killed   interp.py:881:const#515
killed   interp.py:888:ifneg#516
killed   interp.py:899:ifneg#517
killed   interp.py:906:ifneg#518
killed   interp.py:912:ifneg#519
killed   interp.py:920:ifneg#520
killed   interp.py:923:const#521
survived interp.py:924:const#522
killed   interp.py:930:arith#523
survived interp.py:971:const#524
killed   interp.py:973:cmp#525
survived interp.py:975:bool#526
killed   interp.py:976:ifneg#527
killed   interp.py:978:ifneg#528
killed   interp.py:999:const#529
killed   interp.py:999:const#530
killed   interp.py:1061:const#531
killed   interp.py:1075:not#532
killed   interp.py:1079:const#533
killed   interp.py:1079:const#534
killed   interp.py:1092:arith#535
killed   interp.py:1106:arith#536
killed   interp.py:1130:arith#537
killed   interp.py:1148:arith#538
killed   interp.py:1164:const#539
killed   interp.py:1166:const#540
killed   interp.py:1185:const#541
killed   interp.py:1196:const#542
killed   interp.py:1198:arith#543
killed   interp.py:1201:arith#544
killed   interp.py:1212:const#545
killed   interp.py:1221:arith#546
killed   interp.py:1235:cmp#547
killed   interp.py:1239:cmp#548
killed   interp.py:1242:const#549
killed   interp.py:1273:const#550
killed   interp.py:1275:arith#551
killed   interp.py:1299:const#552
killed   interp.py:1301:const#553
killed   interp.py:1310:arith#554
killed   interp.py:1323:arith#555
killed   interp.py:1329:arith#556
killed   interp.py:1336:const#557
survived interp.py:1363:arith#558
killed   interp.py:1371:arith#559
killed   interp.py:1377:const#560
survived interp.py:282:const#561
killed   interp.py:283:const#562
killed   interp.py:331:cmp#563
killed   interp.py:331:cmp#564
survived interp.py:337:const#565
killed   interp.py:341:cmp#566
killed   interp.py:346:cmp#567
killed   interp.py:349:cmp#568
survived interp.py:355:ifneg#569
killed   interp.py:357:ifneg#570
killed   interp.py:410:const#571
killed   interp.py:459:bool#572
killed   interp.py:478:cmp#573
killed   interp.py:481:arith#574
killed   interp.py:502:cmp#575
killed   interp.py:571:bool#576
killed   interp.py:576:const#577
killed   interp.py:584:cmp#578
killed   interp.py:586:ifneg#579
killed   interp.py:647:const#580
killed   interp.py:650:arith#581
killed   interp.py:782:cmp#582
killed   interp.py:782:bool#583
killed   interp.py:809:arith#584
killed   interp.py:853:arith#585
killed   interp.py:863:arith#586
killed   interp.py:867:arith#587
killed   interp.py:888:cmp#588
killed   interp.py:894:ifneg#589
killed   interp.py:899:bool#590
killed   interp.py:905:bool#591
killed   interp.py:906:cmp#592
killed   interp.py:912:bool#593
killed   interp.py:918:const#594
killed   interp.py:919:const#595
killed   interp.py:920:cmp#596
killed   interp.py:974:const#597
killed   interp.py:976:cmp#598
killed   interp.py:978:bool#599
killed   interp.py:979:ifneg#600
killed   interp.py:983:ifneg#601
killed   interp.py:1047:const#602
killed   interp.py:1076:arith#603
killed   interp.py:1116:arith#604
killed   interp.py:1156:const#605
killed   interp.py:1203:const#606
killed   interp.py:1207:const#607
killed   interp.py:1215:const#608
killed   interp.py:1239:const#609
killed   interp.py:1261:arith#610
killed   interp.py:1278:const#611
killed   interp.py:1305:arith#612
killed   interp.py:1376:const#613
killed   interp.py:1388:const#614
killed   interp.py:1388:const#615
survived interp.py:282:const#616
killed   interp.py:331:const#617
survived interp.py:355:cmp#618
killed   interp.py:361:ifneg#619
killed   interp.py:576:const#620
killed   interp.py:586:cmp#621
killed   interp.py:591:ifneg#622
killed   interp.py:782:const#623
killed   interp.py:782:cmp#624
killed   interp.py:782:cmp#625
killed   interp.py:894:bool#626
killed   interp.py:899:not#627
killed   interp.py:912:cmp#628
killed   interp.py:912:cmp#629
killed   interp.py:977:const#630
killed   interp.py:979:cmp#631
killed   interp.py:983:bool#632
killed   interp.py:984:ifneg#633
killed   interp.py:1053:const#634
killed   interp.py:1063:const#635
killed   interp.py:1065:const#636
killed   interp.py:1067:const#637
killed   interp.py:1079:const#638
killed   interp.py:1080:const#639
killed   interp.py:1080:const#640
killed   interp.py:1157:const#641
killed   interp.py:1176:const#642
killed   interp.py:1178:const#643
killed   interp.py:1187:const#644
killed   interp.py:1189:const#645
killed   interp.py:1208:const#646
killed   interp.py:1241:const#647
survived interp.py:1349:const#648
survived interp.py:1350:const#649
killed   interp.py:1361:const#650
killed   interp.py:1361:const#651
killed   interp.py:332:const#652
survived interp.py:358:const#653
killed   interp.py:361:cmp#654
killed   interp.py:459:const#655
killed   interp.py:591:cmp#656
killed   interp.py:783:cmp#657
killed   interp.py:894:cmp#658
killed   interp.py:894:cmp#659
killed   interp.py:908:arith#660
killed   interp.py:914:arith#661
killed   interp.py:980:const#662
killed   interp.py:984:cmp#663
killed   interp.py:989:const#664
killed   interp.py:1199:const#665
killed   interp.py:1202:const#666
killed   interp.py:1276:const#667
survived interp.py:1303:const#668
killed   interp.py:324:const#669
survived interp.py:985:const#670
killed   interp.py:1174:arith#671
killed   interp.py:894:const#672
killed   interp.py:894:const#673
killed   interp.py:895:const#674
killed   interp.py:894:const#675
killed   interp.py:894:const#676
killed   interp.py:1175:const#677
killed   interp.py:895:const#678
mutation: 679 mutants, 614 killed, 65 survived, score 90.4% (457s)
  arith  killed  61  survived   7
  bool   killed  41  survived   5
  cmp    killed 123  survived  12
  const  killed 136  survived  26
  ifneg  killed 209  survived  12
  not    killed  44  survived   3
  SURVIVED interp.py:217:bool#55            line  217  Or -> And
  SURVIVED interp.py:250:const#65           line  250  20000 -> 20001
  SURVIVED interp.py:257:const#66           line  257  50000 -> 50001
  SURVIVED interp.py:281:ifneg#67           line  281  negate if-condition
  SURVIVED interp.py:300:ifneg#68           line  300  negate if-condition
  SURVIVED interp.py:302:ifneg#69           line  302  negate if-condition
  SURVIVED interp.py:306:ifneg#70           line  306  negate if-condition
  SURVIVED interp.py:385:ifneg#71           line  385  negate if-condition
  SURVIVED interp.py:412:ifneg#76           line  412  negate if-condition
  SURVIVED interp.py:429:const#79           line  429  100 -> 101
  SURVIVED interp.py:826:ifneg#116          line  826  negate if-condition
  SURVIVED interp.py:125:arith#170          line  125  Mod -> Mult
  SURVIVED interp.py:186:bool#177           line  186  Or -> And
  SURVIVED interp.py:268:const#190          line  268  0 -> 1
  SURVIVED interp.py:300:cmp#194            line  300  Is -> IsNot
  SURVIVED interp.py:306:cmp#195            line  306  In -> NotIn
  SURVIVED interp.py:385:cmp#197            line  385  Is -> IsNot
  SURVIVED interp.py:393:const#199          line  393  1 -> 2
  SURVIVED interp.py:412:cmp#202            line  412  Is -> IsNot
  SURVIVED interp.py:420:ifneg#204          line  420  negate if-condition
  SURVIVED interp.py:516:ifneg#220          line  516  negate if-condition
  SURVIVED interp.py:527:ifneg#224          line  527  negate if-condition
  SURVIVED interp.py:826:cmp#261            line  826  Is -> IsNot
  SURVIVED interp.py:836:ifneg#262          line  836  negate if-condition
  SURVIVED interp.py:997:const#274          line  997  True -> False
  SURVIVED interp.py:1233:bool#301          line 1233  And -> Or
  SURVIVED interp.py:189:cmp#338            line  189  Lt -> LtE
  SURVIVED interp.py:192:arith#340          line  192  Mod -> Mult
  SURVIVED interp.py:303:const#345          line  303  1 -> 2
  SURVIVED interp.py:409:cmp#354            line  409  Eq -> NotEq
  SURVIVED interp.py:415:const#355          line  415  1 -> 2
  SURVIVED interp.py:460:cmp#363            line  460  Gt -> GtE
  SURVIVED interp.py:516:not#371            line  516  drop 'not'
  SURVIVED interp.py:527:not#373            line  527  drop 'not'
  SURVIVED interp.py:635:arith#388          line  635  Mod -> Mult
  SURVIVED interp.py:671:arith#393          line  671  Mod -> Mult
  SURVIVED interp.py:821:arith#405          line  821  Mod -> Mult
  SURVIVED interp.py:829:const#406          line  829  1 -> 2
  SURVIVED interp.py:836:cmp#407            line  836  Is -> IsNot
  SURVIVED interp.py:871:cmp#413            line  871  Gt -> GtE
  SURVIVED interp.py:972:bool#420           line  972  And -> Or
  SURVIVED interp.py:1297:const#447         line 1297  2 -> 3
  SURVIVED interp.py:1358:const#454         line 1358  2 -> 3
  SURVIVED interp.py:187:arith#459          line  187  Mod -> Mult
  SURVIVED interp.py:189:const#460          line  189  0 -> 1
  SURVIVED interp.py:226:cmp#462            line  226  IsNot -> Is
  SURVIVED interp.py:409:const#473          line  409  1 -> 2
  SURVIVED interp.py:517:const#482          line  517  False -> True
  SURVIVED interp.py:528:const#484          line  528  False -> True
  SURVIVED interp.py:797:not#509            line  797  drop 'not'
  SURVIVED interp.py:839:const#513          line  839  1 -> 2
  SURVIVED interp.py:924:const#522          line  924  1 -> 2
  SURVIVED interp.py:971:const#524          line  971  False -> True
  SURVIVED interp.py:975:bool#526           line  975  And -> Or
  SURVIVED interp.py:1363:arith#558         line 1363  Mod -> Mult
  SURVIVED interp.py:282:const#561          line  282  1 -> 2
  SURVIVED interp.py:337:const#565          line  337  1 -> 2
  SURVIVED interp.py:355:ifneg#569          line  355  negate if-condition
  SURVIVED interp.py:282:const#616          line  282  0 -> 1
  SURVIVED interp.py:355:cmp#618            line  355  Is -> IsNot
  SURVIVED interp.py:1349:const#648         line 1349  0 -> 1
  SURVIVED interp.py:1350:const#649         line 1350  0 -> 1
  SURVIVED interp.py:358:const#653          line  358  1 -> 2
  SURVIVED interp.py:1303:const#668         line 1303  0 -> 1
  SURVIVED interp.py:985:const#670          line  985  False -> True
elapsed 458s
