killed   interp.py:113:ifneg#0
killed   interp.py:115:ifneg#1
killed   interp.py:120:ifneg#2
killed   interp.py:131:ifneg#3
killed   interp.py:133:ifneg#4
timeout  interp.py:136:ifneg#5
timeout  interp.py:138:ifneg#6
killed   interp.py:144:ifneg#7
killed   interp.py:146:ifneg#8
killed   interp.py:155:ifneg#9
killed   interp.py:157:ifneg#10
timeout  interp.py:164:ifneg#11
timeout  interp.py:166:ifneg#12
killed   interp.py:174:ifneg#13
killed   interp.py:177:ifneg#14
killed   interp.py:185:ifneg#15
killed   interp.py:198:ifneg#16
killed   interp.py:200:ifneg#17
killed   interp.py:204:ifneg#18
killed   interp.py:215:ifneg#19
killed   interp.py:217:ifneg#20
killed   interp.py:219:ifneg#21
killed   interp.py:221:ifneg#22
killed   interp.py:223:ifneg#23
killed   interp.py:225:ifneg#24
killed   interp.py:227:ifneg#25
timeout  interp.py:229:ifneg#26
timeout  interp.py:231:ifneg#27
killed   interp.py:233:ifneg#28
killed   interp.py:242:ifneg#29
timeout  interp.py:996:ifneg#30
killed   interp.py:998:ifneg#31
timeout  interp.py:1004:ifneg#32
timeout  interp.py:1006:ifneg#33
killed   interp.py:1013:ifneg#34
killed   interp.py:1021:ifneg#35
killed   interp.py:107:bool#36
killed   interp.py:115:cmp#37
killed   interp.py:116:ifneg#38
killed   interp.py:120:cmp#39
killed   interp.py:121:ifneg#40
killed   interp.py:133:not#41
timeout  interp.py:136:bool#42
timeout  interp.py:138:bool#43
killed   interp.py:146:not#44
killed   interp.py:157:not#45
timeout  interp.py:166:not#46
timeout  interp.py:174:bool#47
killed   interp.py:178:ifneg#48
killed   interp.py:181:ifneg#49
killed   interp.py:186:ifneg#50
killed   interp.py:189:ifneg#51
killed   interp.py:200:not#52
killed   interp.py:204:cmp#53
timeout  interp.py:215:bool#54
timeout  interp.py:217:bool#55
killed   interp.py:219:cmp#56
killed   interp.py:221:cmp#57
killed   interp.py:223:cmp#58
killed   interp.py:225:cmp#59
killed   interp.py:227:cmp#60
killed   interp.py:229:cmp#61
killed   interp.py:231:cmp#62
killed   interp.py:233:cmp#63
killed   interp.py:242:cmp#64
killed   interp.py:250:const#65
timeout  interp.py:257:const#66
timeout  interp.py:281:ifneg#67
timeout  interp.py:300:ifneg#68
timeout  interp.py:302:ifneg#69
timeout  interp.py:306:ifneg#70
timeout  interp.py:385:ifneg#71
killed   interp.py:390:ifneg#72
timeout  interp.py:401:ifneg#73
killed   interp.py:403:ifneg#74
killed   interp.py:409:ifneg#75
timeout  interp.py:412:ifneg#76
killed   interp.py:414:ifneg#77
killed   interp.py:418:ifneg#78
timeout  interp.py:429:const#79
timeout  interp.py:440:ifneg#80
timeout  interp.py:442:ifneg#81
killed   interp.py:469:ifneg#82
killed   interp.py:472:ifneg#83
killed   interp.py:483:ifneg#84
killed   interp.py:487:ifneg#85
killed   interp.py:492:ifneg#86
killed   interp.py:508:ifneg#87
killed   interp.py:514:ifneg#88
killed   interp.py:519:ifneg#89
killed   interp.py:525:ifneg#90
killed   interp.py:530:ifneg#91
killed   interp.py:544:ifneg#92
killed   interp.py:564:ifneg#93
killed   interp.py:601:ifneg#94
killed   interp.py:611:ifneg#95
killed   interp.py:623:ifneg#96
killed   interp.py:629:ifneg#97
killed   interp.py:640:ifneg#98
killed   interp.py:656:ifneg#99
killed   interp.py:661:ifneg#100
killed   interp.py:665:ifneg#101
killed   interp.py:669:ifneg#102
timeout  interp.py:685:ifneg#103
killed   interp.py:727:ifneg#104
killed   interp.py:734:ifneg#105
killed   interp.py:737:ifneg#106
killed   interp.py:739:ifneg#107
killed   interp.py:745:ifneg#108
killed   interp.py:764:ifneg#109
killed   interp.py:778:ifneg#110
killed   interp.py:788:ifneg#111
killed   interp.py:792:ifneg#112
killed   interp.py:800:ifneg#113
killed   interp.py:807:ifneg#114
timeout  interp.py:816:ifneg#115
timeout  interp.py:826:ifneg#116
timeout  interp.py:828:ifneg#117
killed   interp.py:843:ifneg#118
killed   interp.py:848:ifneg#119
killed   interp.py:851:ifneg#120
killed   interp.py:860:ifneg#121
killed   interp.py:965:ifneg#122
killed   interp.py:967:ifneg#123
killed   interp.py:969:ifneg#124
killed   interp.py:990:const#125
timeout  interp.py:996:cmp#126
killed   interp.py:1000:cmp#127
timeout  interp.py:1004:cmp#128
killed   interp.py:1059:ifneg#129
killed   interp.py:1062:ifneg#130
timeout  interp.py:1064:ifneg#131
killed   interp.py:1072:ifneg#132
killed   interp.py:1088:ifneg#133
killed   interp.py:1091:ifneg#134
killed   interp.py:1102:ifneg#135
killed   interp.py:1105:ifneg#136
killed   interp.py:1126:ifneg#137
killed   interp.py:1129:ifneg#138
killed   interp.py:1145:ifneg#139
killed   interp.py:1147:ifneg#140
killed   interp.py:1162:ifneg#141
killed   interp.py:1165:ifneg#142
killed   interp.py:1167:ifneg#143
timeout  interp.py:1183:ifneg#144
timeout  interp.py:1186:ifneg#145
killed   interp.py:1194:ifneg#146
killed   interp.py:1197:ifneg#147
killed   interp.py:1200:ifneg#148
killed   interp.py:1220:ifneg#149
killed   interp.py:1230:ifneg#150
killed   interp.py:1233:ifneg#151
killed   interp.py:1236:ifneg#152
timeout  interp.py:1250:ifneg#153
timeout  interp.py:1253:ifneg#154
timeout  interp.py:1271:ifneg#155
timeout  interp.py:1274:ifneg#156
killed   interp.py:1283:ifneg#157
killed   interp.py:1286:ifneg#158
killed   interp.py:1300:ifneg#159
killed   interp.py:1320:ifneg#160
killed   interp.py:1322:ifneg#161
killed   interp.py:1328:ifneg#162
timeout  interp.py:1360:ifneg#163
timeout  interp.py:1368:ifneg#164
timeout  interp.py:1370:ifneg#165
timeout  interp.py:1375:ifneg#166
timeout  interp.py:66:cmp#167
timeout  interp.py:67:ifneg#168
killed   interp.py:107:not#169
timeout  interp.py:125:arith#170
timeout  interp.py:136:cmp#171
timeout  interp.py:136:cmp#172
timeout  interp.py:138:cmp#173
timeout  interp.py:138:cmp#174
timeout  interp.py:178:bool#175
timeout  interp.py:181:bool#176
timeout  interp.py:186:bool#177
timeout  interp.py:189:bool#178
timeout  interp.py:193:arith#179
timeout  interp.py:205:bool#180
killed   interp.py:215:cmp#181
killed   interp.py:215:cmp#182
killed   interp.py:217:cmp#183
killed   interp.py:217:cmp#184
killed   interp.py:217:cmp#185
killed   interp.py:222:arith#186
timeout  interp.py:260:const#187
timeout  interp.py:260:const#188
timeout  interp.py:265:const#189
timeout  interp.py:268:const#190
timeout  interp.py:269:const#191
timeout  interp.py:271:const#192
timeout  interp.py:288:ifneg#193
timeout  interp.py:300:cmp#194
timeout  interp.py:306:cmp#195
killed   interp.py:329:ifneg#196
timeout  interp.py:385:cmp#197
killed   interp.py:390:not#198
timeout  interp.py:393:const#199
timeout  interp.py:401:cmp#200
timeout  interp.py:409:bool#201
timeout  interp.py:412:cmp#202
killed   interp.py:418:bool#203
timeout  interp.py:420:ifneg#204
timeout  interp.py:440:cmp#205
timeout  interp.py:442:not#206
timeout  interp.py:451:ifneg#207
timeout  interp.py:456:ifneg#208
timeout  interp.py:460:ifneg#209
timeout  interp.py:469:bool#210
timeout  interp.py:472:cmp#211
timeout  interp.py:483:cmp#212
timeout  interp.py:487:cmp#213
timeout  interp.py:492:cmp#214
timeout  interp.py:495:ifneg#215
timeout  interp.py:498:ifneg#216
timeout  interp.py:508:cmp#217
timeout  interp.py:510:ifneg#218
killed   interp.py:514:cmp#219
killed   interp.py:516:ifneg#220
killed   interp.py:519:cmp#221
timeout  interp.py:521:ifneg#222
killed   interp.py:525:cmp#223
timeout  interp.py:527:ifneg#224
killed   interp.py:530:cmp#225
killed   interp.py:533:ifneg#226
killed   interp.py:544:cmp#227
killed   interp.py:548:ifneg#228
killed   interp.py:564:cmp#229
killed   interp.py:573:ifneg#230
timeout  interp.py:575:ifneg#231
killed   interp.py:601:cmp#232
killed   interp.py:603:ifneg#233
killed   interp.py:611:cmp#234
killed   interp.py:613:ifneg#235
killed   interp.py:623:cmp#236
killed   interp.py:626:ifneg#237
killed   interp.py:629:cmp#238
killed   interp.py:631:ifneg#239
killed   interp.py:640:cmp#240
killed   interp.py:645:ifneg#241
timeout  interp.py:685:cmp#242
killed   interp.py:727:not#243
killed   interp.py:734:cmp#244
killed   interp.py:737:cmp#245
killed   interp.py:745:cmp#246
killed   interp.py:756:ifneg#247
killed   interp.py:764:cmp#248
killed   interp.py:767:ifneg#249
killed   interp.py:778:bool#250
killed   interp.py:781:ifneg#251
killed   interp.py:788:bool#252
killed   interp.py:792:cmp#253
killed   interp.py:794:ifneg#254
timeout  interp.py:800:cmp#255
timeout  interp.py:801:ifneg#256
killed   interp.py:807:cmp#257
killed   interp.py:808:ifneg#258
killed   interp.py:810:ifneg#259
timeout  interp.py:816:cmp#260
timeout  interp.py:826:cmp#261
timeout  interp.py:836:ifneg#262
killed   interp.py:838:ifneg#263
killed   interp.py:852:ifneg#264
killed   interp.py:857:ifneg#265
killed   interp.py:862:ifneg#266
killed   interp.py:866:ifneg#267
timeout  interp.py:871:ifneg#268
timeout  interp.py:924:ifneg#269
timeout  interp.py:965:bool#270
killed   interp.py:967:cmp#271
killed   interp.py:970:ifneg#272
timeout  interp.py:972:ifneg#273
timeout  interp.py:997:const#274
timeout  interp.py:1007:arith#275
killed   interp.py:1051:const#276
killed   interp.py:1056:const#277
killed   interp.py:1075:ifneg#278
killed   interp.py:1091:not#279
killed   interp.py:1085:const#280
killed   interp.py:1105:not#281
killed   interp.py:1112:ifneg#282
killed   interp.py:1115:ifneg#283
killed   interp.py:1119:ifneg#284
killed   interp.py:1099:const#285
killed   interp.py:1129:not#286
timeout  interp.py:1132:const#287
killed   interp.py:1123:const#288
killed   interp.py:1147:not#289
killed   interp.py:1142:const#290
killed   interp.py:1152:const#291
killed   interp.py:1159:const#292
killed   interp.py:1180:const#293
killed   interp.py:1197:not#294
timeout  interp.py:1200:cmp#295
killed   interp.py:1191:const#296
killed   interp.py:1205:const#297
timeout  interp.py:1210:const#298
killed   interp.py:1220:not#299
killed   interp.py:1217:const#300
timeout  interp.py:1233:bool#301
killed   interp.py:1226:const#302
timeout  interp.py:1253:bool#303
timeout  interp.py:1258:ifneg#304
timeout  interp.py:1260:ifneg#305
timeout  interp.py:1247:const#306
timeout  interp.py:1274:not#307
timeout  interp.py:1268:const#308
timeout  interp.py:1286:bool#309
timeout  interp.py:1280:const#310
timeout  interp.py:1300:cmp#311
timeout  interp.py:1302:ifneg#312
timeout  interp.py:1304:ifneg#313
timeout  interp.py:1322:not#314
timeout  interp.py:1328:cmp#315
timeout  interp.py:1317:const#316
timeout  interp.py:1334:const#317
timeout  interp.py:1352:ifneg#318
timeout  interp.py:1360:cmp#319
timeout  interp.py:1370:not#320
timeout  interp.py:1384:const#321
timeout  interp.py:67:cmp#322
timeout  interp.py:118:arith#323
timeout  interp.py:123:arith#324
