killed   interp.py:132:ifneg#0 0.7s
killed   interp.py:134:ifneg#1 0.8s
killed   interp.py:139:ifneg#2 0.7s
killed   interp.py:150:ifneg#3 3.8s
killed   interp.py:152:ifneg#4 3.8s
killed   interp.py:155:ifneg#5 66.2s
timeout  interp.py:157:ifneg#6 240.0s
killed   interp.py:163:ifneg#7 3.8s
killed   interp.py:165:ifneg#8 3.9s
killed   interp.py:174:ifneg#9 0.7s
killed   interp.py:176:ifneg#10 0.8s
killed   interp.py:183:ifneg#11 13.3s
killed   interp.py:185:ifneg#12 23.0s
killed   interp.py:193:ifneg#13 4.0s
killed   interp.py:196:ifneg#14 4.1s
killed   interp.py:204:ifneg#15 4.2s
killed   interp.py:217:ifneg#16 0.9s
killed   interp.py:219:ifneg#17 0.9s
killed   interp.py:223:ifneg#18 1.0s
killed   interp.py:234:ifneg#19 0.8s
killed   interp.py:236:ifneg#20 0.8s
killed   interp.py:238:ifneg#21 0.8s
killed   interp.py:240:ifneg#22 0.8s
killed   interp.py:242:ifneg#23 0.8s
killed   interp.py:244:ifneg#24 0.8s
killed   interp.py:246:ifneg#25 0.8s
killed   interp.py:248:ifneg#26 0.9s
killed   interp.py:250:ifneg#27 0.9s
killed   interp.py:252:ifneg#28 0.9s
killed   interp.py:261:ifneg#29 0.9s
killed   interp.py:1332:ifneg#30 1.6s
killed   interp.py:1341:ifneg#31 23.7s
killed   interp.py:1343:ifneg#32 0.8s
killed   interp.py:1349:ifneg#33 23.9s
killed   interp.py:1351:ifneg#34 23.8s
killed   interp.py:1358:ifneg#35 0.9s
killed   interp.py:1366:ifneg#36 4.4s
killed   interp.py:1399:ifneg#37 0.9s
killed   interp.py:126:bool#38 0.9s
killed   interp.py:134:cmp#39 0.9s
killed   interp.py:135:ifneg#40 1.0s
killed   interp.py:139:cmp#41 0.9s
killed   interp.py:140:ifneg#42 0.9s
killed   interp.py:152:not#43 4.6s
killed   interp.py:155:bool#44 70.4s
timeout  interp.py:157:bool#45 240.0s
killed   interp.py:165:not#46 4.6s
killed   interp.py:176:not#47 0.9s
killed   interp.py:185:not#48 24.8s
killed   interp.py:193:bool#49 24.4s
killed   interp.py:197:ifneg#50 4.6s
killed   interp.py:200:ifneg#51 4.7s
killed   interp.py:205:ifneg#52 4.7s
killed   interp.py:208:ifneg#53 4.7s
killed   interp.py:219:not#54 1.0s
killed   interp.py:223:cmp#55 1.0s
killed   interp.py:234:bool#56 51.0s
survived interp.py:236:bool#57 36.2s
killed   interp.py:238:cmp#58 0.9s
killed   interp.py:240:cmp#59 0.9s
killed   interp.py:242:cmp#60 0.9s
killed   interp.py:244:cmp#61 0.9s
killed   interp.py:246:cmp#62 0.9s
killed   interp.py:248:cmp#63 0.9s
killed   interp.py:250:cmp#64 0.9s
killed   interp.py:252:cmp#65 0.9s
killed   interp.py:261:cmp#66 0.9s
killed   interp.py:269:const#67 4.7s
survived interp.py:276:const#68 36.1s
survived interp.py:307:ifneg#69 41.8s
survived interp.py:359:ifneg#70 36.5s
survived interp.py:361:ifneg#71 36.4s
survived interp.py:365:ifneg#72 37.1s
killed   interp.py:374:ifneg#73 1.0s
survived interp.py:493:ifneg#74 36.6s
killed   interp.py:495:ifneg#75 1.1s
killed   interp.py:498:ifneg#76 0.9s
killed   interp.py:502:ifneg#77 1.0s
killed   interp.py:508:ifneg#78 35.1s
survived interp.py:526:ifneg#79 39.7s
killed   interp.py:531:ifneg#80 16.5s
killed   interp.py:549:ifneg#81 32.8s
killed   interp.py:551:ifneg#82 1.2s
killed   interp.py:557:ifneg#83 5.6s
survived interp.py:560:ifneg#84 45.3s
killed   interp.py:562:ifneg#85 1.2s
killed   interp.py:566:ifneg#86 1.2s
killed   interp.py:640:ifneg#87 5.8s
survived interp.py:652:const#88 47.2s
killed   interp.py:663:ifneg#89 70.1s
killed   interp.py:665:ifneg#90 67.1s
killed   interp.py:692:ifneg#91 1.0s
killed   interp.py:695:ifneg#92 1.0s
killed   interp.py:706:ifneg#93 1.1s
killed   interp.py:710:ifneg#94 1.1s
killed   interp.py:729:ifneg#95 1.0s
killed   interp.py:745:ifneg#96 1.0s
killed   interp.py:751:ifneg#97 1.1s
killed   interp.py:756:ifneg#98 1.1s
killed   interp.py:762:ifneg#99 1.2s
killed   interp.py:767:ifneg#100 1.1s
killed   interp.py:781:ifneg#101 1.2s
killed   interp.py:801:ifneg#102 1.1s
killed   interp.py:838:ifneg#103 1.3s
killed   interp.py:848:ifneg#104 1.2s
killed   interp.py:860:ifneg#105 1.3s
killed   interp.py:866:ifneg#106 1.3s
killed   interp.py:921:ifneg#107 1.3s
killed   interp.py:945:ifneg#108 1.2s
killed   interp.py:950:ifneg#109 1.1s
killed   interp.py:954:ifneg#110 1.1s
killed   interp.py:958:ifneg#111 1.1s
killed   interp.py:974:ifneg#112 33.5s
killed   interp.py:1016:ifneg#113 45.6s
killed   interp.py:1023:ifneg#114 6.1s
killed   interp.py:1026:ifneg#115 1.3s
killed   interp.py:1028:ifneg#116 1.2s
killed   interp.py:1034:ifneg#117 1.2s
killed   interp.py:1067:ifneg#118 1.2s
killed   interp.py:1081:ifneg#119 1.0s
killed   interp.py:1107:ifneg#120 1.2s
killed   interp.py:1111:ifneg#121 2.0s
killed   interp.py:1119:ifneg#122 6.1s
killed   interp.py:1126:ifneg#123 6.0s
killed   interp.py:1135:ifneg#124 35.7s
survived interp.py:1145:ifneg#125 55.7s
killed   interp.py:1147:ifneg#126 38.9s
killed   interp.py:1162:ifneg#127 1.1s
killed   interp.py:1167:ifneg#128 1.0s
killed   interp.py:1170:ifneg#129 1.0s
killed   interp.py:1179:ifneg#130 1.3s
killed   interp.py:1302:ifneg#131 2.0s
killed   interp.py:1307:ifneg#132 5.6s
killed   interp.py:1309:ifneg#133 7.0s
killed   interp.py:1311:ifneg#134 7.2s
killed   interp.py:1332:cmp#135 2.8s
killed   interp.py:1335:const#136 7.0s
killed   interp.py:1341:cmp#137 46.2s
killed   interp.py:1345:cmp#138 1.0s
killed   interp.py:1349:cmp#139 46.5s
killed   interp.py:1399:cmp#140 1.4s
killed   interp.py:1422:ifneg#141 8.2s
killed   interp.py:1425:ifneg#142 6.9s
killed   interp.py:1427:ifneg#143 48.0s
killed   interp.py:1435:ifneg#144 1.6s
killed   interp.py:1451:ifneg#145 1.8s
killed   interp.py:1454:ifneg#146 1.4s
killed   interp.py:1465:ifneg#147 1.6s
killed   interp.py:1468:ifneg#148 1.5s
killed   interp.py:1489:ifneg#149 1.4s
killed   interp.py:1492:ifneg#150 1.4s
killed   interp.py:1508:ifneg#151 30.5s
killed   interp.py:1510:ifneg#152 30.3s
killed   interp.py:1525:ifneg#153 1.7s
killed   interp.py:1528:ifneg#154 1.6s
killed   interp.py:1530:ifneg#155 1.9s
killed   interp.py:1550:ifneg#156 9.1s
killed   interp.py:1553:ifneg#157 8.2s
killed   interp.py:1561:ifneg#158 1.3s
killed   interp.py:1564:ifneg#159 1.3s
killed   interp.py:1567:ifneg#160 1.4s
killed   interp.py:1591:ifneg#161 1.4s
killed   interp.py:1601:ifneg#162 1.3s
killed   interp.py:1604:ifneg#163 1.3s
killed   interp.py:1607:ifneg#164 6.7s
killed   interp.py:1621:ifneg#165 41.0s
killed   interp.py:1624:ifneg#166 41.0s
killed   interp.py:1642:ifneg#167 40.9s
killed   interp.py:1645:ifneg#168 40.5s
killed   interp.py:1654:ifneg#169 1.5s
killed   interp.py:1657:ifneg#170 1.4s
killed   interp.py:1674:ifneg#171 6.7s
killed   interp.py:1676:ifneg#172 7.7s
killed   interp.py:1691:ifneg#173 7.0s
killed   interp.py:1694:ifneg#174 6.7s
killed   interp.py:1698:ifneg#175 7.1s
killed   interp.py:1711:ifneg#176 7.2s
killed   interp.py:1713:ifneg#177 7.1s
killed   interp.py:1717:ifneg#178 7.1s
killed   interp.py:1728:ifneg#179 46.3s
killed   interp.py:1731:ifneg#180 47.6s
killed   interp.py:1756:ifneg#181 6.8s
killed   interp.py:1776:ifneg#182 6.9s
killed   interp.py:1778:ifneg#183 6.7s
killed   interp.py:1784:ifneg#184 6.7s
killed   interp.py:1816:ifneg#185 47.6s
killed   interp.py:1824:ifneg#186 47.1s
killed   interp.py:1826:ifneg#187 46.5s
killed   interp.py:1831:ifneg#188 41.2s
killed   interp.py:1847:ifneg#189 40.9s
killed   interp.py:1852:ifneg#190 62.3s
killed   interp.py:1854:ifneg#191 62.0s
killed   interp.py:1859:ifneg#192 61.1s
killed   interp.py:85:cmp#193 46.6s
killed   interp.py:86:ifneg#194 46.6s
killed   interp.py:126:not#195 1.5s
survived interp.py:144:arith#196 55.9s
killed   interp.py:155:cmp#197 8.0s
killed   interp.py:155:cmp#198 127.6s
killed   interp.py:157:cmp#199 8.4s
timeout  interp.py:157:cmp#200 240.0s
killed   interp.py:197:bool#201 36.6s
killed   interp.py:200:bool#202 36.8s
killed   interp.py:205:bool#203 57.6s
killed   interp.py:208:bool#204 38.9s
killed   interp.py:212:arith#205 38.8s
killed   interp.py:224:bool#206 54.1s
killed   interp.py:234:cmp#207 1.5s
killed   interp.py:234:cmp#208 1.5s
killed   interp.py:236:cmp#209 1.6s
killed   interp.py:236:cmp#210 1.5s
killed   interp.py:236:cmp#211 1.7s
killed   interp.py:241:arith#212 1.5s
killed   interp.py:279:const#213 88.5s
killed   interp.py:279:const#214 65.1s
killed   interp.py:284:const#215 48.9s
survived interp.py:287:const#216 51.9s
killed   interp.py:288:const#217 52.4s
killed   interp.py:290:const#218 55.0s
killed   interp.py:314:ifneg#219 62.7s
killed   interp.py:338:ifneg#220 1.4s
survived interp.py:359:cmp#221 67.4s
survived interp.py:365:cmp#222 62.5s
killed   interp.py:374:not#223 1.9s
killed   interp.py:396:ifneg#224 1.6s
survived interp.py:493:cmp#225 57.4s
killed   interp.py:495:not#226 1.7s
killed   interp.py:497:bool#227 9.1s
killed   interp.py:498:cmp#228 1.9s
killed   interp.py:502:cmp#229 48.8s
survived interp.py:506:const#230 46.1s
killed   interp.py:507:const#231 36.0s
survived interp.py:508:cmp#232 38.4s
survived interp.py:526:cmp#233 39.3s
killed   interp.py:531:not#234 16.7s
survived interp.py:534:const#235 38.0s
killed   interp.py:549:cmp#236 28.4s
killed   interp.py:557:bool#237 5.0s
survived interp.py:560:cmp#238 38.2s
killed   interp.py:566:bool#239 1.1s
killed   interp.py:568:ifneg#240 42.8s
killed   interp.py:571:ifneg#241 1.1s
killed   interp.py:589:const#242 5.0s
killed   interp.py:591:ifneg#243 4.9s
killed   interp.py:594:ifneg#244 5.1s
killed   interp.py:600:ifneg#245 4.9s
survived interp.py:603:ifneg#246 37.6s
killed   interp.py:605:ifneg#247 5.0s
killed   interp.py:610:ifneg#248 5.0s
killed   interp.py:640:cmp#249 5.0s
killed   interp.py:663:cmp#250 57.4s
killed   interp.py:665:not#251 53.7s
killed   interp.py:674:ifneg#252 67.4s
timeout  interp.py:679:ifneg#253 240.0s
killed   interp.py:683:ifneg#254 54.2s
killed   interp.py:692:bool#255 0.9s
killed   interp.py:695:cmp#256 1.0s
killed   interp.py:706:cmp#257 1.0s
killed   interp.py:710:cmp#258 1.0s
killed   interp.py:721:ifneg#259 1.0s
killed   interp.py:729:cmp#260 1.0s
killed   interp.py:732:ifneg#261 1.0s
killed   interp.py:735:ifneg#262 1.0s
killed   interp.py:745:cmp#263 1.0s
killed   interp.py:747:ifneg#264 16.1s
killed   interp.py:751:cmp#265 1.0s
killed   interp.py:753:ifneg#266 1.8s
killed   interp.py:756:cmp#267 1.0s
survived interp.py:758:ifneg#268 37.9s
killed   interp.py:762:cmp#269 1.0s
killed   interp.py:764:ifneg#270 16.1s
killed   interp.py:767:cmp#271 1.0s
killed   interp.py:770:ifneg#272 36.0s
killed   interp.py:781:cmp#273 1.0s
killed   interp.py:785:ifneg#274 1.1s
killed   interp.py:801:cmp#275 1.0s
killed   interp.py:810:ifneg#276 1.1s
killed   interp.py:812:ifneg#277 26.8s
killed   interp.py:838:cmp#278 1.1s
killed   interp.py:840:ifneg#279 4.9s
killed   interp.py:848:cmp#280 1.1s
killed   interp.py:850:ifneg#281 4.9s
killed   interp.py:860:cmp#282 1.1s
killed   interp.py:863:ifneg#283 16.5s
killed   interp.py:866:cmp#284 1.1s
killed   interp.py:868:ifneg#285 5.1s
killed   interp.py:906:ifneg#286 1.0s
killed   interp.py:909:ifneg#287 38.4s
killed   interp.py:921:cmp#288 1.0s
killed   interp.py:926:ifneg#289 1.3s
killed   interp.py:938:ifneg#290 38.0s
killed   interp.py:974:cmp#291 26.5s
killed   interp.py:1016:not#292 35.8s
killed   interp.py:1023:cmp#293 5.0s
killed   interp.py:1026:cmp#294 1.2s
killed   interp.py:1034:cmp#295 1.1s
killed   interp.py:1049:ifneg#296 1.2s
killed   interp.py:1067:cmp#297 1.1s
killed   interp.py:1070:ifneg#298 5.0s
killed   interp.py:1081:bool#299 1.1s
killed   interp.py:1084:ifneg#300 1.0s
killed   interp.py:1096:ifneg#301 1.1s
killed   interp.py:1107:bool#302 1.1s
killed   interp.py:1111:cmp#303 1.9s
killed   interp.py:1113:ifneg#304 4.8s
killed   interp.py:1119:cmp#305 5.1s
killed   interp.py:1120:ifneg#306 26.8s
killed   interp.py:1126:cmp#307 5.1s
killed   interp.py:1127:ifneg#308 5.1s
killed   interp.py:1129:ifneg#309 5.3s
killed   interp.py:1135:cmp#310 27.1s
survived interp.py:1145:cmp#311 37.7s
survived interp.py:1155:ifneg#312 38.0s
killed   interp.py:1157:ifneg#313 1.0s
killed   interp.py:1171:ifneg#314 1.0s
killed   interp.py:1176:ifneg#315 1.0s
killed   interp.py:1181:ifneg#316 1.1s
killed   interp.py:1185:ifneg#317 1.2s
killed   interp.py:1190:ifneg#318 32.0s
killed   interp.py:1246:ifneg#319 1.1s
killed   interp.py:1299:cmp#320 25.9s
killed   interp.py:1302:cmp#321 1.8s
killed   interp.py:1304:ifneg#322 26.0s
killed   interp.py:1307:bool#323 27.2s
killed   interp.py:1309:cmp#324 4.7s
killed   interp.py:1312:ifneg#325 4.9s
killed   interp.py:1314:ifneg#326 16.6s
survived interp.py:1342:const#327 38.4s
killed   interp.py:1352:arith#328 27.2s
killed   interp.py:1414:const#329 1.0s
killed   interp.py:1419:const#330 4.9s
killed   interp.py:1438:ifneg#331 1.0s
killed   interp.py:1454:not#332 1.0s
killed   interp.py:1448:const#333 1.0s
killed   interp.py:1468:not#334 1.2s
killed   interp.py:1475:ifneg#335 1.2s
killed   interp.py:1478:ifneg#336 1.1s
killed   interp.py:1482:ifneg#337 1.2s
killed   interp.py:1462:const#338 1.2s
killed   interp.py:1492:not#339 1.0s
killed   interp.py:1495:const#340 27.2s
killed   interp.py:1486:const#341 1.0s
killed   interp.py:1510:not#342 16.6s
killed   interp.py:1505:const#343 16.4s
killed   interp.py:1515:const#344 1.1s
killed   interp.py:1536:ifneg#345 1.1s
killed   interp.py:1540:ifneg#346 1.1s
killed   interp.py:1522:const#347 1.1s
killed   interp.py:1547:const#348 4.9s
killed   interp.py:1564:not#349 1.2s
killed   interp.py:1567:cmp#350 26.9s
killed   interp.py:1558:const#351 1.2s
killed   interp.py:1576:const#352 1.1s
killed   interp.py:1581:const#353 26.2s
killed   interp.py:1591:not#354 1.0s
killed   interp.py:1588:const#355 1.0s
killed   interp.py:1604:bool#356 4.9s
killed   interp.py:1597:const#357 1.1s
killed   interp.py:1624:bool#358 26.7s
killed   interp.py:1629:ifneg#359 27.4s
killed   interp.py:1631:ifneg#360 27.4s
killed   interp.py:1618:const#361 26.8s
killed   interp.py:1645:not#362 27.0s
killed   interp.py:1639:const#363 27.1s
killed   interp.py:1657:bool#364 27.3s
killed   interp.py:1651:const#365 1.2s
killed   interp.py:1676:not#366 5.1s
killed   interp.py:1671:const#367 5.1s
killed   interp.py:1694:not#368 5.2s
killed   interp.py:1698:not#369 5.2s
killed   interp.py:1684:const#370 5.3s
killed   interp.py:1713:not#371 5.3s
killed   interp.py:1717:not#372 5.3s
killed   interp.py:1705:const#373 5.2s
killed   interp.py:1731:not#374 28.4s
killed   interp.py:1737:ifneg#375 28.3s
killed   interp.py:1740:ifneg#376 28.2s
killed   interp.py:1744:ifneg#377 28.4s
killed   interp.py:1725:const#378 28.5s
killed   interp.py:1756:cmp#379 4.9s
killed   interp.py:1758:ifneg#380 5.0s
killed   interp.py:1760:ifneg#381 5.0s
killed   interp.py:1778:not#382 5.0s
killed   interp.py:1784:cmp#383 5.0s
killed   interp.py:1773:const#384 4.9s
killed   interp.py:1790:const#385 5.0s
killed   interp.py:1808:ifneg#386 25.8s
killed   interp.py:1816:cmp#387 26.7s
killed   interp.py:1826:not#388 26.8s
killed   interp.py:1847:cmp#389 26.7s
killed   interp.py:1854:not#390 38.4s
killed   interp.py:86:cmp#391 26.4s
killed   interp.py:137:arith#392 27.0s
killed   interp.py:142:arith#393 27.2s
killed   interp.py:153:arith#394 27.3s
killed   interp.py:155:const#395 80.0s
timeout  interp.py:156:const#396 240.0s
timeout  interp.py:157:const#397 240.0s
killed   interp.py:158:const#398 16.3s
killed   interp.py:166:arith#399 27.5s
killed   interp.py:177:arith#400 29.0s
killed   interp.py:186:arith#401 29.9s
killed   interp.py:188:arith#402 5.7s
killed   interp.py:197:not#403 5.4s
killed   interp.py:200:cmp#404 5.4s
killed   interp.py:200:cmp#405 33.7s
killed   interp.py:205:not#406 5.5s
killed   interp.py:208:cmp#407 5.6s
killed   interp.py:208:cmp#408 34.3s
survived interp.py:211:arith#409 48.4s
killed   interp.py:218:arith#410 6.0s
killed   interp.py:220:arith#411 5.6s
killed   interp.py:225:arith#412 38.6s
killed   interp.py:281:cmp#413 1.0s
killed   interp.py:338:cmp#414 1.1s
killed   interp.py:341:ifneg#415 1.2s
survived interp.py:362:const#416 54.1s
killed   interp.py:396:cmp#417 1.4s
killed   interp.py:398:ifneg#418 1.3s
killed   interp.py:401:ifneg#419 51.2s
killed   interp.py:403:ifneg#420 1.2s
killed   interp.py:408:ifneg#421 1.3s
killed   interp.py:464:ifneg#422 1.3s
killed   interp.py:468:ifneg#423 1.1s
survived interp.py:517:const#424 56.2s
killed   interp.py:557:cmp#425 7.8s
killed   interp.py:557:cmp#426 23.1s
survived interp.py:563:const#427 45.6s
killed   interp.py:566:cmp#428 1.3s
killed   interp.py:568:cmp#429 54.7s
killed   interp.py:571:cmp#430 1.5s
survived interp.py:573:ifneg#431 52.2s
killed   interp.py:575:ifneg#432 6.0s
killed   interp.py:591:cmp#433 6.3s
killed   interp.py:600:bool#434 7.1s
survived interp.py:603:cmp#435 63.1s
killed   interp.py:610:bool#436 8.3s
killed   interp.py:612:ifneg#437 27.4s
killed   interp.py:616:ifneg#438 8.6s
killed   interp.py:666:const#439 43.9s
killed   interp.py:667:const#440 43.1s
killed   interp.py:674:cmp#441 117.5s
timeout  interp.py:679:cmp#442 240.1s
killed   interp.py:682:arith#443 94.3s
survived interp.py:683:cmp#444 68.1s
killed   interp.py:692:cmp#445 1.7s
killed   interp.py:692:cmp#446 1.4s
killed   interp.py:692:cmp#447 1.6s
killed   interp.py:721:bool#448 1.4s
killed   interp.py:724:ifneg#449 1.4s
killed   interp.py:728:const#450 1.6s
killed   interp.py:732:not#451 1.7s
killed   interp.py:735:cmp#452 1.6s
killed   interp.py:747:not#453 33.3s
killed   interp.py:753:not#454 2.6s
survived interp.py:758:not#455 57.7s
killed   interp.py:764:not#456 26.3s
killed   interp.py:770:not#457 57.4s
killed   interp.py:775:ifneg#458 1.6s
killed   interp.py:785:not#459 1.7s
killed   interp.py:791:ifneg#460 1.3s
killed   interp.py:793:ifneg#461 1.3s
killed   interp.py:803:const#462 63.5s
killed   interp.py:806:ifneg#463 1.3s
killed   interp.py:810:not#464 1.5s
killed   interp.py:812:cmp#465 46.9s
killed   interp.py:840:not#466 8.4s
killed   interp.py:842:arith#467 49.9s
killed   interp.py:850:not#468 10.1s
killed   interp.py:863:not#469 28.2s
killed   interp.py:868:not#470 9.0s
survived interp.py:872:arith#471 62.9s
killed   interp.py:895:const#472 1.3s
killed   interp.py:896:ifneg#473 1.4s
killed   interp.py:901:ifneg#474 1.4s
killed   interp.py:904:bool#475 63.9s
killed   interp.py:906:cmp#476 1.5s
killed   interp.py:909:cmp#477 65.3s
killed   interp.py:910:ifneg#478 1.3s
killed   interp.py:921:const#479 1.4s
killed   interp.py:922:const#480 1.6s
killed   interp.py:925:const#481 2.1s
killed   interp.py:928:ifneg#482 46.8s
killed   interp.py:938:bool#483 65.1s
killed   interp.py:940:ifneg#484 66.6s
survived interp.py:960:arith#485 78.8s
killed   interp.py:988:arith#486 77.1s
killed   interp.py:1049:cmp#487 1.6s
killed   interp.py:1051:ifneg#488 1.6s
killed   interp.py:1070:cmp#489 8.0s
killed   interp.py:1081:bool#490 1.4s
killed   interp.py:1081:bool#491 1.4s
killed   interp.py:1084:cmp#492 1.6s
killed   interp.py:1085:ifneg#493 1.6s
timeout  interp.py:1096:bool#494 240.0s
killed   interp.py:1101:ifneg#495 1.9s
killed   interp.py:1104:ifneg#496 75.7s
killed   interp.py:1113:cmp#497 18.9s
killed   interp.py:1120:bool#498 47.6s
killed   interp.py:1127:bool#499 47.9s
killed   interp.py:1129:bool#500 47.5s
survived interp.py:1140:arith#501 53.5s
survived interp.py:1148:const#502 53.1s
survived interp.py:1155:cmp#503 53.0s
killed   interp.py:1171:not#504 1.1s
killed   interp.py:1180:bool#505 5.4s
killed   interp.py:1181:cmp#506 1.2s
killed   interp.py:1185:cmp#507 5.7s
killed   interp.py:1189:const#508 5.5s
survived interp.py:1190:cmp#509 49.2s
killed   interp.py:1193:const#510 1.7s
killed   interp.py:1246:cmp#511 1.7s
killed   interp.py:1253:ifneg#512 1.6s
killed   interp.py:1265:arith#513 33.3s
killed   interp.py:1284:not#514 1.2s
killed   interp.py:1304:cmp#515 30.9s
killed   interp.py:1310:const#516 32.4s
killed   interp.py:1312:cmp#517 5.8s
survived interp.py:1314:bool#518 45.0s
killed   interp.py:1315:ifneg#519 30.2s
killed   interp.py:1317:ifneg#520 5.5s
survived interp.py:1334:const#521 45.0s
killed   interp.py:1417:const#522 1.1s
killed   interp.py:1429:arith#523 32.2s
killed   interp.py:1438:bool#524 34.5s
killed   interp.py:1442:cmp#525 1.5s
killed   interp.py:1445:arith#526 1.2s
killed   interp.py:1432:const#527 32.7s
killed   interp.py:1432:const#528 1.1s
killed   interp.py:1478:not#529 1.1s
killed   interp.py:1498:const#530 1.1s
killed   interp.py:1502:arith#531 1.1s
killed   interp.py:1536:not#532 1.2s
killed   interp.py:1540:bool#533 1.2s
killed   interp.py:1544:arith#534 1.1s
killed   interp.py:1555:arith#535 1.1s
killed   interp.py:1567:const#536 1.1s
killed   interp.py:1610:ifneg#537 1.1s
killed   interp.py:1614:arith#538 1.1s
killed   interp.py:1624:not#539 1.1s
killed   interp.py:1624:not#540 1.1s
killed   interp.py:1631:not#541 1.1s
killed   interp.py:1657:not#542 1.1s
killed   interp.py:1657:not#543 1.1s
killed   interp.py:1703:cmp#544 1.2s
killed   interp.py:1740:not#545 1.3s
killed   interp.py:1756:const#546 1.3s
killed   interp.py:1760:not#547 1.4s
killed   interp.py:1770:arith#548 1.3s
killed   interp.py:1753:const#549 1.3s
killed   interp.py:1753:const#550 1.2s
killed   interp.py:1795:arith#551 1.1s
killed   interp.py:1808:cmp#552 1.2s
killed   interp.py:1816:const#553 1.2s
killed   interp.py:1823:const#554 1.3s
killed   interp.py:1836:arith#555 1.2s
killed   interp.py:1814:const#556 1.2s
killed   interp.py:1814:const#557 1.2s
killed   interp.py:1847:const#558 1.2s
killed   interp.py:1851:const#559 1.2s
killed   interp.py:1864:ifneg#560 1.2s
killed   interp.py:1866:arith#561 1.2s
killed   interp.py:1867:bool#562 1.3s
killed   interp.py:1840:const#563 1.4s
killed   interp.py:1840:const#564 1.3s
killed   interp.py:141:not#565 1.4s
killed   interp.py:198:arith#566 1.4s
killed   interp.py:200:const#567 1.4s
killed   interp.py:201:arith#568 1.4s
killed   interp.py:206:arith#569 1.3s
killed   interp.py:208:const#570 1.3s
killed   interp.py:209:arith#571 1.3s
killed   interp.py:245:cmp#572 1.4s
killed   interp.py:319:not#573 1.3s
killed   interp.py:341:cmp#574 1.3s
killed   interp.py:346:ifneg#575 1.3s
killed   interp.py:375:arith#576 1.3s
killed   interp.py:398:bool#577 1.3s
killed   interp.py:401:cmp#578 1.3s
killed   interp.py:408:cmp#579 1.3s
killed   interp.py:415:ifneg#580 1.3s
killed   interp.py:420:ifneg#581 1.2s
killed   interp.py:440:ifneg#582 1.2s
killed   interp.py:464:cmp#583 1.2s
killed   interp.py:468:cmp#584 1.2s
killed   interp.py:470:ifneg#585 1.2s
killed   interp.py:473:ifneg#586 1.2s
killed   interp.py:499:arith#587 1.2s
killed   interp.py:503:arith#588 1.2s
killed   interp.py:530:bool#589 1.3s
killed   interp.py:530:const#590 1.2s
killed   interp.py:557:const#591 1.2s
killed   interp.py:573:cmp#592 1.2s
killed   interp.py:600:cmp#593 1.3s
killed   interp.py:600:cmp#594 1.2s
killed   interp.py:606:const#595 1.2s
killed   interp.py:610:cmp#596 1.2s
killed   interp.py:612:cmp#597 1.2s
killed   interp.py:616:cmp#598 1.2s
killed   interp.py:618:ifneg#599 1.2s
killed   interp.py:620:ifneg#600 1.2s
killed   interp.py:682:const#601 1.2s
killed   interp.py:684:const#602 1.2s
killed   interp.py:699:cmp#603 1.2s
killed   interp.py:701:ifneg#604 1.2s
killed   interp.py:721:cmp#605 1.2s
killed   interp.py:722:cmp#606 1.2s
killed   interp.py:724:bool#607 1.2s
killed   interp.py:732:bool#608 1.2s
killed   interp.py:733:const#609 1.3s
killed   interp.py:739:ifneg#610 1.3s
killed   interp.py:748:const#611 1.2s
killed   interp.py:754:const#612 1.2s
killed   interp.py:759:const#613 1.3s
killed   interp.py:765:const#614 1.3s
killed   interp.py:770:bool#615 1.2s
killed   interp.py:771:const#616 1.3s
killed   interp.py:775:not#617 1.3s
killed   interp.py:785:bool#618 1.3s
killed   interp.py:786:const#619 1.3s
killed   interp.py:791:cmp#620 1.3s
killed   interp.py:806:cmp#621 1.2s
killed   interp.py:811:const#622 1.3s
killed   interp.py:812:const#623 1.3s
killed   interp.py:821:ifneg#624 1.2s
killed   interp.py:841:const#625 1.3s
killed   interp.py:851:const#626 1.2s
killed   interp.py:863:bool#627 1.2s
killed   interp.py:864:const#628 1.2s
killed   interp.py:869:const#629 1.3s
killed   interp.py:896:cmp#630 1.3s
killed   interp.py:898:ifneg#631 1.3s
killed   interp.py:901:cmp#632 1.3s
killed   interp.py:910:not#633 1.2s
killed   interp.py:927:arith#634 1.2s
killed   interp.py:928:cmp#635 1.2s
killed   interp.py:938:cmp#636 1.2s
killed   interp.py:938:cmp#637 1.2s
killed   interp.py:940:cmp#638 1.3s
killed   interp.py:975:arith#639 1.3s
killed   interp.py:1051:cmp#640 1.3s
killed   interp.py:1055:ifneg#641 1.3s
killed   interp.py:1081:cmp#642 1.3s
killed   interp.py:1081:cmp#643 1.3s
killed   interp.py:1081:cmp#644 1.2s
killed   interp.py:1081:cmp#645 1.3s
killed   interp.py:1085:bool#646 1.4s
killed   interp.py:1096:cmp#647 1.4s
killed   interp.py:1096:cmp#648 1.5s
killed   interp.py:1101:cmp#649 1.5s
killed   interp.py:1104:cmp#650 1.4s
killed   interp.py:1116:cmp#651 1.4s
killed   interp.py:1116:not#652 1.4s
killed   interp.py:1122:arith#653 1.4s
killed   interp.py:1131:arith#654 1.5s
killed   interp.py:1136:arith#655 1.4s
killed   interp.py:1158:const#656 1.3s
killed   interp.py:1168:arith#657 1.3s
killed   interp.py:1200:const#658 1.3s
killed   interp.py:1207:ifneg#659 1.2s
killed   interp.py:1212:ifneg#660 1.2s
killed   interp.py:1221:ifneg#661 1.2s
killed   interp.py:1228:ifneg#662 1.2s
killed   interp.py:1234:ifneg#663 1.2s
killed   interp.py:1242:ifneg#664 1.1s
killed   interp.py:1245:const#665 1.2s
killed   interp.py:1246:const#666 1.1s
killed   interp.py:1253:cmp#667 1.1s
killed   interp.py:1263:arith#668 1.2s
killed   interp.py:1313:const#669 1.2s
killed   interp.py:1315:cmp#670 1.2s
killed   interp.py:1317:bool#671 1.1s
killed   interp.py:1318:ifneg#672 1.1s
killed   interp.py:1320:ifneg#673 1.1s
killed   interp.py:1344:const#674 1.1s
killed   interp.py:1344:const#675 1.2s
killed   interp.py:1402:const#676 1.1s
killed   interp.py:1424:const#677 1.1s
killed   interp.py:1438:not#678 1.2s
killed   interp.py:1442:const#679 1.1s
killed   interp.py:1442:const#680 1.2s
killed   interp.py:1455:arith#681 1.2s
killed   interp.py:1469:arith#682 1.2s
killed   interp.py:1493:arith#683 1.3s
killed   interp.py:1511:arith#684 1.2s
killed   interp.py:1527:const#685 1.2s
killed   interp.py:1529:const#686 1.3s
killed   interp.py:1539:bool#687 1.2s
killed   interp.py:1540:bool#688 1.3s
killed   interp.py:1552:const#689 1.2s
killed   interp.py:1563:const#690 1.2s
killed   interp.py:1565:arith#691 1.2s
killed   interp.py:1568:arith#692 1.3s
killed   interp.py:1583:const#693 1.3s
killed   interp.py:1592:arith#694 1.3s
killed   interp.py:1606:cmp#695 1.2s
killed   interp.py:1610:cmp#696 1.3s
killed   interp.py:1613:const#697 1.2s
killed   interp.py:1644:const#698 1.2s
killed   interp.py:1646:arith#699 1.2s
killed   interp.py:1677:arith#700 1.3s
killed   interp.py:1695:arith#701 1.2s
killed   interp.py:1699:arith#702 1.3s
killed   interp.py:1714:arith#703 1.2s
killed   interp.py:1718:arith#704 1.2s
killed   interp.py:1732:arith#705 1.2s
killed   interp.py:1755:const#706 1.2s
killed   interp.py:1757:const#707 1.2s
killed   interp.py:1766:arith#708 1.2s
killed   interp.py:1779:arith#709 1.2s
killed   interp.py:1785:arith#710 1.2s
killed   interp.py:1792:const#711 1.2s
killed   interp.py:1819:arith#712 1.2s
killed   interp.py:1827:arith#713 1.2s
killed   interp.py:1833:const#714 1.2s
killed   interp.py:1855:arith#715 1.4s
killed   interp.py:1861:const#716 1.4s
killed   interp.py:1864:cmp#717 1.4s
killed   interp.py:308:const#718 1.5s
killed   interp.py:309:const#719 1.5s
killed   interp.py:346:cmp#720 1.5s
killed   interp.py:350:ifneg#721 1.5s
killed   interp.py:398:cmp#722 1.4s
killed   interp.py:398:cmp#723 1.4s
killed   interp.py:404:const#724 1.4s
killed   interp.py:415:cmp#725 1.4s
killed   interp.py:425:ifneg#726 1.4s
killed   interp.py:429:ifneg#727 1.4s
killed   interp.py:432:ifneg#728 1.4s
killed   interp.py:440:cmp#729 1.4s
killed   interp.py:446:ifneg#730 1.4s
killed   interp.py:448:ifneg#731 1.4s
killed   interp.py:470:bool#732 1.3s
killed   interp.py:473:cmp#733 1.4s
killed   interp.py:475:ifneg#734 1.4s
killed   interp.py:558:const#735 1.3s
killed   interp.py:576:const#736 1.3s
killed   interp.py:600:const#737 1.3s
killed   interp.py:618:cmp#738 1.3s
killed   interp.py:682:bool#739 1.3s
killed   interp.py:701:cmp#740 1.5s
killed   interp.py:704:arith#741 1.4s
killed   interp.py:724:cmp#742 1.4s
killed   interp.py:724:cmp#743 1.7s
killed   interp.py:725:not#744 1.6s
killed   interp.py:739:cmp#745 1.6s
killed   interp.py:808:bool#746 1.7s
killed   interp.py:813:const#747 1.6s
killed   interp.py:821:cmp#748 1.3s
killed   interp.py:823:ifneg#749 1.4s
killed   interp.py:898:cmp#750 1.2s
killed   interp.py:907:arith#751 1.2s
killed   interp.py:928:const#752 1.2s
killed   interp.py:931:arith#753 1.2s
killed   interp.py:938:const#754 1.2s
killed   interp.py:940:const#755 1.2s
killed   interp.py:1055:cmp#756 1.2s
killed   interp.py:1085:cmp#757 1.2s
killed   interp.py:1085:bool#758 1.2s
killed   interp.py:1128:arith#759 1.2s
killed   interp.py:1172:arith#760 1.2s
killed   interp.py:1182:arith#761 1.2s
killed   interp.py:1186:arith#762 1.2s
killed   interp.py:1207:cmp#763 1.2s
killed   interp.py:1212:cmp#764 1.2s
killed   interp.py:1216:ifneg#765 1.2s
killed   interp.py:1221:bool#766 1.2s
killed   interp.py:1227:bool#767 1.2s
killed   interp.py:1228:cmp#768 1.2s
killed   interp.py:1234:bool#769 1.2s
killed   interp.py:1240:const#770 1.2s
killed   interp.py:1241:const#771 1.2s
killed   interp.py:1242:cmp#772 1.2s
killed   interp.py:1316:const#773 1.2s
killed   interp.py:1318:cmp#774 1.2s
killed   interp.py:1320:bool#775 1.2s
killed   interp.py:1321:ifneg#776 1.2s
killed   interp.py:1325:ifneg#777 1.2s
killed   interp.py:1439:arith#778 1.2s
killed   interp.py:1479:arith#779 1.2s
killed   interp.py:1519:const#780 1.2s
killed   interp.py:1537:arith#781 1.2s
killed   interp.py:1540:cmp#782 1.2s
killed   interp.py:1540:cmp#783 1.3s
killed   interp.py:1541:arith#784 1.3s
killed   interp.py:1578:const#785 1.2s
killed   interp.py:1586:const#786 1.2s
killed   interp.py:1610:const#787 1.2s
killed   interp.py:1632:arith#788 1.2s
killed   interp.py:1649:const#789 1.2s
killed   interp.py:1741:arith#790 1.3s
killed   interp.py:1761:arith#791 1.3s
killed   interp.py:1832:const#792 1.3s
killed   interp.py:1860:const#793 1.3s
killed   interp.py:308:const#794 1.3s
killed   interp.py:350:bool#795 1.3s
killed   interp.py:352:ifneg#796 1.3s
killed   interp.py:398:const#797 1.3s
killed   interp.py:422:const#798 1.2s
killed   interp.py:429:bool#799 1.3s
killed   interp.py:432:cmp#800 1.2s
killed   interp.py:434:ifneg#801 1.2s
killed   interp.py:446:cmp#802 1.2s
killed   interp.py:452:ifneg#803 1.1s
killed   interp.py:470:cmp#804 1.1s
killed   interp.py:470:not#805 1.2s
killed   interp.py:475:cmp#806 1.1s
killed   interp.py:601:const#807 1.2s
killed   interp.py:621:const#808 1.2s
killed   interp.py:813:const#809 1.2s
killed   interp.py:823:cmp#810 1.2s
killed   interp.py:828:ifneg#811 1.2s
killed   interp.py:911:arith#812 1.2s
killed   interp.py:1085:const#813 1.3s
killed   interp.py:1085:cmp#814 1.3s
killed   interp.py:1085:cmp#815 1.3s
killed   interp.py:1102:arith#816 1.3s
killed   interp.py:1216:bool#817 1.3s
killed   interp.py:1221:not#818 1.4s
killed   interp.py:1234:cmp#819 1.4s
killed   interp.py:1234:cmp#820 1.4s
killed   interp.py:1319:const#821 1.4s
killed   interp.py:1321:cmp#822 1.3s
killed   interp.py:1325:bool#823 1.6s
killed   interp.py:1326:ifneg#824 1.6s
killed   interp.py:1416:const#825 1.9s
killed   interp.py:1426:const#826 1.7s
killed   interp.py:1428:const#827 1.7s
killed   interp.py:1430:const#828 1.7s
killed   interp.py:1442:const#829 1.7s
killed   interp.py:1443:const#830 2.0s
killed   interp.py:1443:const#831 1.7s
killed   interp.py:1520:const#832 1.8s
killed   interp.py:1539:const#833 1.6s
killed   interp.py:1539:const#834 1.6s
killed   interp.py:1543:const#835 1.5s
killed   interp.py:1545:const#836 1.5s
killed   interp.py:1554:const#837 1.5s
killed   interp.py:1556:const#838 1.4s
killed   interp.py:1571:const#839 1.3s
killed   interp.py:1579:const#840 1.3s
killed   interp.py:1612:const#841 1.2s
killed   interp.py:1805:const#842 1.2s
killed   interp.py:1806:const#843 1.2s
killed   interp.py:1817:const#844 1.2s
killed   interp.py:1817:const#845 1.2s
killed   interp.py:1848:const#846 1.2s
killed   interp.py:1848:const#847 1.2s
killed   interp.py:1865:arith#848 1.2s
killed   interp.py:350:cmp#849 1.1s
killed   interp.py:350:cmp#850 1.2s
killed   interp.py:352:bool#851 1.2s
killed   interp.py:399:const#852 1.2s
killed   interp.py:418:bool#853 1.4s
killed   interp.py:419:const#854 1.5s
killed   interp.py:429:cmp#855 1.5s
killed   interp.py:429:not#856 1.7s
killed   interp.py:434:cmp#857 1.6s
killed   interp.py:449:const#858 1.7s
killed   interp.py:452:cmp#859 1.6s
killed   interp.py:455:ifneg#860 1.8s
killed   interp.py:682:const#861 1.8s
killed   interp.py:828:cmp#862 1.7s
killed   interp.py:941:const#863 1.9s
killed   interp.py:941:const#864 1.9s
killed   interp.py:1086:cmp#865 1.8s
killed   interp.py:1216:cmp#866 1.7s
killed   interp.py:1216:cmp#867 1.7s
killed   interp.py:1230:arith#868 1.5s
killed   interp.py:1236:arith#869 1.5s
killed   interp.py:1322:const#870 1.3s
killed   interp.py:1326:cmp#871 1.2s
killed   interp.py:1331:const#872 1.3s
killed   interp.py:1566:const#873 1.2s
killed   interp.py:1569:const#874 1.2s
killed   interp.py:1647:const#875 1.2s
killed   interp.py:1759:const#876 1.2s
killed   interp.py:352:cmp#877 1.2s
killed   interp.py:352:cmp#878 1.5s
killed   interp.py:391:const#879 1.5s
killed   interp.py:455:cmp#880 1.6s
killed   interp.py:1327:const#881 1.8s
killed   interp.py:1538:const#882 1.7s
killed   interp.py:1542:const#883 2.0s
killed   interp.py:1574:const#884 1.8s
killed   interp.py:1216:const#885 1.9s
killed   interp.py:1216:const#886 1.7s
killed   interp.py:1217:const#887 1.8s
killed   interp.py:1216:const#888 1.5s
killed   interp.py:1216:const#889 1.4s
killed   interp.py:1217:const#890 1.3s
mutation: 891 mutants, 849 killed, 42 survived, score 95.3% (2248s)
  arith  killed  80  survived   5
  bool   killed  60  survived   2
  cmp    killed 183  survived  11
  const  killed 181  survived  11
  ifneg  killed 284  survived  12
  not    killed  61  survived   1
  SURVIVED interp.py:236:bool#57            line  236  Or -> And
  SURVIVED interp.py:276:const#68           line  276  50000 -> 50001
  SURVIVED interp.py:307:ifneg#69           line  307  negate if-condition
  SURVIVED interp.py:359:ifneg#70           line  359  negate if-condition
  SURVIVED interp.py:361:ifneg#71           line  361  negate if-condition
  SURVIVED interp.py:365:ifneg#72           line  365  negate if-condition
  SURVIVED interp.py:493:ifneg#74           line  493  negate if-condition
  SURVIVED interp.py:526:ifneg#79           line  526  negate if-condition
  SURVIVED interp.py:560:ifneg#84           line  560  negate if-condition
  SURVIVED interp.py:652:const#88           line  652  100 -> 101
  SURVIVED interp.py:1145:ifneg#125         line 1145  negate if-condition
  SURVIVED interp.py:144:arith#196          line  144  Mod -> Mult
  SURVIVED interp.py:287:const#216          line  287  0 -> 1
  SURVIVED interp.py:359:cmp#221            line  359  Is -> IsNot
  SURVIVED interp.py:365:cmp#222            line  365  In -> NotIn
  SURVIVED interp.py:493:cmp#225            line  493  Is -> IsNot
  SURVIVED interp.py:506:const#230          line  506  1 -> 2
  SURVIVED interp.py:508:cmp#232            line  508  Gt -> GtE
  SURVIVED interp.py:526:cmp#233            line  526  Is -> IsNot
  SURVIVED interp.py:534:const#235          line  534  1 -> 2
  SURVIVED interp.py:560:cmp#238            line  560  Is -> IsNot
  SURVIVED interp.py:603:ifneg#246          line  603  negate if-condition
  SURVIVED interp.py:758:ifneg#268          line  758  negate if-condition
  SURVIVED interp.py:1145:cmp#311           line 1145  Is -> IsNot
  SURVIVED interp.py:1155:ifneg#312         line 1155  negate if-condition
  SURVIVED interp.py:1342:const#327         line 1342  True -> False
  SURVIVED interp.py:211:arith#409          line  211  Mod -> Mult
  SURVIVED interp.py:362:const#416          line  362  1 -> 2
  SURVIVED interp.py:517:const#424          line  517  1 -> 2
  SURVIVED interp.py:563:const#427          line  563  1 -> 2
  SURVIVED interp.py:573:ifneg#431          line  573  negate if-condition
  SURVIVED interp.py:603:cmp#435            line  603  Is -> IsNot
  SURVIVED interp.py:683:cmp#444            line  683  Gt -> GtE
  SURVIVED interp.py:758:not#455            line  758  drop 'not'
  SURVIVED interp.py:872:arith#471          line  872  Mod -> Mult
  SURVIVED interp.py:960:arith#485          line  960  Mod -> Mult
  SURVIVED interp.py:1140:arith#501         line 1140  Mod -> Mult
  SURVIVED interp.py:1148:const#502         line 1148  1 -> 2
  SURVIVED interp.py:1155:cmp#503           line 1155  Is -> IsNot
  SURVIVED interp.py:1190:cmp#509           line 1190  Gt -> GtE
  SURVIVED interp.py:1314:bool#518          line 1314  And -> Or
  SURVIVED interp.py:1334:const#521         line 1334  True -> False
DONE wall=2250s
