  seed 300 (0.1s elapsed)
60 new row(s) in 12.5s -> state/swe/round-389/armA-500.jsonl
rows 360  usable 324  parse_errors 30  errors 6

site      oracle             polarity     fire%   cost%  distance (demand vs threshold)
R-CAP     render             suppress     38.6%   53.5%  max 16 of 6 = 267%  (at_boundary 164, one_away 43)
F-SLACK   frames             tolerate      0.0%       -  max 98 of 140 = 70%  (at_boundary 0, one_away 0)
T-SPACE   tail_transparency  suppress     12.7%  100.0%  max 500+ of 500 = 100%  (at_boundary 41, one_away 0)  [41 CENSORED: demand is a floor]
T-TAINT   tail_transparency  suppress     92.3%   37.0%  predicate: no threshold to be far from
T-NONE    tail_transparency  suppress     36.1%    0.0%  no-op branch: nothing suppressed
T-ALL     tail_transparency  suppress      2.5%  100.0%  predicate: no threshold to be far from
P-EXEMPT  param_erasure      suppress      4.6%  100.0%  max 4 of 2 = 200%  (at_boundary 15, one_away 19)
P-NONE    param_erasure      suppress     58.3%    0.0%  no-op branch: nothing suppressed

render diverge-symmetry pairs: 3290 checked of 6408 (51.3%), 3118 skipped by the RENDER_PAIR_CAP cap

oracle             kinds                                    median_s    max_s
totality           {"ok": 324, "parse_error": 30}             0.0016   1.1390
fast_slow          {"ok": 324, "parse_error": 30}             0.0030   2.7711
direct             {"ok": 324, "parse_error": 30}             0.0032   2.7942
determinism        {"ok": 323, "parse_error": 30, "timeout": 1}   0.0038   3.1392
render             {"ok": 324, "parse_error": 30}             0.0017   2.2156
frames             {"ok": 322, "parse_error": 30, "timeout": 2}   0.0032   3.0105
tail_transparency  {"ok": 324, "parse_error": 30}             0.0026   1.4982
param_erasure      {"ok": 324, "parse_error": 30}             0.0020   0.8927
DONE_A2
