=== scoreaudit  09:48:47 ===
unit scoreaudit: subject harness/swe/scoreaudit.py  tests harness/tests/test_swe_scoreaudit.py
  mutants 75 (77 generated, 2 in a __main__ guard, whole)  killed 61  survived 14  errored 0
  mutation score 81.3%   attribution coverage 100.0%   (309s)
  nodes 18 passed at baseline, 0 skipped
  VERDICT all_falsifiable: 0/18 node(s) never went red
  killer     harness.tests.test_swe_scoreaudit::test_main_exit_code_is_nonzero_exactly_when_a_kill_lacks_evidence 34
  killer     harness.tests.test_swe_scoreaudit::test_round_137_is_the_only_archived_campaign_with_unevidenced_kills 30
  killer     harness.tests.test_swe_scoreaudit::test_an_unevidenced_report_becomes_an_interval_not_a_number 27
  killer     harness.tests.test_swe_scoreaudit::test_a_fully_evidenced_report_is_confirmed_and_its_score_stands 25
  killer     harness.tests.test_swe_scoreaudit::test_the_dominant_killer_is_reported_as_a_share 25
wrote state/swe/round-473/scoreaudit.json
311.46 s wall  (scoreaudit)
rc=0
=== tierbudget  09:53:59 ===
unit tierbudget: subject harness/tierbudget.py  tests harness/tests/test_tierbudget.py
  mutants 93 (95 generated, 2 in a __main__ guard, whole)  killed 45  survived 48  errored 0
  mutation score 48.4%   attribution coverage 100.0%   (687s)
  nodes 21 passed at baseline, 0 skipped
  VERDICT never_red: 3/21 node(s) never went red
  NEVER-RED  harness.tests.test_tierbudget::test_every_promoted_entry_records_how_and_when_it_was_measured
  NEVER-RED  harness.tests.test_tierbudget::test_the_registry_only_promotes_files_the_filename_rule_would_have_slowed
  NEVER-RED  harness.tests.test_tierbudget::test_the_tier_budget_line_is_printed_above_pytests_count_line
  killer     harness.tests.test_tierbudget::test_the_drift_branch_names_the_file_and_the_remedy 16
  killer     harness.tests.test_tierbudget::test_the_verify_line_is_not_pytest_shaped 13
  killer     harness.tests.test_tierbudget::test_measure_classifies_the_four_outcomes 9
  killer     harness.tests.test_tierbudget::test_the_drift_floor_stops_a_sub_second_file_alarming_on_noise 7
  killer     harness.tests.test_tierbudget::test_a_promoted_file_that_did_not_run_is_not_evidence 6
wrote state/swe/round-473/tierbudget.json
Command exited with non-zero status 1
703.62 s wall  (tierbudget)
rc=1
=== whenceslow  10:05:43 ===
unit whenceslow: subject harness/whenceslow.py  tests harness/tests/test_whenceslow.py
  mutants 313 (315 generated, 2 in a __main__ guard, whole)  killed 178  survived 135  errored 0
  mutation score 56.9%   attribution coverage 100.0%   (2039s)
  nodes 64 passed at baseline, 0 skipped
  VERDICT never_red: 1/64 node(s) never went red
  NEVER-RED  harness.tests.test_whenceslow::test_plan_default_is_smaller_than_slowtiers
  killer     harness.tests.test_whenceslow::test_an_edit_to_an_IMPORTED_test_file_stales_the_importer 69
  killer     harness.tests.test_whenceslow::test_status_reports_its_own_recall 64
  killer     harness.tests.test_whenceslow::test_rule3_a_dep_edit_stales_the_unit_and_names_the_file 62
  killer     harness.tests.test_whenceslow::test_a_registry_error_unit_can_never_be_conclusive 61
  killer     harness.tests.test_whenceslow::test_a_fresh_failure_is_counted_as_failing 60
wrote state/swe/round-473/whenceslow.json
Command exited with non-zero status 1
2041.75 s wall  (whenceslow)
rc=1
=== redattrib  10:39:44 ===
unit redattrib: subject harness/redattrib.py  tests harness/tests/test_redattrib.py
  mutants 200 (443 generated, 2 in a __main__ guard, sample 200)  killed 105  survived 95  errored 0
  mutation score 52.5%   attribution coverage 100.0%   (986s)
  nodes 60 passed at baseline, 0 skipped
  VERDICT never_red: 1/60 node(s) never went red
  NEVER-RED  harness.tests.test_redattrib.TestCorpusGrammar::test_the_aggregate_line_is_not_a_checker_row
  killer     harness.tests.test_redattrib.TestThisTree::test_the_scope_test_cli_runs_on_this_tree 48
  killer     harness.tests.test_redattrib.TestThisTree::test_the_naive_p_is_the_most_extreme_of_the_five_readings 44
  killer     harness.tests.test_redattrib.TestThisTree::test_the_shift_null_over_this_tree_has_six_members_and_a_floor 36
  killer     harness.tests.test_redattrib.TestThisTree::test_the_cli_audit_exits_zero_on_this_tree 32
  killer     harness.tests.test_redattrib.TestThisTree::test_the_registry_is_fail_closed_over_the_live_logs 30
wrote state/swe/round-473/redattrib.json
Command exited with non-zero status 1
990.62 s wall  (redattrib)
rc=1
=== done 10:56:15 ===
