whence-slow slice: 27 unit(s), budget 4000s
  test_fuzz_regressions.py                   passed       0.9s
  test_v11.py                                passed       1.8s
  test_examples.py                           passed      20.1s
  test_v26.py                                passed      49.1s
  test_v03.py                                passed       3.1s
  test_v32.py                                passed      30.0s
  test_v04.py                                passed       1.1s
  test_v09.py                                passed      50.1s
  test_v42.py                                passed       0.9s
  test_v30.py                                passed       4.6s
  test_v44.py                                passed       3.9s
  test_depthcensus.py                        passed     472.2s
  test_v20.py                                passed       5.7s
  test_v23.py                                passed      15.2s
  test_v43.py                                passed      29.7s
  test_parser_differential.py                passed      23.4s
  test_v29.py                                passed     291.1s
  test_lexer_guest_parity.py                 passed      72.9s
  test_v27.py                                passed      23.7s
  test_v22.py                                passed       0.9s
  test_checkpin.py                           passed      52.5s
  test_miss_message_differential.py          passed     106.9s
  test_v10.py                                passed      46.2s
  test_v13.py                                passed       4.9s
  test_self_eval.py                          passed      11.8s
  test_self_hosting.py                       passed      96.0s
  test_polarity.py                           passed      30.4s
