........................................................................ [  3%]
........................................................................ [  7%]
........................................................................ [ 10%]
........................................................................ [ 14%]
........................................................................ [ 18%]
........................................................................ [ 21%]
......................................................................ss [ 25%]
s....................................................................... [ 29%]
........................................................................ [ 32%]
........................................................................ [ 36%]
........................................................................ [ 40%]
........................................................................ [ 43%]
........................................................................ [ 47%]
........................................................................ [ 51%]
........................................................................ [ 54%]
........................................................................ [ 58%]
........................................................................ [ 62%]
........................................................................ [ 65%]
........................................................................ [ 69%]
........................................................................ [ 73%]
........................................................................ [ 76%]
........................................................................ [ 80%]
........................................................................ [ 84%]
........................................................................ [ 87%]
........................................................................ [ 91%]
........................................................................ [ 95%]
......................................................................F. [ 98%]
........................                                                 [100%]
=================================== FAILURES ===================================
_______________ test_the_host_is_byte_unchanged_by_this_decision _______________

    def test_the_host_is_byte_unchanged_by_this_decision():
        """v0.36 and v0.37 are both guest-only. The claim is cheap to make and
        cheap to check, and it is the difference between "the guest caught up"
        and "the two were quietly moved together until they matched"."""
        p = subprocess.run(["git", "diff", "--name-only", "HEAD", "--",
                            "whence/"], cwd=ROOT, capture_output=True, text=True)
        if p.returncode != 0:
            pytest.skip("not a git checkout")
>       assert p.stdout.strip() == "", p.stdout
E       AssertionError: languages/whence/whence/parser.py
E         
E       assert 'languages/wh...nce/parser.py' == ''
E         
E         + languages/whence/whence/parser.py

tests/test_v37.py:208: AssertionError
=========================== short test summary info ============================
FAILED tests/test_v37.py::test_the_host_is_byte_unchanged_by_this_decision - ...
1 failed, 1964 passed, 3 skipped in 1009.49s (0:16:49)
PYTEST_EXIT=1
