harvest: 559 programs from 62 files, 918 calls
residual: 166 (94 unresolved names + 72 non-constant nodes)
excluded: 45 module calls + 22 statement-node args (not residual -- not source positions)
folded:   30 multi-valued nodes, 0 capped at MAX_FOLD=32
     0 test_contract_message_differential.py:343
     1 test_contract_message_differential.py:492
     2 test_contract_message_differential.py:492
     3 test_contract_message_differential.py:492
     4 test_contract_message_differential.py:492
     5 test_contract_message_differential.py:492
     6 test_contract_message_differential.py:492
     7 test_contract_message_differential.py:492
     8 test_contract_message_differential.py:492
     9 test_contract_message_differential.py:513
    10 test_contract_message_differential.py:510
    11 test_critical_mission_claims.py:93
    12 test_critical_mission_claims.py:99
    13 test_critical_mission_claims.py:108
    14 test_fuzz_regressions.py:56
    15 test_fuzz_regressions.py:55
    16 test_fuzz_regressions.py:54
    17 test_fuzz_regressions.py:61
    18 test_fuzz_regressions.py:60
    19 test_fuzz_regressions.py:66
    20 test_fuzz_regressions.py:65
    21 test_fuzz_regressions.py:71
    22 test_fuzz_regressions.py:85
    23 test_fuzz_regressions.py:95
    24 test_fuzz_regressions.py:103
    25 test_fuzz_regressions.py:102
    26 test_fuzz_regressions.py:101
    27 test_fuzz_regressions.py:100
    28 test_fuzz_regressions.py:99
    29 test_fuzz_regressions.py:124
    30 test_fuzz_regressions.py:123
    31 test_fuzz_regressions.py:129
    32 test_fuzz_regressions.py:128
    33 test_fuzz_regressions.py:197
    34 test_fuzz_regressions.py:211
    35 test_fuzz_regressions.py:211
    36 test_fuzz_regressions.py:204
    37 test_fuzz_regressions.py:233
    38 test_generated_killers.py:47
    39 test_generated_killers.py:53
    40 test_generated_killers.py:71
    41 test_generated_killers.py:77
    42 test_generated_killers.py:83
    43 test_generated_killers.py:89
    44 test_generated_killers.py:95
    45 test_generated_killers.py:101
    46 test_generated_killers.py:107
    47 test_generated_killers.py:113
    48 test_generated_killers.py:119
    49 test_generated_killers.py:125
    50 test_generated_killers.py:131
    51 test_generated_killers.py:143
    52 test_generated_killers.py:149
    53 test_generated_killers.py:155
    54 test_generated_killers.py:167
    55 test_generated_killers.py:173
    56 test_generated_killers.py:179
    57 test_generated_killers.py:185
    58 test_generated_killers.py:191
    59 test_generated_killers.py:203
    60 test_generated_killers.py:209
    61 test_generated_killers.py:221
    62 test_generated_killers.py:227
    63 test_generated_killers.py:233
    64 test_generated_killers.py:239
    65 test_generated_killers.py:245
    66 test_generated_killers.py:251
    67 test_generated_killers.py:257
    68 test_generated_killers.py:275
    69 test_generated_killers.py:305
    70 test_generated_killers.py:311
    71 test_generated_killers.py:317
    72 test_generated_killers.py:323
    73 test_generated_killers.py:335
    74 test_generated_killers.py:341
    75 test_generated_killers.py:353
    76 test_generated_killers.py:365
    77 test_generated_killers.py:371
    78 test_generated_killers.py:383
    79 test_generated_killers.py:407
    80 test_generated_killers.py:419
    81 test_generated_killers.py:425
    82 test_generated_killers_r29.py:47
    83 test_generated_killers_r29.py:53
    84 test_generated_killers_r29.py:65
    85 test_generated_killers_r29.py:71
    86 test_generated_killers_r29.py:77
    87 test_history.py:75
    88 test_history.py:97
    89 test_history.py:105
    90 test_history.py:110
    91 test_history.py:118
    92 test_history.py:128
    93 test_history.py:127
    94 test_history.py:133
    95 test_history.py:132
    96 test_history.py:142
    97 test_history.py:151
    98 test_history.py:159
    99 test_history.py:157
   100 test_history.py:169
   101 test_history.py:169
   102 test_history.py:164
   103 test_history.py:184
   104 test_history.py:193
   105 test_history.py:199
   106 test_history.py:205
   107 test_history.py:209
   108 test_interp.py:28
   109 test_interp.py:27
   110 test_interp.py:26
   111 test_interp.py:25
   112 test_interp.py:33
   113 test_interp.py:32
   114 test_interp.py:38
   115 test_interp.py:45
   116 test_interp.py:43
   117 test_interp.py:49
   118 test_interp.py:54
   119 test_interp.py:59
   120 test_interp.py:67
   121 test_interp.py:66
   122 test_interp.py:72
   123 test_interp.py:81
   124 test_interp.py:80
   125 test_interp.py:79
   126 test_interp.py:78
   127 test_interp.py:87
   128 test_interp.py:86
   129 test_interp.py:93
   130 test_interp.py:100
   131 test_interp.py:99
   132 test_interp.py:98
   133 test_interp.py:97
   134 test_interp.py:104
   135 test_interp.py:109
   136 test_interp.py:121
   137 test_interp.py:129
   138 test_interp.py:133
   139 test_interp.py:138
   140 test_interp.py:143
   141 test_interp.py:149
   142 test_interp.py:148
   143 test_interp.py:161
   144 test_interp.py:160
   145 test_interp.py:159
   146 test_interp.py:157
   147 test_interp.py:156
   148 test_interp.py:168
   149 test_interp.py:166
   150 test_interp.py:165
   151 test_interp.py:172
   152 test_interp.py:182
   153 test_interp.py:180
   154 test_interp.py:188
   155 test_interp.py:187
   156 test_interp.py:186
   157 test_interp.py:193
   158 test_interp.py:208
   159 test_interp.py:206
   160 test_interp.py:205
   161 test_interp.py:204
   162 test_interp.py:215
   163 test_interp.py:212
   164 test_interp.py:220
   165 test_interp.py:227
   166 test_interp.py:225
   167 test_interp.py:231
   168 test_interp.py:236
   169 test_interp.py:247
   170 test_interp.py:246
   171 test_interp.py:245
   172 test_interp.py:244
   173 test_interp.py:253
   174 test_interp.py:252
   175 test_interp.py:251
   176 test_interp.py:271
   177 test_interp.py:271
   178 test_interp.py:271
   179 test_interp.py:275
   180 test_interp.py:281
   181 test_interp.py:290
   182 test_interp.py:289
   183 test_interp.py:299
   184 test_interp.py:298
   185 test_interp.py:297
   186 test_interp.py:296
   187 test_interp.py:295
   188 test_interp.py:294
   189 test_interp.py:306
   190 test_interp.py:305
   191 test_interp.py:304
   192 test_interp.py:327
   193 test_interp.py:326
   194 test_interp.py:322
   195 test_interp.py:321
   196 test_interp.py:320
   197 test_interp.py:319
   198 test_interp.py:318
   199 test_interp.py:344
   200 test_interp.py:342
   201 test_interp.py:353
   202 test_interp.py:352
   203 test_interp.py:351
   204 test_interp.py:350
   205 test_interp.py:349
   206 test_interp.py:359
   207 test_interp.py:358
   208 test_interp.py:357
   209 test_interp.py:365
   210 test_interp.py:363
   211 test_interp.py:373
   212 test_interp.py:371
   213 test_interp.py:378
   214 test_interp.py:384
   215 test_interp.py:392
   216 test_interp.py:400
   217 test_interp.py:408
   218 test_interp.py:415
   219 test_interp.py:421
   220 test_lexer.py:126
   221 test_polarity.py:1743
   222 test_polarity.py:1758
   223 test_polarity.py:1948
   224 test_polarity.py:1961
   225 test_self_eval.py:292
   226 test_self_eval.py:292
   227 test_self_eval.py:403
   228 test_self_eval.py:403
   229 test_self_eval.py:438
   230 test_self_eval.py:438
   231 test_self_eval.py:438
   232 test_self_eval.py:476
   233 test_self_eval.py:496
   234 test_self_eval.py:527
   235 test_self_eval.py:527
   236 test_self_eval.py:527
   237 test_self_eval.py:527
   238 test_self_eval.py:549
   239 test_self_eval.py:549
   240 test_self_eval.py:572
   241 test_self_eval.py:649
   242 test_self_eval.py:664
   243 test_self_eval.py:1046
   244 test_spec_builtins.py:157
   245 test_spec_builtins.py:154
   246 test_spec_builtins.py:152
   247 test_spec_builtins.py:168
   248 test_spec_builtins.py:179
   249 test_testcorpus_census.py:41
   250 test_trampoline.py:26
   251 test_trampoline.py:34
   252 test_trampoline.py:39
   253 test_trampoline.py:49
   254 test_trampoline.py:56
   255 test_trampoline.py:61
   256 test_trampoline.py:72
   257 test_trampoline.py:82
   258 test_trampoline.py:88
   259 test_v03.py:73
   260 test_v03.py:84
   261 test_v03.py:103
   262 test_v03.py:112
   263 test_v03.py:120
   264 test_v03.py:125
   265 test_v03.py:136
   266 test_v03.py:143
   267 test_v03.py:161
   268 test_v03.py:159
   269 test_v03.py:167
   270 test_v03.py:177
   271 test_v03.py:186
   272 test_v03.py:196
   273 test_v03.py:203
   274 test_v03.py:211
   275 test_v03.py:218
   276 test_v03.py:259
   277 test_v03.py:283
   278 test_v03.py:295
   279 test_v03.py:293
   280 test_v03.py:301
   281 test_v03.py:312
   282 test_v03.py:318
   283 test_v04.py:31
   284 test_v04.py:47
   285 test_v04.py:55
   286 test_v04.py:61
   287 test_v04.py:72
   288 test_v04.py:68
   289 test_v04.py:79
   290 test_v04.py:98
   291 test_v04.py:108
   292 test_v04.py:117
   293 test_v04.py:204
   294 test_v04.py:218
   295 test_v04.py:264
   296 test_v04.py:259
   297 test_v04.py:285
   298 test_v04.py:318
   299 test_v04.py:325
   300 test_v04.py:341
   301 test_v04.py:354
   302 test_v04.py:359
   303 test_v04.py:369
   304 test_v04.py:376
   305 test_v04.py:374
   306 test_v04.py:385
   307 test_v04.py:301
   308 test_v05.py:36
   309 test_v05.py:44
   310 test_v05.py:50
   311 test_v05.py:56
   312 test_v05.py:62
   313 test_v05.py:68
   314 test_v05.py:74
   315 test_v05.py:80
   316 test_v05.py:88
   317 test_v05.py:95
   318 test_v05.py:100
   319 test_v05.py:107
   320 test_v05.py:116
   321 test_v05.py:122
   322 test_v05.py:128
   323 test_v05.py:134
   324 test_v05.py:140
   325 test_v05.py:149
   326 test_v05.py:155
   327 test_v05.py:162
   328 test_v05.py:168
   329 test_v05.py:173
   330 test_v05.py:181
   331 test_v05.py:188
   332 test_v05.py:194
   333 test_v05.py:201
   334 test_v05.py:208
   335 test_v05.py:228
   336 test_v05.py:228
   337 test_v05.py:228
   338 test_v05.py:228
   339 test_v06.py:40
   340 test_v06.py:46
   341 test_v06.py:51
   342 test_v06.py:59
   343 test_v06.py:57
   344 test_v06.py:66
   345 test_v06.py:64
   346 test_v06.py:71
   347 test_v06.py:79
   348 test_v06.py:87
   349 test_v06.py:101
   350 test_v06.py:107
   351 test_v06.py:107
   352 test_v06.py:107
   353 test_v06.py:130
   354 test_v06.py:138
   355 test_v06.py:144
   356 test_v06.py:149
   357 test_v06.py:156
   358 test_v06.py:167
   359 test_v06.py:191
   360 test_v06.py:208
   361 test_v06.py:217
   362 test_v06.py:238
   363 test_v06.py:246
   364 test_v06.py:252
   365 test_v06.py:251
   366 test_v06.py:258
   367 test_v06.py:256
   368 test_v06.py:263
   369 test_v06.py:268
   370 test_v06.py:277
   371 test_v06.py:283
   372 test_v06.py:289
   373 test_v07.py:51
   374 test_v07.py:57
   375 test_v07.py:67
   376 test_v07.py:81
   377 test_v07.py:92
   378 test_v07.py:97
   379 test_v07.py:138
   380 test_v07.py:147
   381 test_v07.py:159
   382 test_v07.py:171
   383 test_v07.py:183
   384 test_v07.py:192
   385 test_v07.py:210
   386 test_v07.py:215
   387 test_v07.py:224
   388 test_v07.py:241
   389 test_v07.py:251
   390 test_v08.py:61
   391 test_v08.py:67
   392 test_v08.py:83
   393 test_v08.py:98
   394 test_v08.py:113
   395 test_v08.py:127
   396 test_v08.py:141
   397 test_v08.py:160
   398 test_v08.py:174
   399 test_v08.py:190
   400 test_v08.py:200
   401 test_v09.py:87
   402 test_v09.py:166
   403 test_v09.py:216
   404 test_v09.py:233
   405 test_v09.py:263
   406 test_v09.py:296
   407 test_v09.py:336
   408 test_v09.py:335
   409 test_v09.py:358
   410 test_v09.py:372
   411 test_v11.py:61
   412 test_v14.py:1182
   413 test_v14.py:1169
   414 test_v20.py:186
   415 test_v20.py:194
   416 test_v20.py:221
   417 test_v20.py:221
   418 test_v20.py:221
   419 test_v20.py:221
   420 test_v20.py:231
   421 test_v20.py:384
   422 test_v20.py:377
   423 test_v20.py:391
   424 test_v20.py:462
   425 test_v22.py:209
   426 test_v22.py:247
   427 test_v22.py:681
   428 test_v26.py:69
   429 test_v26.py:85
   430 test_v26.py:126
   431 test_v26.py:145
   432 test_v26.py:152
   433 test_v27.py:215
   434 test_v27.py:223
   435 test_v27.py:229
   436 test_v27.py:239
   437 test_v27.py:248
   438 test_v27.py:256
   439 test_v27.py:261
   440 test_v27.py:394
   441 test_v27.py:402
   442 test_v27.py:408
   443 test_v27.py:444
   444 test_v27.py:444
   445 test_v27.py:506
   446 test_v27.py:504
   447 test_v27.py:502
   448 test_v27.py:515
   449 test_v29.py:412
   450 test_v29.py:412
   451 test_v29.py:412
   452 test_v29.py:412
   453 test_v29.py:412
   454 test_v29.py:412
   455 test_v29.py:412
   456 test_v29.py:412
   457 test_v29.py:412
   458 test_v29.py:412
   459 test_v29.py:412
   460 test_v29.py:412
   461 test_v29.py:412
   462 test_v29.py:412
   463 test_v29.py:412
   464 test_v29.py:412
   465 test_v29.py:412
   466 test_v29.py:412
   467 test_v29.py:412
   468 test_v29.py:412
   469 test_v29.py:412
   470 test_v29.py:412
   471 test_v29.py:412
   472 test_v29.py:412
   473 test_v29.py:412
   474 test_v29.py:412
   475 test_v29.py:461
   476 test_v29.py:459
   477 test_v30.py:239
   478 test_v30.py:239
   479 test_v30.py:239
   480 test_v30.py:239
   481 test_v30.py:321
   482 test_v30.py:333
   483 test_v30.py:373
   484 test_v31.py:469
   485 test_v31.py:624
   486 test_v31.py:639
   487 test_v31.py:657
   488 test_v31.py:678
   489 test_v32.py:68
   490 test_v32.py:79
   491 test_v32.py:90
   492 test_v32.py:89
   493 test_v32.py:95
   494 test_v32.py:100
   495 test_v32.py:114
   496 test_v32.py:135
   497 test_v32.py:142
   498 test_v32.py:148
   499 test_v32.py:152
   500 test_v32.py:185
   501 test_v32.py:261
   502 test_v32.py:257
   503 test_v32.py:269
   504 test_v33.py:243
   505 test_v33.py:254
   506 test_v33.py:267
   507 test_v33.py:413
   508 test_v33.py:413
   509 test_v33.py:413
   510 test_v33.py:413
   511 test_v33.py:413
   512 test_v33.py:413
   513 test_v41.py:106
   514 test_v41.py:100
   515 test_v41.py:97
   516 test_v42.py:63
   517 test_v42.py:74
   518 test_v42.py:82
   519 test_v42.py:90
   520 test_v42.py:89
   521 test_v42.py:88
   522 test_v42.py:98
   523 test_v42.py:106
   524 test_v42.py:105
   525 test_v42.py:104
   526 test_v42.py:114
   527 test_v42.py:113
   528 test_v42.py:112
   529 test_v42.py:121
   530 test_v42.py:135
   531 test_v42.py:134
   532 test_v42.py:133
   533 test_v42.py:140
   534 test_v42.py:170
   535 test_v42.py:167
   536 test_v42.py:252
   537 test_v42.py:267
   538 test_v42.py:277
   539 test_v43.py:105
   540 test_v43.py:103
   541 test_v43.py:122
   542 test_v43.py:131
   543 test_v43.py:143
   544 test_v43.py:164
   545 test_v43.py:163
   546 test_v43.py:168
   547 test_v43.py:407
   548 test_v43.py:416
   549 test_v43.py:444
   550 test_v43.py:443
   551 test_v43.py:437
   552 test_v43.py:451
   553 test_v43.py:468
   554 test_v44.py:361
   555 test_v44.py:361
   556 test_v44.py:361
   557 test_v44.py:361
   558 test_v44.py:433
