interp.py:1036:bool#726      default    1.3s (killed)  learned    1.3s (killed) first=tests/test_examples.py
interp.py:1049:ifneg#113     default    1.1s (killed)  learned    1.1s (killed) first=tests/test_examples.py
interp.py:1103:cmp#884       default    1.2s (killed)  learned    1.3s (killed) first=tests/test_examples.py
interp.py:1124:cmp#326       default    1.1s (killed)  learned    1.1s (killed) first=tests/test_examples.py
interp.py:1146:cmp#887       default    1.3s (killed)  learned    1.3s (killed) first=tests/test_examples.py
interp.py:1227:ifneg#554     default    1.0s (killed)  learned    1.1s (killed) first=tests/test_examples.py
interp.py:1259:ifneg#563     default   24.0s (killed)  learned    1.5s (killed) first=tests/test_interp.py
interp.py:1398:cmp#348       default    3.7s (killed)  learned    3.7s (killed) first=tests/test_examples.py
interp.py:1512:cmp#587       default    4.0s (killed)  learned    4.0s (killed) first=tests/test_examples.py
interp.py:160:ifneg#43       default    1.3s (killed)  learned    1.3s (killed) first=tests/test_examples.py
interp.py:1616:cmp#595       default   27.8s (killed)  learned   28.7s (killed) first=tests/test_examples.py
interp.py:1679:cmp#978       default   16.1s (killed)  learned   14.5s (killed) first=tests/test_examples.py
interp.py:1679:ifneg#916     default   14.2s (killed)  learned   14.9s (killed) first=tests/test_examples.py
interp.py:1757:cmp#159       default    1.0s (killed)  learned    1.1s (killed) first=tests/test_examples.py
interp.py:1780:ifneg#160     default    4.6s (killed)  learned    4.7s (killed) first=tests/test_examples.py
interp.py:1826:ifneg#167     default    1.3s (killed)  learned    1.3s (killed) first=tests/test_examples.py
interp.py:1912:const#993     default    4.6s (killed)  learned    4.6s (killed) first=tests/test_examples.py
interp.py:1949:not#408       default    1.1s (killed)  learned    1.2s (killed) first=tests/test_examples.py
interp.py:1968:ifneg#619     default   14.8s (killed)  learned   16.1s (killed) first=tests/test_examples.py
interp.py:2053:arith#819     default   35.0s (killed)  learned   24.2s (killed) first=tests/test_examples.py
interp.py:2136:not#436       default    4.7s (killed)  learned    4.6s (killed) first=tests/test_examples.py
interp.py:2190:const#932     default   21.8s (killed)  learned   29.5s (killed) first=tests/test_examples.py
interp.py:225:cmp#458        default    4.3s (killed)  learned    4.1s (killed) first=tests/test_generated_killers.py
interp.py:415:cmp#245        default   38.7s (killed)  learned    9.2s (killed) first=tests/test_self_eval.py
interp.py:470:ifneg#479      default   50.3s (killed)  learned    1.6s (killed) first=tests/test_v09.py
interp.py:636:cmp#682        default    1.4s (killed)  learned    1.5s (killed) first=tests/test_examples.py
interp.py:654:arith#954      default   45.3s (killed)  learned   35.9s (killed) first=tests/test_examples.py
interp.py:902:ifneg#293      default  108.3s (killed)  learned    1.8s (killed) first=tests/test_v04.py
interp.py:905:const#708      default   45.9s (killed)  learned    2.1s (killed) first=tests/test_v04.py
interp.py:970:bool#303       default    1.6s (killed)  learned    1.6s (killed) first=tests/test_examples.py
{"n": 30, "verdict_same": 30, "first_file_killed": 27, "median_ratio": 1.0, "mean_ratio": 0.857, "sum_default_s": 482.8, "sum_learned_s": 220.9}
